[    0.000000] Linux version 6.12.110 (key@K) (gcc (Ubuntu 13.3.0-6ubuntu2~24.04.1) 13.3.0, GNU ld (GNU Binutils for Ubuntu) 2.42) #1 SMP PREEMPT_DYNAMIC Fri Sep 18 02:55:06 CST 2026
[    0.000000] Command line: root=/dev/root rootfstype=9p rootflags=trans=virtio,version=9p2000.L,cache=loose,msize=262144 ro console=ttyS0 panic=5 init=/home/key/spdm-lab/w9/run/init.sh
[    0.000000] BIOS-provided physical RAM map:
[    0.000000] BIOS-e820: [mem 0x0000000000000000-0x000000000009fbff] usable
[    0.000000] BIOS-e820: [mem 0x000000000009fc00-0x000000000009ffff] reserved
[    0.000000] BIOS-e820: [mem 0x00000000000f0000-0x00000000000fffff] reserved
[    0.000000] BIOS-e820: [mem 0x0000000000100000-0x000000007ffdffff] usable
[    0.000000] BIOS-e820: [mem 0x000000007ffe0000-0x000000007fffffff] reserved
[    0.000000] BIOS-e820: [mem 0x00000000feffc000-0x00000000feffffff] reserved
[    0.000000] BIOS-e820: [mem 0x00000000fffc0000-0x00000000ffffffff] reserved
[    0.000000] NX (Execute Disable) protection: active
[    0.000000] APIC: Static calls initialized
[    0.000000] SMBIOS 3.0.0 present.
[    0.000000] DMI: QEMU Ubuntu 24.04 PC v2 (i440FX + PIIX, arch_caps fix, 1996), BIOS 1.16.3-debian-1.16.3-2 04/01/2014
[    0.000000] DMI: Memory slots populated: 1/1
[    0.000000] Hypervisor detected: KVM
[    0.000000] last_pfn = 0x7ffe0 max_arch_pfn = 0x400000000
[    0.000000] kvm-clock: Using msrs 4b564d01 and 4b564d00
[    0.000001] kvm-clock: using sched offset of 238819560 cycles
[    0.000002] clocksource: kvm-clock: mask: 0xffffffffffffffff max_cycles: 0x1cd42e4dffb, max_idle_ns: 881590591483 ns
[    0.000004] tsc: Detected 2419.200 MHz processor
[    0.000277] last_pfn = 0x7ffe0 max_arch_pfn = 0x400000000
[    0.000372] MTRR map: 4 entries (3 fixed + 1 variable; max 19), built from 8 variable MTRRs
[    0.000377] x86/PAT: Configuration [0-7]: WB  WC  UC- UC  WB  WP  UC- WT  
[    0.005620] found SMP MP-table at [mem 0x000f5470-0x000f547f]
[    0.005632] Using GB pages for direct mapping
[    0.005709] ACPI: Early table checksum verification disabled
[    0.005711] ACPI: RSDP 0x00000000000F5280 000014 (v00 BOCHS )
[    0.005742] ACPI: RSDT 0x000000007FFE1C8A 000034 (v01 BOCHS  BXPC     00000001 BXPC 00000001)
[    0.005746] ACPI: FACP 0x000000007FFE1B36 000074 (v01 BOCHS  BXPC     00000001 BXPC 00000001)
[    0.005750] ACPI: DSDT 0x000000007FFE0040 001AF6 (v01 BOCHS  BXPC     00000001 BXPC 00000001)
[    0.005752] ACPI: FACS 0x000000007FFE0000 000040
[    0.005754] ACPI: APIC 0x000000007FFE1BAA 000080 (v03 BOCHS  BXPC     00000001 BXPC 00000001)
[    0.005756] ACPI: HPET 0x000000007FFE1C2A 000038 (v01 BOCHS  BXPC     00000001 BXPC 00000001)
[    0.005758] ACPI: WAET 0x000000007FFE1C62 000028 (v01 BOCHS  BXPC     00000001 BXPC 00000001)
[    0.005760] ACPI: Reserving FACP table memory at [mem 0x7ffe1b36-0x7ffe1ba9]
[    0.005761] ACPI: Reserving DSDT table memory at [mem 0x7ffe0040-0x7ffe1b35]
[    0.005761] ACPI: Reserving FACS table memory at [mem 0x7ffe0000-0x7ffe003f]
[    0.005762] ACPI: Reserving APIC table memory at [mem 0x7ffe1baa-0x7ffe1c29]
[    0.005762] ACPI: Reserving HPET table memory at [mem 0x7ffe1c2a-0x7ffe1c61]
[    0.005763] ACPI: Reserving WAET table memory at [mem 0x7ffe1c62-0x7ffe1c89]
[    0.006417] No NUMA configuration found
[    0.006418] Faking a node at [mem 0x0000000000000000-0x000000007ffdffff]
[    0.006420] NODE_DATA(0) allocated [mem 0x7ffdc940-0x7ffdffff]
[    0.006430] Zone ranges:
[    0.006431]   DMA      [mem 0x0000000000001000-0x0000000000ffffff]
[    0.006432]   DMA32    [mem 0x0000000001000000-0x000000007ffdffff]
[    0.006433]   Normal   empty
[    0.006433] Movable zone start for each node
[    0.006434] Early memory node ranges
[    0.006434]   node   0: [mem 0x0000000000001000-0x000000000009efff]
[    0.006435]   node   0: [mem 0x0000000000100000-0x000000007ffdffff]
[    0.006436] Initmem setup node 0 [mem 0x0000000000001000-0x000000007ffdffff]
[    0.007203] On node 0, zone DMA: 1 pages in unavailable ranges
[    0.007213] On node 0, zone DMA: 97 pages in unavailable ranges
[    0.019859] On node 0, zone DMA32: 32 pages in unavailable ranges
[    0.020729] ACPI: PM-Timer IO Port: 0x608
[    0.020744] ACPI: LAPIC_NMI (acpi_id[0xff] dfl dfl lint[0x1])
[    0.020803] IOAPIC[0]: apic_id 0, version 17, address 0xfec00000, GSI 0-23
[    0.020805] ACPI: INT_SRC_OVR (bus 0 bus_irq 0 global_irq 2 dfl dfl)
[    0.020806] ACPI: INT_SRC_OVR (bus 0 bus_irq 5 global_irq 5 high level)
[    0.020807] ACPI: INT_SRC_OVR (bus 0 bus_irq 9 global_irq 9 high level)
[    0.020808] ACPI: INT_SRC_OVR (bus 0 bus_irq 10 global_irq 10 high level)
[    0.020809] ACPI: INT_SRC_OVR (bus 0 bus_irq 11 global_irq 11 high level)
[    0.020812] ACPI: Using ACPI (MADT) for SMP configuration information
[    0.020813] ACPI: HPET id: 0x8086a201 base: 0xfed00000
[    0.020816] TSC deadline timer available
[    0.020819] CPU topo: Max. logical packages:   1
[    0.020820] CPU topo: Max. logical dies:       1
[    0.020820] CPU topo: Max. dies per package:   1
[    0.020823] CPU topo: Max. threads per core:   1
[    0.020823] CPU topo: Num. cores per package:     2
[    0.020823] CPU topo: Num. threads per package:   2
[    0.020824] CPU topo: Allowing 2 present CPUs plus 0 hotplug CPUs
[    0.020845] kvm-guest: APIC: eoi() replaced with kvm_guest_apic_eoi_write()
[    0.020877] kvm-guest: KVM setup pv remote TLB flush
[    0.020887] kvm-guest: setup PV sched yield
[    0.020892] PM: hibernation: Registered nosave memory: [mem 0x00000000-0x00000fff]
[    0.020893] PM: hibernation: Registered nosave memory: [mem 0x0009f000-0x000fffff]
[    0.020894] [mem 0x80000000-0xfeffbfff] available for PCI devices
[    0.020895] Booting paravirtualized kernel on KVM
[    0.020897] clocksource: refined-jiffies: mask: 0xffffffff max_cycles: 0xffffffff, max_idle_ns: 1910969940391419 ns
[    0.025623] setup_percpu: NR_CPUS:64 nr_cpumask_bits:2 nr_cpu_ids:2 nr_node_ids:1
[    0.026508] percpu: Embedded 56 pages/cpu s192216 r8192 d28968 u1048576
[    0.026564] Kernel command line: root=/dev/root rootfstype=9p rootflags=trans=virtio,version=9p2000.L,cache=loose,msize=262144 ro console=ttyS0 panic=5 init=/home/key/spdm-lab/w9/run/init.sh
[    0.026596] random: crng init done
[    0.027672] Dentry cache hash table entries: 262144 (order: 9, 2097152 bytes, linear)
[    0.027772] Inode-cache hash table entries: 131072 (order: 8, 1048576 bytes, linear)
[    0.027843] Fallback order for Node 0: 0 
[    0.027846] Built 1 zonelists, mobility grouping on.  Total pages: 524158
[    0.027847] Policy zone: DMA32
[    0.027848] mem auto-init: stack:all(zero), heap alloc:off, heap free:off
[    0.032142] SLUB: HWalign=64, Order=0-3, MinObjects=0, CPUs=2, Nodes=1
[    0.033107] Dynamic Preempt: voluntary
[    0.033936] rcu: Preemptible hierarchical RCU implementation.
[    0.033936] rcu: 	RCU event tracing is enabled.
[    0.033937] rcu: 	RCU restricting CPUs from NR_CPUS=64 to nr_cpu_ids=2.
[    0.033938] 	Trampoline variant of Tasks RCU enabled.
[    0.033938] 	Tracing variant of Tasks RCU enabled.
[    0.033939] rcu: RCU calculated value of scheduler-enlistment delay is 100 jiffies.
[    0.033940] rcu: Adjusting geometry for rcu_fanout_leaf=16, nr_cpu_ids=2
[    0.033944] RCU Tasks: Setting shift to 1 and lim to 1 rcu_task_cb_adjust=1 rcu_task_cpu_ids=2.
[    0.033945] RCU Tasks Trace: Setting shift to 1 and lim to 1 rcu_task_cb_adjust=1 rcu_task_cpu_ids=2.
[    0.036134] NR_IRQS: 4352, nr_irqs: 440, preallocated irqs: 16
[    0.036373] rcu: srcu_init: Setting srcu_struct sizes based on contention.
[    0.036382] clocksource: jiffies: mask: 0xffffffff max_cycles: 0xffffffff, max_idle_ns: 1911260446275000 ns
[    0.036564] Console: colour *CGA 80x25
[    0.036626] printk: legacy console [ttyS0] enabled
[    0.169047] ACPI: Core revision 20240827
[    0.170109] clocksource: hpet: mask: 0xffffffff max_cycles: 0xffffffff, max_idle_ns: 19112604467 ns
[    0.172318] APIC: Switch to symmetric I/O mode setup
[    0.173468] kvm-guest: APIC: send_IPI_mask() replaced with kvm_send_ipi_mask()
[    0.175134] kvm-guest: APIC: send_IPI_mask_allbutself() replaced with kvm_send_ipi_mask_allbutself()
[    0.177102] kvm-guest: setup PV IPIs
[    0.180183] ..TIMER: vector=0x30 apic1=0 pin1=2 apic2=-1 pin2=-1
[    0.181805] clocksource: tsc-early: mask: 0xffffffffffffffff max_cycles: 0x22df1149949, max_idle_ns: 440795312789 ns
[    0.184437] Calibrating delay loop (skipped) preset value.. 4838.40 BogoMIPS (lpj=2419200)
[    0.186542] x86/cpu: User Mode Instruction Prevention (UMIP) activated
[    0.187663] Last level iTLB entries: 4KB 0, 2MB 0, 4MB 0
[    0.188422] Last level dTLB entries: 4KB 0, 2MB 0, 4MB 0, 1GB 0
[    0.190455] Spectre V1 : Mitigation: usercopy/swapgs barriers and __user pointer sanitization
[    0.191489] Spectre V2 : Spectre BHI mitigation: SW BHB clearing on syscall and VM exit
[    0.192432] Spectre V2 : Mitigation: Enhanced / Automatic IBRS
[    0.193423] Spectre V2 : Spectre v2 / PBRSB-eIBRS: Retire a single CALL on VMEXIT
[    0.194424] RETBleed: Mitigation: Enhanced IBRS
[    0.195429] Spectre V2 : mitigation: Enabling conditional Indirect Branch Prediction Barrier
[    0.196424] Speculative Store Bypass: Mitigation: Speculative Store Bypass disabled via prctl
[    0.197425] GDS: Unknown: Dependent on hypervisor status
[    0.198423] active return thunk: its_return_thunk
[    0.199422] ITS: Mitigation: Aligned branch/return thunks
[    0.200492] x86/fpu: Supporting XSAVE feature 0x001: 'x87 floating point registers'
[    0.201422] x86/fpu: Supporting XSAVE feature 0x002: 'SSE registers'
[    0.202422] x86/fpu: Supporting XSAVE feature 0x004: 'AVX registers'
[    0.203421] x86/fpu: Supporting XSAVE feature 0x020: 'AVX-512 opmask'
[    0.204422] x86/fpu: Supporting XSAVE feature 0x040: 'AVX-512 Hi256'
[    0.205422] x86/fpu: Supporting XSAVE feature 0x080: 'AVX-512 ZMM_Hi256'
[    0.206423] x86/fpu: xstate_offset[2]:  576, xstate_sizes[2]:  256
[    0.207422] x86/fpu: xstate_offset[5]:  832, xstate_sizes[5]:   64
[    0.208422] x86/fpu: xstate_offset[6]:  896, xstate_sizes[6]:  512
[    0.209422] x86/fpu: xstate_offset[7]: 1408, xstate_sizes[7]: 1024
[    0.210422] x86/fpu: Enabled xstate features 0xe7, context size is 2432 bytes, using 'compacted' format.
[    0.258127] Freeing SMP alternatives memory: 52K
[    0.258427] pid_max: default: 32768 minimum: 301
[    0.259484] LSM: initializing lsm=capability,selinux
[    0.261429] SELinux:  Initializing.
[    0.262229] Mount-cache hash table entries: 4096 (order: 3, 32768 bytes, linear)
[    0.262427] Mountpoint-cache hash table entries: 4096 (order: 3, 32768 bytes, linear)
[    0.263678] smpboot: CPU0: 11th Gen Intel(R) Core(TM) i5-1135G7 @ 2.40GHz (family: 0x6, model: 0x8c, stepping: 0x1)
[    0.265375] Performance Events: Icelake events, full-width counters, Intel PMU driver.
[    0.266436] ... version:                2
[    0.267272] ... bit width:              48
[    0.267427] ... generic registers:      8
[    0.268432] ... value mask:             0000ffffffffffff
[    0.269427] ... max period:             00007fffffffffff
[    0.270427] ... fixed-purpose events:   3
[    0.271220] ... event mask:             00000007000000ff
[    0.271582] signal: max sigframe size: 3632
[    0.272457] rcu: Hierarchical SRCU implementation.
[    0.273427] rcu: 	Max phase no-delay instances is 400.
[    0.274453] Timer migration: 1 hierarchy levels; 8 children per group; 1 crossnode level
[    0.276954] smp: Bringing up secondary CPUs ...
[    0.277525] smpboot: x86: Booting SMP configuration:
[    0.278430] .... node  #0, CPUs:      #1
[    0.280470] smp: Brought up 1 node, 2 CPUs
[    0.281430] smpboot: Total of 2 processors activated (9676.80 BogoMIPS)
[    0.283037] Memory: 2017012K/2096632K available (18432K kernel code, 2872K rwdata, 7152K rodata, 2820K init, 880K bss, 75920K reserved, 0K cma-reserved)
[    0.283753] devtmpfs: initialized
[    0.284597] futex hash table entries: 512 (order: 3, 32768 bytes, linear)
[    0.285602] PM: RTC time: 19:15:20, date: 2026-09-17
[    0.286626] NET: Registered PF_NETLINK/PF_ROUTE protocol family
[    0.287477] audit: initializing netlink subsys (disabled)
[    0.288474] audit: type=2000 audit(1789672521.013:1): state=initialized audit_enabled=0 res=1
[    0.288506] thermal_sys: Registered thermal governor 'step_wise'
[    0.289432] thermal_sys: Registered thermal governor 'user_space'
[    0.290485] cpuidle: using governor menu
[    0.292748] PCI: Using configuration type 1 for base access
[    0.294448] kprobes: kprobe jump-optimization is enabled. All kprobes are optimized if possible.
[    0.296574] HugeTLB: registered 2.00 MiB page size, pre-allocated 0 pages
[    0.298435] HugeTLB: 28 KiB vmemmap can be freed for a 2.00 MiB page
[    0.299545] ACPI: Added _OSI(Module Device)
[    0.301430] ACPI: Added _OSI(Processor Device)
[    0.302402] ACPI: Added _OSI(Processor Aggregator Device)
[    0.303723] ACPI: 1 ACPI AML tables successfully acquired and loaded
[    0.310264] ACPI: Interpreter enabled
[    0.310441] ACPI: PM: (supports S0 S3 S4 S5)
[    0.311429] ACPI: Using IOAPIC for interrupt routing
[    0.313443] PCI: Using host bridge windows from ACPI; if necessary, use "pci=nocrs" and report a bug
[    0.315427] PCI: Using E820 reservations for host bridge windows
[    0.316506] ACPI: Enabled 2 GPEs in block 00 to 0F
[    0.319672] ACPI: PCI Root Bridge [PCI0] (domain 0000 [bus 00-ff])
[    0.321432] acpi PNP0A03:00: _OSC: OS supports [ASPM ClockPM Segments MSI HPX-Type3]
[    0.323428] acpi PNP0A03:00: _OSC: not requesting OS control; OS requires [ExtendedConfig ASPM ClockPM MSI]
[    0.325435] acpi PNP0A03:00: fail to add MMCONFIG information, can't access extended configuration space under this bridge
[    0.327500] PCI host bridge to bus 0000:00
[    0.328396] pci_bus 0000:00: root bus resource [io  0x0000-0x0cf7 window]
[    0.329427] pci_bus 0000:00: root bus resource [io  0x0d00-0xffff window]
[    0.331431] pci_bus 0000:00: root bus resource [mem 0x000a0000-0x000bffff window]
[    0.333429] pci_bus 0000:00: root bus resource [mem 0x80000000-0xfebfffff window]
[    0.334428] pci_bus 0000:00: root bus resource [mem 0x100000000-0x17fffffff window]
[    0.336429] pci_bus 0000:00: root bus resource [bus 00-ff]
[    0.338547] pci 0000:00:00.0: [8086:1237] type 00 class 0x060000 conventional PCI endpoint
[    0.341612] pci 0000:00:01.0: [8086:7000] type 00 class 0x060100 conventional PCI endpoint
[    0.346078] pci 0000:00:01.1: [8086:7010] type 00 class 0x010180 conventional PCI endpoint
[    0.351307] pci 0000:00:01.1: BAR 4 [io  0xc060-0xc06f]
[    0.354515] pci 0000:00:01.1: BAR 0 [io  0x01f0-0x01f7]: legacy IDE quirk
[    0.357437] pci 0000:00:01.1: BAR 1 [io  0x03f6]: legacy IDE quirk
[    0.359432] pci 0000:00:01.1: BAR 2 [io  0x0170-0x0177]: legacy IDE quirk
[    0.361431] pci 0000:00:01.1: BAR 3 [io  0x0376]: legacy IDE quirk
[    0.363876] pci 0000:00:01.3: [8086:7113] type 00 class 0x068000 conventional PCI endpoint
[    0.367830] pci 0000:00:01.3: quirk: [io  0x0600-0x063f] claimed by PIIX4 ACPI
[    0.370454] pci 0000:00:01.3: quirk: [io  0x0700-0x070f] claimed by PIIX4 SMB
[    0.373350] pci 0000:00:02.0: [1af4:1009] type 00 class 0x000200 conventional PCI endpoint
[    0.377463] pci 0000:00:02.0: BAR 0 [io  0xc000-0xc03f]
[    0.380433] pci 0000:00:02.0: BAR 1 [mem 0xfebfe000-0xfebfefff]
[    0.386432] pci 0000:00:02.0: BAR 4 [mem 0xfebf4000-0xfebf7fff 64bit pref]
[    0.390862] pci 0000:00:03.0: [1af4:1009] type 00 class 0x000200 conventional PCI endpoint
[    0.393087] pci 0000:00:03.0: BAR 0 [io  0xc040-0xc05f]
[    0.395024] pci 0000:00:03.0: BAR 1 [mem 0xfebff000-0xfebfffff]
[    0.398798] pci 0000:00:03.0: BAR 4 [mem 0xfebf8000-0xfebfbfff 64bit pref]
[    0.405328] ACPI: PCI: Interrupt link LNKA configured for IRQ 10
[    0.406539] ACPI: PCI: Interrupt link LNKB configured for IRQ 10
[    0.408587] ACPI: PCI: Interrupt link LNKC configured for IRQ 11
[    0.409542] ACPI: PCI: Interrupt link LNKD configured for IRQ 11
[    0.411485] ACPI: PCI: Interrupt link LNKS configured for IRQ 9
[    0.412686] iommu: Default domain type: Translated
[    0.414429] iommu: DMA domain TLB invalidation policy: lazy mode
[    0.415489] SCSI subsystem initialized
[    0.416520] ACPI: bus type USB registered
[    0.417474] usbcore: registered new interface driver usbfs
[    0.419446] usbcore: registered new interface driver hub
[    0.420432] usbcore: registered new device driver usb
[    0.421438] pps_core: LinuxPPS API ver. 1 registered
[    0.422427] pps_core: Software ver. 5.3.6 - Copyright 2005-2007 Rodolfo Giometti <giometti@linux.it>
[    0.424429] PTP clock support registered
[    0.425479] Advanced Linux Sound Architecture Driver Initialized.
[    0.426748] NetLabel: Initializing
[    0.427428] NetLabel:  domain hash size = 128
[    0.428429] NetLabel:  protocols = UNLABELED CIPSOv4 CALIPSO
[    0.430442] NetLabel:  unlabeled traffic allowed by default
[    0.431528] mctp: management component transport protocol core
[    0.433438] NET: Registered PF_MCTP protocol family
[    0.434440] PCI: Using ACPI for IRQ routing
[    0.435696] vgaarb: loaded
[    0.436485] hpet0: at MMIO 0xfed00000, IRQs 2, 8, 0
[    0.437428] hpet0: 3 comparators, 64-bit 100.000000 MHz counter
[    0.440611] clocksource: Switched to clocksource kvm-clock
[    0.442809] VFS: Disk quotas dquot_6.6.0
[    0.443767] VFS: Dquot-cache hash table entries: 512 (order 0, 4096 bytes)
[    0.445651] pnp: PnP ACPI init
[    0.446832] pnp: PnP ACPI: found 5 devices
[    0.456753] clocksource: acpi_pm: mask: 0xffffff max_cycles: 0xffffff, max_idle_ns: 2085701024 ns
[    0.458790] NET: Registered PF_INET protocol family
[    0.460810] IP idents hash table entries: 32768 (order: 6, 262144 bytes, linear)
[    0.462923] tcp_listen_portaddr_hash hash table entries: 1024 (order: 2, 16384 bytes, linear)
[    0.464848] Table-perturb hash table entries: 65536 (order: 6, 262144 bytes, linear)
[    0.467131] TCP established hash table entries: 16384 (order: 5, 131072 bytes, linear)
[    0.469636] TCP bind hash table entries: 16384 (order: 7, 524288 bytes, linear)
[    0.471892] TCP: Hash tables configured (established 16384 bind 16384)
[    0.473867] UDP hash table entries: 1024 (order: 3, 32768 bytes, linear)
[    0.475891] UDP-Lite hash table entries: 1024 (order: 3, 32768 bytes, linear)
[    0.478236] NET: Registered PF_UNIX/PF_LOCAL protocol family
[    0.480693] RPC: Registered named UNIX socket transport module.
[    0.482661] RPC: Registered udp transport module.
[    0.484138] RPC: Registered tcp transport module.
[    0.485380] RPC: Registered tcp-with-tls transport module.
[    0.486649] RPC: Registered tcp NFSv4.1 backchannel transport module.
[    0.488842] pci_bus 0000:00: resource 4 [io  0x0000-0x0cf7 window]
[    0.490469] pci_bus 0000:00: resource 5 [io  0x0d00-0xffff window]
[    0.491929] pci_bus 0000:00: resource 6 [mem 0x000a0000-0x000bffff window]
[    0.493447] pci_bus 0000:00: resource 7 [mem 0x80000000-0xfebfffff window]
[    0.495010] pci_bus 0000:00: resource 8 [mem 0x100000000-0x17fffffff window]
[    0.497194] pci 0000:00:01.0: PIIX3: Enabling Passive Release
[    0.498795] pci 0000:00:00.0: Limiting direct PCI/PCI transfers
[    0.500822] PCI: CLS 0 bytes, default 64
[    0.502135] RAPL PMU: API unit is 2^-32 Joules, 0 fixed counters, 10737418240 ms ovfl timer
[    0.504330] clocksource: tsc: mask: 0xffffffffffffffff max_cycles: 0x22df1149949, max_idle_ns: 440795312789 ns
[    0.507826] Initialise system trusted keyrings
[    0.509442] workingset: timestamp_bits=56 max_order=19 bucket_order=0
[    0.511251] NFS: Registering the id_resolver key type
[    0.512469] Key type id_resolver registered
[    0.513419] Key type id_legacy registered
[    0.514525] 9p: Installing v9fs 9p2000 file system support
[    0.524488] Key type asymmetric registered
[    0.525858] Asymmetric key parser 'x509' registered
[    0.527152] Block layer SCSI generic (bsg) driver version 0.4 loaded (major 251)
[    0.529053] io scheduler mq-deadline registered
[    0.530136] io scheduler kyber registered
[    0.531479] input: Power Button as /devices/LNXSYSTM:00/LNXPWRBN:00/input/input0
[    0.533501] ACPI: button: Power Button [PWRF]
[    0.543979] ACPI: \_SB_.LNKB: Enabled at IRQ 10
[    0.555057] ACPI: \_SB_.LNKC: Enabled at IRQ 11
[    0.558110] Serial: 8250/16550 driver, 4 ports, IRQ sharing enabled
[    0.559927] 00:03: ttyS0 at I/O 0x3f8 (irq = 4, base_baud = 115200) is a 16550A
[    0.563360] Non-volatile memory driver v1.3
[    0.564340] Linux agpgart interface v0.103
[    0.565250] ACPI: bus type drm_connector registered
[    0.568412] loop: module loaded
[    0.570529] scsi host0: ata_piix
[    0.571507] scsi host1: ata_piix
[    0.572256] ata1: PATA max MWDMA2 cmd 0x1f0 ctl 0x3f6 bmdma 0xc060 irq 14 lpm-pol 0
[    0.573792] ata2: PATA max MWDMA2 cmd 0x170 ctl 0x376 bmdma 0xc068 irq 15 lpm-pol 0
[    0.575497] e100: Intel(R) PRO/100 Network Driver
[    0.576528] e100: Copyright(c) 1999-2006 Intel Corporation
[    0.577805] e1000: Intel(R) PRO/1000 Network Driver
[    0.579109] e1000: Copyright (c) 1999-2006 Intel Corporation.
[    0.580411] e1000e: Intel(R) PRO/1000 Network Driver
[    0.581624] e1000e: Copyright(c) 1999 - 2015 Intel Corporation.
[    0.582905] sky2: driver version 1.30
[    0.583997] usbcore: registered new interface driver usblp
[    0.585326] usbcore: registered new interface driver usb-storage
[    0.586616] i8042: PNP: PS/2 Controller [PNP0303:KBD,PNP0f13:MOU] at 0x60,0x64 irq 1,12
[    0.589429] serio: i8042 KBD port at 0x60,0x64 irq 1
[    0.590437] serio: i8042 AUX port at 0x60,0x64 irq 12
[    0.591893] rtc_cmos 00:04: RTC can wake from S4
[    0.594109] input: AT Translated Set 2 keyboard as /devices/platform/i8042/serio0/input/input1
[    0.595213] rtc_cmos 00:04: registered as rtc0
[    0.596989] rtc_cmos 00:04: alarms up to one day, y3k, 242 bytes nvram, hpet irqs
[    0.598750] device-mapper: ioctl: 4.48.0-ioctl (2023-03-01) initialised: dm-devel@lists.linux.dev
[    0.601550] intel_pstate: CPU model not supported
[    0.602877] hid: raw HID events driver (C) Jiri Kosina
[    0.604247] usbcore: registered new interface driver usbhid
[    0.605381] usbhid: USB HID core driver
[    0.606692] Initializing XFRM netlink socket
[    0.607609] NET: Registered PF_INET6 protocol family
[    0.609579] Segment Routing with IPv6
[    0.610436] In-situ OAM (IOAM) with IPv6
[    0.611344] sit: IPv6, IPv4 and MPLS over IPv4 tunneling driver
[    0.612651] NET: Registered PF_PACKET protocol family
[    0.613702] 9pnet: Installing 9P2000 support
[    0.617322] Key type dns_resolver registered
[    0.618468] IPI shorthand broadcast: enabled
[    0.621942] sched_clock: Marking stable (479010565, 142039648)->(651070849, -30020636)
[    0.623885] registered taskstats version 1
[    0.624846] Loading compiled-in X.509 certificates
[    0.626736] Demotion targets for Node 0: null
[    0.627852] PM:   Magic number: 10:33:294
[    0.628749] ata_device dev2.0: hash matches
[    0.629770]  dev2.0: hash matches
[    0.630500] misc hpet: hash matches
[    0.631239] tty tty27: hash matches
[    0.631963] printk: legacy console [netcon0] enabled
[    0.633012] netconsole: network logging started
[    0.634087] cfg80211: Loading compiled-in X.509 certificates for regulatory database
[    0.636156] kworker/u8:3 (62) used greatest stack depth: 14408 bytes left
[    0.638420] Loaded X.509 cert 'sforshee: 00b28ddf47aef9cea7'
[    0.639847] Loaded X.509 cert 'wens: 61c038651aabdcf94bd0ac7ff06c7248db18c600'
[    0.641326] platform regulatory.0: Direct firmware load for regulatory.db failed with error -2
[    0.643092] ALSA device list:
[    0.643696]   No soundcards found.
[    0.644938] cfg80211: failed to load regulatory.db
[    1.021254] input: ImExPS/2 Generic Explorer Mouse as /devices/platform/i8042/serio1/input/input3
[    1.024419] md: Waiting for all devices to be available before autodetect
[    1.026114] md: If you don't use raid, use raid=noautodetect
[    1.027356] md: Autodetecting RAID arrays.
[    1.028075] md: autorun ...
[    1.028476] md: ... autorun DONE.
[    1.030012] VFS: Mounted root (9p filesystem) readonly on device 0:19.
[    1.032243] devtmpfs: mounted
[    1.033289] Freeing unused kernel image (initmem) memory: 2820K
[    1.034066] Write protecting the kernel read-only data: 26624k
[    1.035293] Freeing unused kernel image (rodata/data gap) memory: 1040K
[    1.044058] x86/mm: Checked W+X mappings: passed, no W+X pages found.
[    1.044858] Run /home/key/spdm-lab/w9/run/init.sh as init process
[    1.098461] mount (65) used greatest stack depth: 13304 bytes left
guest_init: Linux 6.12.110 x86_64
[    1.185428] grep (81) used greatest stack depth: 13216 bytes left
guest_init: AF_MCTP is checked below
[    1.208718] mctp (84) used greatest stack depth: 12904 bytes left
[    1.428759] ip (98) used greatest stack depth: 12872 bytes left
guest_init: payload exited 0
dev lo index 1 address 00:00:00:00:00:00 net 1 mtu 65536 up
dev mctpserial0 index 3 address none net 1 mtu 68 up
eid 8 net 1 dev mctpserial0
eid min 9 max 9 net 1 dev mctpserial0 mtu 0
eid min 8 max 8 net 1 dev mctpserial0 mtu 0
### namespace B
dev lo index 1 address 00:00:00:00:00:00 net 1 mtu 65536 up
dev mctpserial1 index 4 address none net 1 mtu 68 up
eid 9 net 1 dev mctpserial1
eid min 8 max 8 net 1 dev mctpserial1 mtu 0
eid min 9 max 9 net 1 dev mctpserial1 mtu 0
### sysfs mtu
A mctpserial0 mtu 68
B mctpserial1 mtu 68

======== calibration replay
# length  acked  predicted_packets
       1      1                  1
      63     63                  1
      64     64                  2
      65     65                  2
     127    127                  2
     128    128                  3
     177    177                  3
    1024   1024                 17
    4352   4352                 69
   16853  16853                264

======== arm A0  (--meas_op ALL --asym ECDSA_P384 --dhe SECP_384_R1 --pqc_asym NONE --kem NONE)
requester exited 0
requester bridge: 11 SPDM exchanges, 2 control exchanges
responder bridge: 11 SPDM exchanges, 2 control exchanges

======== interface counters at the end
A tx_packets 377
A rx_packets 116
B tx_packets 116
B rx_packets 377
A rx_errors  0
A tx_dropped 0
guest_init: powering off (status 0)
[    6.498640] ACPI: PM: Preparing to enter system sleep state S5
[    6.499672] reboot: Power down
