Capturing coverage data from /home/key/spdm-lab/work/spdm-emu-pqc/libspdm/build_cov
geninfo cmd: '/usr/bin/geninfo /home/key/spdm-lab/work/spdm-emu-pqc/libspdm/build_cov --output-filename /home/key/spdm-lab/work/spdm-emu-pqc/libspdm/build_cov/.test-output/coverage.info.raw --ignore-errors mismatch --ignore-errors negative --ignore-errors unused --ignore-errors empty --ignore-errors source --ignore-errors gcov --ignore-errors unsupported --rc branch_coverage=1 --memory 0 --branch-coverage'
Found gcov version: 13.3.0
Using intermediate gcov format
Writing temporary data to /tmp/geninfo_datAt66
Scanning /home/key/spdm-lab/work/spdm-emu-pqc/libspdm/build_cov for .gcda files ...
Found 304 data files in /home/key/spdm-lab/work/spdm-emu-pqc/libspdm/build_cov
Processing /home/key/spdm-lab/work/spdm-emu-pqc/libspdm/build_cov/library/spdm_crypt_lib/CMakeFiles/spdm_crypt_lib.dir/libspdm_crypt_cert.c.gcda
Processing /home/key/spdm-lab/work/spdm-emu-pqc/libspdm/build_cov/library/spdm_crypt_lib/CMakeFiles/spdm_crypt_lib.dir/libspdm_crypt_asym.c.gcda
Processing /home/key/spdm-lab/work/spdm-emu-pqc/libspdm/build_cov/library/spdm_crypt_lib/CMakeFiles/spdm_crypt_lib.dir/libspdm_crypt_dhe.c.gcda
Processing /home/key/spdm-lab/work/spdm-emu-pqc/libspdm/build_cov/library/spdm_crypt_lib/CMakeFiles/spdm_crypt_lib.dir/libspdm_crypt_hmac.c.gcda
Processing /home/key/spdm-lab/work/spdm-emu-pqc/libspdm/build_cov/library/spdm_crypt_lib/CMakeFiles/spdm_crypt_lib.dir/libspdm_crypt_hash.c.gcda
Processing /home/key/spdm-lab/work/spdm-emu-pqc/libspdm/build_cov/library/spdm_crypt_lib/CMakeFiles/spdm_crypt_lib.dir/libspdm_crypt_rng.c.gcda
Processing /home/key/spdm-lab/work/spdm-emu-pqc/libspdm/build_cov/library/spdm_crypt_lib/CMakeFiles/spdm_crypt_lib.dir/libspdm_crypt_aead.c.gcda
Processing /home/key/spdm-lab/work/spdm-emu-pqc/libspdm/build_cov/library/spdm_crypt_lib/CMakeFiles/spdm_crypt_lib.dir/libspdm_crypt_key_schedule.c.gcda
Processing /home/key/spdm-lab/work/spdm-emu-pqc/libspdm/build_cov/library/spdm_crypt_lib/CMakeFiles/spdm_crypt_lib.dir/libspdm_crypt_hkdf.c.gcda
Processing /home/key/spdm-lab/work/spdm-emu-pqc/libspdm/build_cov/library/spdm_crypt_lib/CMakeFiles/spdm_crypt_lib.dir/libspdm_crypt_pqc_asym.c.gcda
Processing /home/key/spdm-lab/work/spdm-emu-pqc/libspdm/build_cov/library/spdm_crypt_lib/CMakeFiles/spdm_crypt_lib.dir/libspdm_crypt_pqc_kem.c.gcda
Processing /home/key/spdm-lab/work/spdm-emu-pqc/libspdm/build_cov/library/spdm_common_lib/CMakeFiles/spdm_common_lib.dir/libspdm_com_support.c.gcda
Processing /home/key/spdm-lab/work/spdm-emu-pqc/libspdm/build_cov/library/spdm_common_lib/CMakeFiles/spdm_common_lib.dir/libspdm_com_opaque_data.c.gcda
Processing /home/key/spdm-lab/work/spdm-emu-pqc/libspdm/build_cov/library/spdm_common_lib/CMakeFiles/spdm_common_lib.dir/libspdm_com_event.c.gcda
Processing /home/key/spdm-lab/work/spdm-emu-pqc/libspdm/build_cov/library/spdm_common_lib/CMakeFiles/spdm_common_lib.dir/libspdm_com_msg_log.c.gcda
Processing /home/key/spdm-lab/work/spdm-emu-pqc/libspdm/build_cov/library/spdm_common_lib/CMakeFiles/spdm_common_lib.dir/libspdm_com_context_data_session.c.gcda
Processing /home/key/spdm-lab/work/spdm-emu-pqc/libspdm/build_cov/library/spdm_common_lib/CMakeFiles/spdm_common_lib.dir/libspdm_com_context_data.c.gcda
Processing /home/key/spdm-lab/work/spdm-emu-pqc/libspdm/build_cov/library/spdm_common_lib/CMakeFiles/spdm_common_lib.dir/libspdm_com_crypto_service.c.gcda
Processing /home/key/spdm-lab/work/spdm-emu-pqc/libspdm/build_cov/library/spdm_common_lib/CMakeFiles/spdm_common_lib.dir/libspdm_com_crypto_service_session.c.gcda
Processing /home/key/spdm-lab/work/spdm-emu-pqc/libspdm/build_cov/library/spdm_secured_message_lib/CMakeFiles/spdm_secured_message_lib.dir/libspdm_secmes_encode_decode.c.gcda
Processing /home/key/spdm-lab/work/spdm-emu-pqc/libspdm/build_cov/library/spdm_secured_message_lib/CMakeFiles/spdm_secured_message_lib.dir/libspdm_secmes_key_exchange.c.gcda
Processing /home/key/spdm-lab/work/spdm-emu-pqc/libspdm/build_cov/library/spdm_secured_message_lib/CMakeFiles/spdm_secured_message_lib.dir/libspdm_secmes_session.c.gcda
Processing /home/key/spdm-lab/work/spdm-emu-pqc/libspdm/build_cov/library/spdm_secured_message_lib/CMakeFiles/spdm_secured_message_lib.dir/libspdm_secmes_key_exchange_pqc.c.gcda
Processing /home/key/spdm-lab/work/spdm-emu-pqc/libspdm/build_cov/library/spdm_secured_message_lib/CMakeFiles/spdm_secured_message_lib.dir/libspdm_secmes_context_data.c.gcda
Processing /home/key/spdm-lab/work/spdm-emu-pqc/libspdm/build_cov/library/spdm_requester_lib/CMakeFiles/spdm_requester_lib.dir/libspdm_req_encap_digests.c.gcda
Processing /home/key/spdm-lab/work/spdm-emu-pqc/libspdm/build_cov/library/spdm_requester_lib/CMakeFiles/spdm_requester_lib.dir/libspdm_req_negotiate_algorithms.c.gcda
Processing /home/key/spdm-lab/work/spdm-emu-pqc/libspdm/build_cov/library/spdm_requester_lib/CMakeFiles/spdm_requester_lib.dir/libspdm_req_psk_exchange.c.gcda
Processing /home/key/spdm-lab/work/spdm-emu-pqc/libspdm/build_cov/library/spdm_requester_lib/CMakeFiles/spdm_requester_lib.dir/libspdm_req_psk_finish.c.gcda
Processing /home/key/spdm-lab/work/spdm-emu-pqc/libspdm/build_cov/library/spdm_requester_lib/CMakeFiles/spdm_requester_lib.dir/libspdm_req_encap_supported_event_types.c.gcda
Processing /home/key/spdm-lab/work/spdm-emu-pqc/libspdm/build_cov/library/spdm_requester_lib/CMakeFiles/spdm_requester_lib.dir/libspdm_req_vendor_defined_request.c.gcda
Processing /home/key/spdm-lab/work/spdm-emu-pqc/libspdm/build_cov/library/spdm_requester_lib/CMakeFiles/spdm_requester_lib.dir/libspdm_req_encap_challenge_auth.c.gcda
Processing /home/key/spdm-lab/work/spdm-emu-pqc/libspdm/build_cov/library/spdm_requester_lib/CMakeFiles/spdm_requester_lib.dir/libspdm_req_send_receive.c.gcda
Processing /home/key/spdm-lab/work/spdm-emu-pqc/libspdm/build_cov/library/spdm_requester_lib/CMakeFiles/spdm_requester_lib.dir/libspdm_req_encap_key_update_ack.c.gcda
Processing /home/key/spdm-lab/work/spdm-emu-pqc/libspdm/build_cov/library/spdm_requester_lib/CMakeFiles/spdm_requester_lib.dir/libspdm_req_heartbeat.c.gcda
Processing /home/key/spdm-lab/work/spdm-emu-pqc/libspdm/build_cov/library/spdm_requester_lib/CMakeFiles/spdm_requester_lib.dir/libspdm_req_get_certificate.c.gcda
Processing /home/key/spdm-lab/work/spdm-emu-pqc/libspdm/build_cov/library/spdm_requester_lib/CMakeFiles/spdm_requester_lib.dir/libspdm_req_challenge.c.gcda
Processing /home/key/spdm-lab/work/spdm-emu-pqc/libspdm/build_cov/library/spdm_requester_lib/CMakeFiles/spdm_requester_lib.dir/libspdm_req_get_measurement_extension_log.c.gcda
Processing /home/key/spdm-lab/work/spdm-emu-pqc/libspdm/build_cov/library/spdm_requester_lib/CMakeFiles/spdm_requester_lib.dir/libspdm_req_send_event.c.gcda
Processing /home/key/spdm-lab/work/spdm-emu-pqc/libspdm/build_cov/library/spdm_requester_lib/CMakeFiles/spdm_requester_lib.dir/libspdm_req_get_supported_event_types.c.gcda
Processing /home/key/spdm-lab/work/spdm-emu-pqc/libspdm/build_cov/library/spdm_requester_lib/CMakeFiles/spdm_requester_lib.dir/libspdm_req_get_key_pair_info.c.gcda
Processing /home/key/spdm-lab/work/spdm-emu-pqc/libspdm/build_cov/library/spdm_requester_lib/CMakeFiles/spdm_requester_lib.dir/libspdm_req_finish.c.gcda
Processing /home/key/spdm-lab/work/spdm-emu-pqc/libspdm/build_cov/library/spdm_requester_lib/CMakeFiles/spdm_requester_lib.dir/libspdm_req_set_certificate.c.gcda
Processing /home/key/spdm-lab/work/spdm-emu-pqc/libspdm/build_cov/library/spdm_requester_lib/CMakeFiles/spdm_requester_lib.dir/libspdm_req_encap_certificate.c.gcda
Processing /home/key/spdm-lab/work/spdm-emu-pqc/libspdm/build_cov/library/spdm_requester_lib/CMakeFiles/spdm_requester_lib.dir/libspdm_req_get_digests.c.gcda
Processing /home/key/spdm-lab/work/spdm-emu-pqc/libspdm/build_cov/library/spdm_requester_lib/CMakeFiles/spdm_requester_lib.dir/libspdm_req_encap_endpoint_info.c.gcda
Processing /home/key/spdm-lab/work/spdm-emu-pqc/libspdm/build_cov/library/spdm_requester_lib/CMakeFiles/spdm_requester_lib.dir/libspdm_req_get_version.c.gcda
Processing /home/key/spdm-lab/work/spdm-emu-pqc/libspdm/build_cov/library/spdm_requester_lib/CMakeFiles/spdm_requester_lib.dir/libspdm_req_get_endpoint_info.c.gcda
Processing /home/key/spdm-lab/work/spdm-emu-pqc/libspdm/build_cov/library/spdm_requester_lib/CMakeFiles/spdm_requester_lib.dir/libspdm_req_end_session.c.gcda
Processing /home/key/spdm-lab/work/spdm-emu-pqc/libspdm/build_cov/library/spdm_requester_lib/CMakeFiles/spdm_requester_lib.dir/libspdm_req_encap_subscribe_event_types_ack.c.gcda
Processing /home/key/spdm-lab/work/spdm-emu-pqc/libspdm/build_cov/library/spdm_requester_lib/CMakeFiles/spdm_requester_lib.dir/libspdm_req_handle_error_response.c.gcda
Processing /home/key/spdm-lab/work/spdm-emu-pqc/libspdm/build_cov/library/spdm_requester_lib/CMakeFiles/spdm_requester_lib.dir/libspdm_req_get_measurements.c.gcda
Processing /home/key/spdm-lab/work/spdm-emu-pqc/libspdm/build_cov/library/spdm_requester_lib/CMakeFiles/spdm_requester_lib.dir/libspdm_req_key_exchange.c.gcda
Processing /home/key/spdm-lab/work/spdm-emu-pqc/libspdm/build_cov/library/spdm_requester_lib/CMakeFiles/spdm_requester_lib.dir/libspdm_req_key_update.c.gcda
Processing /home/key/spdm-lab/work/spdm-emu-pqc/libspdm/build_cov/library/spdm_requester_lib/CMakeFiles/spdm_requester_lib.dir/libspdm_req_set_key_pair_info.c.gcda
Processing /home/key/spdm-lab/work/spdm-emu-pqc/libspdm/build_cov/library/spdm_requester_lib/CMakeFiles/spdm_requester_lib.dir/libspdm_req_get_csr.c.gcda
Processing /home/key/spdm-lab/work/spdm-emu-pqc/libspdm/build_cov/library/spdm_requester_lib/CMakeFiles/spdm_requester_lib.dir/libspdm_req_subscribe_event_types.c.gcda
Processing /home/key/spdm-lab/work/spdm-emu-pqc/libspdm/build_cov/library/spdm_requester_lib/CMakeFiles/spdm_requester_lib.dir/libspdm_req_encap_event_ack.c.gcda
Processing /home/key/spdm-lab/work/spdm-emu-pqc/libspdm/build_cov/library/spdm_requester_lib/CMakeFiles/spdm_requester_lib.dir/libspdm_req_common.c.gcda
Processing /home/key/spdm-lab/work/spdm-emu-pqc/libspdm/build_cov/library/spdm_requester_lib/CMakeFiles/spdm_requester_lib.dir/libspdm_req_encap_error.c.gcda
Processing /home/key/spdm-lab/work/spdm-emu-pqc/libspdm/build_cov/library/spdm_requester_lib/CMakeFiles/spdm_requester_lib.dir/libspdm_req_get_capabilities.c.gcda
Processing /home/key/spdm-lab/work/spdm-emu-pqc/libspdm/build_cov/library/spdm_requester_lib/CMakeFiles/spdm_requester_lib.dir/libspdm_req_encap_request.c.gcda
Processing /home/key/spdm-lab/work/spdm-emu-pqc/libspdm/build_cov/library/spdm_responder_lib/CMakeFiles/spdm_responder_lib.dir/libspdm_rsp_psk_exchange_rsp.c.gcda
Processing /home/key/spdm-lab/work/spdm-emu-pqc/libspdm/build_cov/library/spdm_responder_lib/CMakeFiles/spdm_responder_lib.dir/libspdm_rsp_key_update_ack.c.gcda
Processing /home/key/spdm-lab/work/spdm-emu-pqc/libspdm/build_cov/library/spdm_responder_lib/CMakeFiles/spdm_responder_lib.dir/libspdm_rsp_key_pair_info.c.gcda
Processing /home/key/spdm-lab/work/spdm-emu-pqc/libspdm/build_cov/library/spdm_responder_lib/CMakeFiles/spdm_responder_lib.dir/libspdm_rsp_encap_response.c.gcda
Processing /home/key/spdm-lab/work/spdm-emu-pqc/libspdm/build_cov/library/spdm_responder_lib/CMakeFiles/spdm_responder_lib.dir/libspdm_rsp_digests.c.gcda
Processing /home/key/spdm-lab/work/spdm-emu-pqc/libspdm/build_cov/library/spdm_responder_lib/CMakeFiles/spdm_responder_lib.dir/libspdm_rsp_endpoint_info.c.gcda
Processing /home/key/spdm-lab/work/spdm-emu-pqc/libspdm/build_cov/library/spdm_responder_lib/CMakeFiles/spdm_responder_lib.dir/libspdm_rsp_measurements.c.gcda
Processing /home/key/spdm-lab/work/spdm-emu-pqc/libspdm/build_cov/library/spdm_responder_lib/CMakeFiles/spdm_responder_lib.dir/libspdm_rsp_encap_get_digests.c.gcda
Processing /home/key/spdm-lab/work/spdm-emu-pqc/libspdm/build_cov/library/spdm_responder_lib/CMakeFiles/spdm_responder_lib.dir/libspdm_rsp_csr.c.gcda
Processing /home/key/spdm-lab/work/spdm-emu-pqc/libspdm/build_cov/library/spdm_responder_lib/CMakeFiles/spdm_responder_lib.dir/libspdm_rsp_respond_if_ready.c.gcda
Processing /home/key/spdm-lab/work/spdm-emu-pqc/libspdm/build_cov/library/spdm_responder_lib/CMakeFiles/spdm_responder_lib.dir/libspdm_rsp_encap_get_endpoint_info.c.gcda
Processing /home/key/spdm-lab/work/spdm-emu-pqc/libspdm/build_cov/library/spdm_responder_lib/CMakeFiles/spdm_responder_lib.dir/libspdm_rsp_common.c.gcda
Processing /home/key/spdm-lab/work/spdm-emu-pqc/libspdm/build_cov/library/spdm_responder_lib/CMakeFiles/spdm_responder_lib.dir/libspdm_rsp_chunk_response.c.gcda
Processing /home/key/spdm-lab/work/spdm-emu-pqc/libspdm/build_cov/library/spdm_responder_lib/CMakeFiles/spdm_responder_lib.dir/libspdm_rsp_set_certificate_rsp.c.gcda
Processing /home/key/spdm-lab/work/spdm-emu-pqc/libspdm/build_cov/library/spdm_responder_lib/CMakeFiles/spdm_responder_lib.dir/libspdm_rsp_encap_send_event.c.gcda
Processing /home/key/spdm-lab/work/spdm-emu-pqc/libspdm/build_cov/library/spdm_responder_lib/CMakeFiles/spdm_responder_lib.dir/libspdm_rsp_capabilities.c.gcda
Processing /home/key/spdm-lab/work/spdm-emu-pqc/libspdm/build_cov/library/spdm_responder_lib/CMakeFiles/spdm_responder_lib.dir/libspdm_rsp_encap_get_certificate.c.gcda
Processing /home/key/spdm-lab/work/spdm-emu-pqc/libspdm/build_cov/library/spdm_responder_lib/CMakeFiles/spdm_responder_lib.dir/libspdm_rsp_algorithms.c.gcda
Processing /home/key/spdm-lab/work/spdm-emu-pqc/libspdm/build_cov/library/spdm_responder_lib/CMakeFiles/spdm_responder_lib.dir/libspdm_rsp_version.c.gcda
Processing /home/key/spdm-lab/work/spdm-emu-pqc/libspdm/build_cov/library/spdm_responder_lib/CMakeFiles/spdm_responder_lib.dir/libspdm_rsp_psk_finish_rsp.c.gcda
Processing /home/key/spdm-lab/work/spdm-emu-pqc/libspdm/build_cov/library/spdm_responder_lib/CMakeFiles/spdm_responder_lib.dir/libspdm_rsp_certificate.c.gcda
Processing /home/key/spdm-lab/work/spdm-emu-pqc/libspdm/build_cov/library/spdm_responder_lib/CMakeFiles/spdm_responder_lib.dir/libspdm_rsp_supported_event_types.c.gcda
Processing /home/key/spdm-lab/work/spdm-emu-pqc/libspdm/build_cov/library/spdm_responder_lib/CMakeFiles/spdm_responder_lib.dir/libspdm_rsp_key_exchange_rsp.c.gcda
Processing /home/key/spdm-lab/work/spdm-emu-pqc/libspdm/build_cov/library/spdm_responder_lib/CMakeFiles/spdm_responder_lib.dir/libspdm_rsp_set_key_pair_info_ack.c.gcda
Processing /home/key/spdm-lab/work/spdm-emu-pqc/libspdm/build_cov/library/spdm_responder_lib/CMakeFiles/spdm_responder_lib.dir/libspdm_rsp_event_ack.c.gcda
Processing /home/key/spdm-lab/work/spdm-emu-pqc/libspdm/build_cov/library/spdm_responder_lib/CMakeFiles/spdm_responder_lib.dir/libspdm_rsp_subscribe_event_types_ack.c.gcda
Processing /home/key/spdm-lab/work/spdm-emu-pqc/libspdm/build_cov/library/spdm_responder_lib/CMakeFiles/spdm_responder_lib.dir/libspdm_rsp_chunk_send_ack.c.gcda
Processing /home/key/spdm-lab/work/spdm-emu-pqc/libspdm/build_cov/library/spdm_responder_lib/CMakeFiles/spdm_responder_lib.dir/libspdm_rsp_end_session_ack.c.gcda
Processing /home/key/spdm-lab/work/spdm-emu-pqc/libspdm/build_cov/library/spdm_responder_lib/CMakeFiles/spdm_responder_lib.dir/libspdm_rsp_encap_challenge.c.gcda
Processing /home/key/spdm-lab/work/spdm-emu-pqc/libspdm/build_cov/library/spdm_responder_lib/CMakeFiles/spdm_responder_lib.dir/libspdm_rsp_vendor_defined_response.c.gcda
Processing /home/key/spdm-lab/work/spdm-emu-pqc/libspdm/build_cov/library/spdm_responder_lib/CMakeFiles/spdm_responder_lib.dir/libspdm_rsp_handle_response_state.c.gcda
Processing /home/key/spdm-lab/work/spdm-emu-pqc/libspdm/build_cov/library/spdm_responder_lib/CMakeFiles/spdm_responder_lib.dir/libspdm_rsp_error.c.gcda
Processing /home/key/spdm-lab/work/spdm-emu-pqc/libspdm/build_cov/library/spdm_responder_lib/CMakeFiles/spdm_responder_lib.dir/libspdm_rsp_heartbeat_ack.c.gcda
Processing /home/key/spdm-lab/work/spdm-emu-pqc/libspdm/build_cov/library/spdm_responder_lib/CMakeFiles/spdm_responder_lib.dir/libspdm_rsp_receive_send.c.gcda
Processing /home/key/spdm-lab/work/spdm-emu-pqc/libspdm/build_cov/library/spdm_responder_lib/CMakeFiles/spdm_responder_lib.dir/libspdm_rsp_finish_rsp.c.gcda
Processing /home/key/spdm-lab/work/spdm-emu-pqc/libspdm/build_cov/library/spdm_responder_lib/CMakeFiles/spdm_responder_lib.dir/libspdm_rsp_measurement_extension_log.c.gcda
Processing /home/key/spdm-lab/work/spdm-emu-pqc/libspdm/build_cov/library/spdm_responder_lib/CMakeFiles/spdm_responder_lib.dir/libspdm_rsp_encap_key_update.c.gcda
Processing /home/key/spdm-lab/work/spdm-emu-pqc/libspdm/build_cov/library/spdm_responder_lib/CMakeFiles/spdm_responder_lib.dir/libspdm_rsp_challenge_auth.c.gcda
Processing /home/key/spdm-lab/work/spdm-emu-pqc/libspdm/build_cov/unit_test/spdm_transport_test_lib/CMakeFiles/spdm_transport_test_lib.dir/test.c.gcda
Processing /home/key/spdm-lab/work/spdm-emu-pqc/libspdm/build_cov/unit_test/spdm_transport_test_lib/CMakeFiles/spdm_transport_test_lib.dir/common.c.gcda
Processing /home/key/spdm-lab/work/spdm-emu-pqc/libspdm/build_cov/unit_test/test_spdm_secured_message/CMakeFiles/test_spdm_secured_message.dir/encode_decode.c.gcda
Processing /home/key/spdm-lab/work/spdm-emu-pqc/libspdm/build_cov/unit_test/test_spdm_secured_message/CMakeFiles/test_spdm_secured_message.dir/test_spdm_secured_message.c.gcda
Processing /home/key/spdm-lab/work/spdm-emu-pqc/libspdm/build_cov/unit_test/test_spdm_secured_message/CMakeFiles/test_spdm_secured_message.dir/__/spdm_unit_test_common/support.c.gcda
Processing /home/key/spdm-lab/work/spdm-emu-pqc/libspdm/build_cov/unit_test/test_spdm_secured_message/CMakeFiles/test_spdm_secured_message.dir/__/spdm_unit_test_common/common.c.gcda
Processing /home/key/spdm-lab/work/spdm-emu-pqc/libspdm/build_cov/unit_test/cmockalib/CMakeFiles/cmockalib.dir/cmocka/src/cmocka.c.gcda
Processing /home/key/spdm-lab/work/spdm-emu-pqc/libspdm/build_cov/unit_test/test_spdm_crypt/CMakeFiles/test_spdm_crypt.dir/test_spdm_crypt.c.gcda
Processing /home/key/spdm-lab/work/spdm-emu-pqc/libspdm/build_cov/unit_test/test_spdm_crypt/CMakeFiles/test_spdm_crypt.dir/__/spdm_unit_test_common/support.c.gcda
Processing /home/key/spdm-lab/work/spdm-emu-pqc/libspdm/build_cov/unit_test/test_spdm_common/CMakeFiles/test_spdm_common.dir/context_data.c.gcda
Processing /home/key/spdm-lab/work/spdm-emu-pqc/libspdm/build_cov/unit_test/test_spdm_common/CMakeFiles/test_spdm_common.dir/test_spdm_common.c.gcda
Processing /home/key/spdm-lab/work/spdm-emu-pqc/libspdm/build_cov/unit_test/test_spdm_common/CMakeFiles/test_spdm_common.dir/support.c.gcda
Processing /home/key/spdm-lab/work/spdm-emu-pqc/libspdm/build_cov/unit_test/test_spdm_common/CMakeFiles/test_spdm_common.dir/__/spdm_unit_test_common/support.c.gcda
Processing /home/key/spdm-lab/work/spdm-emu-pqc/libspdm/build_cov/unit_test/test_spdm_common/CMakeFiles/test_spdm_common.dir/__/spdm_unit_test_common/common.c.gcda
Processing /home/key/spdm-lab/work/spdm-emu-pqc/libspdm/build_cov/unit_test/test_spdm_fips/CMakeFiles/test_spdm_fips.dir/test_spdm_fips.c.gcda
Processing /home/key/spdm-lab/work/spdm-emu-pqc/libspdm/build_cov/unit_test/test_spdm_fips/CMakeFiles/test_spdm_fips.dir/__/spdm_unit_test_common/support.c.gcda
Processing /home/key/spdm-lab/work/spdm-emu-pqc/libspdm/build_cov/unit_test/test_spdm_sample/CMakeFiles/test_spdm_sample.dir/test_spdm_sample.c.gcda
Processing /home/key/spdm-lab/work/spdm-emu-pqc/libspdm/build_cov/unit_test/test_spdm_sample/CMakeFiles/test_spdm_sample.dir/__/spdm_unit_test_common/support.c.gcda
Processing /home/key/spdm-lab/work/spdm-emu-pqc/libspdm/build_cov/unit_test/test_crypt/CMakeFiles/test_crypt.dir/ec_verify.c.gcda
Processing /home/key/spdm-lab/work/spdm-emu-pqc/libspdm/build_cov/unit_test/test_crypt/CMakeFiles/test_crypt.dir/mldsa_verify.c.gcda
Processing /home/key/spdm-lab/work/spdm-emu-pqc/libspdm/build_cov/unit_test/test_crypt/CMakeFiles/test_crypt.dir/hkdf_verify.c.gcda
Processing /home/key/spdm-lab/work/spdm-emu-pqc/libspdm/build_cov/unit_test/test_crypt/CMakeFiles/test_crypt.dir/mldsa_verify2.c.gcda
Processing /home/key/spdm-lab/work/spdm-emu-pqc/libspdm/build_cov/unit_test/test_crypt/CMakeFiles/test_crypt.dir/slhdsa_verify.c.gcda
Processing /home/key/spdm-lab/work/spdm-emu-pqc/libspdm/build_cov/unit_test/test_crypt/CMakeFiles/test_crypt.dir/rsa_verify.c.gcda
Processing /home/key/spdm-lab/work/spdm-emu-pqc/libspdm/build_cov/unit_test/test_crypt/CMakeFiles/test_crypt.dir/hash_verify.c.gcda
Processing /home/key/spdm-lab/work/spdm-emu-pqc/libspdm/build_cov/unit_test/test_crypt/CMakeFiles/test_crypt.dir/test_crypt.c.gcda
Processing /home/key/spdm-lab/work/spdm-emu-pqc/libspdm/build_cov/unit_test/test_crypt/CMakeFiles/test_crypt.dir/mlkem_verify.c.gcda
Processing /home/key/spdm-lab/work/spdm-emu-pqc/libspdm/build_cov/unit_test/test_crypt/CMakeFiles/test_crypt.dir/aead_verify.c.gcda
Processing /home/key/spdm-lab/work/spdm-emu-pqc/libspdm/build_cov/unit_test/test_crypt/CMakeFiles/test_crypt.dir/ecd_verify2.c.gcda
Processing /home/key/spdm-lab/work/spdm-emu-pqc/libspdm/build_cov/unit_test/test_crypt/CMakeFiles/test_crypt.dir/sm2_verify.c.gcda
Processing /home/key/spdm-lab/work/spdm-emu-pqc/libspdm/build_cov/unit_test/test_crypt/CMakeFiles/test_crypt.dir/ecd_verify.c.gcda
Processing /home/key/spdm-lab/work/spdm-emu-pqc/libspdm/build_cov/unit_test/test_crypt/CMakeFiles/test_crypt.dir/os_support.c.gcda
Processing /home/key/spdm-lab/work/spdm-emu-pqc/libspdm/build_cov/unit_test/test_crypt/CMakeFiles/test_crypt.dir/x509_verify.c.gcda
Processing /home/key/spdm-lab/work/spdm-emu-pqc/libspdm/build_cov/unit_test/test_crypt/CMakeFiles/test_crypt.dir/sm2_verify2.c.gcda
Processing /home/key/spdm-lab/work/spdm-emu-pqc/libspdm/build_cov/unit_test/test_crypt/CMakeFiles/test_crypt.dir/dh_verify.c.gcda
Processing /home/key/spdm-lab/work/spdm-emu-pqc/libspdm/build_cov/unit_test/test_crypt/CMakeFiles/test_crypt.dir/hmac_verify.c.gcda
Processing /home/key/spdm-lab/work/spdm-emu-pqc/libspdm/build_cov/unit_test/test_crypt/CMakeFiles/test_crypt.dir/rsa_verify2.c.gcda
Processing /home/key/spdm-lab/work/spdm-emu-pqc/libspdm/build_cov/unit_test/test_crypt/CMakeFiles/test_crypt.dir/rand_verify.c.gcda
Processing /home/key/spdm-lab/work/spdm-emu-pqc/libspdm/build_cov/unit_test/test_crypt/CMakeFiles/test_crypt.dir/ec_verify2.c.gcda
Processing /home/key/spdm-lab/work/spdm-emu-pqc/libspdm/build_cov/unit_test/test_crypt/CMakeFiles/test_crypt.dir/slhdsa_verify2.c.gcda
Processing /home/key/spdm-lab/work/spdm-emu-pqc/libspdm/build_cov/unit_test/test_spdm_requester/CMakeFiles/test_spdm_requester.dir/chunk_send.c.gcda
Processing /home/key/spdm-lab/work/spdm-emu-pqc/libspdm/build_cov/unit_test/test_spdm_requester/CMakeFiles/test_spdm_requester.dir/get_supported_event_types.c.gcda
Processing /home/key/spdm-lab/work/spdm-emu-pqc/libspdm/build_cov/unit_test/test_spdm_requester/CMakeFiles/test_spdm_requester.dir/chunk_get.c.gcda
Processing /home/key/spdm-lab/work/spdm-emu-pqc/libspdm/build_cov/unit_test/test_spdm_requester/CMakeFiles/test_spdm_requester.dir/encap_key_update_ack.c.gcda
Processing /home/key/spdm-lab/work/spdm-emu-pqc/libspdm/build_cov/unit_test/test_spdm_requester/CMakeFiles/test_spdm_requester.dir/get_key_pair_info.c.gcda
Processing /home/key/spdm-lab/work/spdm-emu-pqc/libspdm/build_cov/unit_test/test_spdm_requester/CMakeFiles/test_spdm_requester.dir/set_key_pair_info.c.gcda
Processing /home/key/spdm-lab/work/spdm-emu-pqc/libspdm/build_cov/unit_test/test_spdm_requester/CMakeFiles/test_spdm_requester.dir/error_test/get_measurements_err.c.gcda
Processing /home/key/spdm-lab/work/spdm-emu-pqc/libspdm/build_cov/unit_test/test_spdm_requester/CMakeFiles/test_spdm_requester.dir/error_test/get_supported_event_types_err.c.gcda
Processing /home/key/spdm-lab/work/spdm-emu-pqc/libspdm/build_cov/unit_test/test_spdm_requester/CMakeFiles/test_spdm_requester.dir/error_test/get_endpoint_info_err.c.gcda
Processing /home/key/spdm-lab/work/spdm-emu-pqc/libspdm/build_cov/unit_test/test_spdm_requester/CMakeFiles/test_spdm_requester.dir/error_test/send_event_err.c.gcda
Processing /home/key/spdm-lab/work/spdm-emu-pqc/libspdm/build_cov/unit_test/test_spdm_requester/CMakeFiles/test_spdm_requester.dir/error_test/set_key_pair_info_err.c.gcda
Processing /home/key/spdm-lab/work/spdm-emu-pqc/libspdm/build_cov/unit_test/test_spdm_requester/CMakeFiles/test_spdm_requester.dir/error_test/encap_supported_event_types_err.c.gcda
Processing /home/key/spdm-lab/work/spdm-emu-pqc/libspdm/build_cov/unit_test/test_spdm_requester/CMakeFiles/test_spdm_requester.dir/error_test/key_exchange_err.c.gcda
Processing /home/key/spdm-lab/work/spdm-emu-pqc/libspdm/build_cov/unit_test/test_spdm_requester/CMakeFiles/test_spdm_requester.dir/error_test/encap_endpoint_info_err.c.gcda
Processing /home/key/spdm-lab/work/spdm-emu-pqc/libspdm/build_cov/unit_test/test_spdm_requester/CMakeFiles/test_spdm_requester.dir/error_test/encap_event_ack_err.c.gcda
Processing /home/key/spdm-lab/work/spdm-emu-pqc/libspdm/build_cov/unit_test/test_spdm_requester/CMakeFiles/test_spdm_requester.dir/error_test/subscribe_event_types_err.c.gcda
Processing /home/key/spdm-lab/work/spdm-emu-pqc/libspdm/build_cov/unit_test/test_spdm_requester/CMakeFiles/test_spdm_requester.dir/error_test/get_digests_err.c.gcda
Processing /home/key/spdm-lab/work/spdm-emu-pqc/libspdm/build_cov/unit_test/test_spdm_requester/CMakeFiles/test_spdm_requester.dir/error_test/vendor_defined_request_err.c.gcda
Processing /home/key/spdm-lab/work/spdm-emu-pqc/libspdm/build_cov/unit_test/test_spdm_requester/CMakeFiles/test_spdm_requester.dir/error_test/encap_subscribe_event_types_ack_err.c.gcda
Processing /home/key/spdm-lab/work/spdm-emu-pqc/libspdm/build_cov/unit_test/test_spdm_requester/CMakeFiles/test_spdm_requester.dir/error_test/get_version_err.c.gcda
Processing /home/key/spdm-lab/work/spdm-emu-pqc/libspdm/build_cov/unit_test/test_spdm_requester/CMakeFiles/test_spdm_requester.dir/error_test/negotiate_algorithms_err.c.gcda
Processing /home/key/spdm-lab/work/spdm-emu-pqc/libspdm/build_cov/unit_test/test_spdm_requester/CMakeFiles/test_spdm_requester.dir/error_test/get_key_pair_info_err.c.gcda
Processing /home/key/spdm-lab/work/spdm-emu-pqc/libspdm/build_cov/unit_test/test_spdm_requester/CMakeFiles/test_spdm_requester.dir/error_test/get_capabilities_err.c.gcda
Processing /home/key/spdm-lab/work/spdm-emu-pqc/libspdm/build_cov/unit_test/test_spdm_requester/CMakeFiles/test_spdm_requester.dir/negotiate_algorithms.c.gcda
Processing /home/key/spdm-lab/work/spdm-emu-pqc/libspdm/build_cov/unit_test/test_spdm_requester/CMakeFiles/test_spdm_requester.dir/send_event.c.gcda
Processing /home/key/spdm-lab/work/spdm-emu-pqc/libspdm/build_cov/unit_test/test_spdm_requester/CMakeFiles/test_spdm_requester.dir/encap_challenge_auth.c.gcda
Processing /home/key/spdm-lab/work/spdm-emu-pqc/libspdm/build_cov/unit_test/test_spdm_requester/CMakeFiles/test_spdm_requester.dir/encap_supported_event_types.c.gcda
Processing /home/key/spdm-lab/work/spdm-emu-pqc/libspdm/build_cov/unit_test/test_spdm_requester/CMakeFiles/test_spdm_requester.dir/get_digests.c.gcda
Processing /home/key/spdm-lab/work/spdm-emu-pqc/libspdm/build_cov/unit_test/test_spdm_requester/CMakeFiles/test_spdm_requester.dir/key_exchange.c.gcda
Processing /home/key/spdm-lab/work/spdm-emu-pqc/libspdm/build_cov/unit_test/test_spdm_requester/CMakeFiles/test_spdm_requester.dir/get_certificate.c.gcda
Processing /home/key/spdm-lab/work/spdm-emu-pqc/libspdm/build_cov/unit_test/test_spdm_requester/CMakeFiles/test_spdm_requester.dir/subscribe_event_types.c.gcda
Processing /home/key/spdm-lab/work/spdm-emu-pqc/libspdm/build_cov/unit_test/test_spdm_requester/CMakeFiles/test_spdm_requester.dir/get_measurement_extension_log.c.gcda
Processing /home/key/spdm-lab/work/spdm-emu-pqc/libspdm/build_cov/unit_test/test_spdm_requester/CMakeFiles/test_spdm_requester.dir/get_endpoint_info.c.gcda
Processing /home/key/spdm-lab/work/spdm-emu-pqc/libspdm/build_cov/unit_test/test_spdm_requester/CMakeFiles/test_spdm_requester.dir/get_measurements.c.gcda
Processing /home/key/spdm-lab/work/spdm-emu-pqc/libspdm/build_cov/unit_test/test_spdm_requester/CMakeFiles/test_spdm_requester.dir/__/spdm_unit_test_common/support.c.gcda
Processing /home/key/spdm-lab/work/spdm-emu-pqc/libspdm/build_cov/unit_test/test_spdm_requester/CMakeFiles/test_spdm_requester.dir/__/spdm_unit_test_common/event_support.c.gcda
Processing /home/key/spdm-lab/work/spdm-emu-pqc/libspdm/build_cov/unit_test/test_spdm_requester/CMakeFiles/test_spdm_requester.dir/__/spdm_unit_test_common/common.c.gcda
Processing /home/key/spdm-lab/work/spdm-emu-pqc/libspdm/build_cov/unit_test/test_spdm_requester/CMakeFiles/test_spdm_requester.dir/get_csr.c.gcda
Processing /home/key/spdm-lab/work/spdm-emu-pqc/libspdm/build_cov/unit_test/test_spdm_requester/CMakeFiles/test_spdm_requester.dir/psk_finish.c.gcda
Processing /home/key/spdm-lab/work/spdm-emu-pqc/libspdm/build_cov/unit_test/test_spdm_requester/CMakeFiles/test_spdm_requester.dir/test_spdm_requester.c.gcda
Processing /home/key/spdm-lab/work/spdm-emu-pqc/libspdm/build_cov/unit_test/test_spdm_requester/CMakeFiles/test_spdm_requester.dir/encap_digests.c.gcda
Processing /home/key/spdm-lab/work/spdm-emu-pqc/libspdm/build_cov/unit_test/test_spdm_requester/CMakeFiles/test_spdm_requester.dir/get_version.c.gcda
Processing /home/key/spdm-lab/work/spdm-emu-pqc/libspdm/build_cov/unit_test/test_spdm_requester/CMakeFiles/test_spdm_requester.dir/encap_subscribe_event_types_ack.c.gcda
Processing /home/key/spdm-lab/work/spdm-emu-pqc/libspdm/build_cov/unit_test/test_spdm_requester/CMakeFiles/test_spdm_requester.dir/encap_certificate.c.gcda
Processing /home/key/spdm-lab/work/spdm-emu-pqc/libspdm/build_cov/unit_test/test_spdm_requester/CMakeFiles/test_spdm_requester.dir/get_encapsulated_request.c.gcda
Processing /home/key/spdm-lab/work/spdm-emu-pqc/libspdm/build_cov/unit_test/test_spdm_requester/CMakeFiles/test_spdm_requester.dir/psk_exchange.c.gcda
Processing /home/key/spdm-lab/work/spdm-emu-pqc/libspdm/build_cov/unit_test/test_spdm_requester/CMakeFiles/test_spdm_requester.dir/encap_event_ack.c.gcda
Processing /home/key/spdm-lab/work/spdm-emu-pqc/libspdm/build_cov/unit_test/test_spdm_requester/CMakeFiles/test_spdm_requester.dir/challenge.c.gcda
Processing /home/key/spdm-lab/work/spdm-emu-pqc/libspdm/build_cov/unit_test/test_spdm_requester/CMakeFiles/test_spdm_requester.dir/encap_endpoint_info.c.gcda
Processing /home/key/spdm-lab/work/spdm-emu-pqc/libspdm/build_cov/unit_test/test_spdm_requester/CMakeFiles/test_spdm_requester.dir/end_session.c.gcda
Processing /home/key/spdm-lab/work/spdm-emu-pqc/libspdm/build_cov/unit_test/test_spdm_requester/CMakeFiles/test_spdm_requester.dir/set_certificate.c.gcda
Processing /home/key/spdm-lab/work/spdm-emu-pqc/libspdm/build_cov/unit_test/test_spdm_requester/CMakeFiles/test_spdm_requester.dir/finish.c.gcda
Processing /home/key/spdm-lab/work/spdm-emu-pqc/libspdm/build_cov/unit_test/test_spdm_requester/CMakeFiles/test_spdm_requester.dir/key_update.c.gcda
Processing /home/key/spdm-lab/work/spdm-emu-pqc/libspdm/build_cov/unit_test/test_spdm_requester/CMakeFiles/test_spdm_requester.dir/get_capabilities.c.gcda
Processing /home/key/spdm-lab/work/spdm-emu-pqc/libspdm/build_cov/unit_test/test_spdm_requester/CMakeFiles/test_spdm_requester.dir/vendor_defined_request.c.gcda
Processing /home/key/spdm-lab/work/spdm-emu-pqc/libspdm/build_cov/unit_test/test_spdm_requester/CMakeFiles/test_spdm_requester.dir/heartbeat.c.gcda
Processing /home/key/spdm-lab/work/spdm-emu-pqc/libspdm/build_cov/unit_test/test_spdm_responder/CMakeFiles/test_spdm_responder.dir/algorithms.c.gcda
Processing /home/key/spdm-lab/work/spdm-emu-pqc/libspdm/build_cov/unit_test/test_spdm_responder/CMakeFiles/test_spdm_responder.dir/encap_get_digests.c.gcda
Processing /home/key/spdm-lab/work/spdm-emu-pqc/libspdm/build_cov/unit_test/test_spdm_responder/CMakeFiles/test_spdm_responder.dir/key_exchange_rsp.c.gcda
Processing /home/key/spdm-lab/work/spdm-emu-pqc/libspdm/build_cov/unit_test/test_spdm_responder/CMakeFiles/test_spdm_responder.dir/measurement_extension_log.c.gcda
Processing /home/key/spdm-lab/work/spdm-emu-pqc/libspdm/build_cov/unit_test/test_spdm_responder/CMakeFiles/test_spdm_responder.dir/error_test/endpoint_info_err.c.gcda
Processing /home/key/spdm-lab/work/spdm-emu-pqc/libspdm/build_cov/unit_test/test_spdm_responder/CMakeFiles/test_spdm_responder.dir/error_test/set_key_pair_info_ack_err.c.gcda
Processing /home/key/spdm-lab/work/spdm-emu-pqc/libspdm/build_cov/unit_test/test_spdm_responder/CMakeFiles/test_spdm_responder.dir/error_test/encap_send_event_err.c.gcda
Processing /home/key/spdm-lab/work/spdm-emu-pqc/libspdm/build_cov/unit_test/test_spdm_responder/CMakeFiles/test_spdm_responder.dir/error_test/measurement_extension_log_err.c.gcda
Processing /home/key/spdm-lab/work/spdm-emu-pqc/libspdm/build_cov/unit_test/test_spdm_responder/CMakeFiles/test_spdm_responder.dir/error_test/supported_event_types_err.c.gcda
Processing /home/key/spdm-lab/work/spdm-emu-pqc/libspdm/build_cov/unit_test/test_spdm_responder/CMakeFiles/test_spdm_responder.dir/error_test/vendor_defined_response_err.c.gcda
Processing /home/key/spdm-lab/work/spdm-emu-pqc/libspdm/build_cov/unit_test/test_spdm_responder/CMakeFiles/test_spdm_responder.dir/error_test/event_ack_err.c.gcda
Processing /home/key/spdm-lab/work/spdm-emu-pqc/libspdm/build_cov/unit_test/test_spdm_responder/CMakeFiles/test_spdm_responder.dir/error_test/encap_get_endpoint_info_err.c.gcda
Processing /home/key/spdm-lab/work/spdm-emu-pqc/libspdm/build_cov/unit_test/test_spdm_responder/CMakeFiles/test_spdm_responder.dir/error_test/subscribe_event_types_ack_err.c.gcda
Processing /home/key/spdm-lab/work/spdm-emu-pqc/libspdm/build_cov/unit_test/test_spdm_responder/CMakeFiles/test_spdm_responder.dir/error_test/key_pair_info_err.c.gcda
Processing /home/key/spdm-lab/work/spdm-emu-pqc/libspdm/build_cov/unit_test/test_spdm_responder/CMakeFiles/test_spdm_responder.dir/heartbeat_ack.c.gcda
Processing /home/key/spdm-lab/work/spdm-emu-pqc/libspdm/build_cov/unit_test/test_spdm_responder/CMakeFiles/test_spdm_responder.dir/supported_event_types.c.gcda
Processing /home/key/spdm-lab/work/spdm-emu-pqc/libspdm/build_cov/unit_test/test_spdm_responder/CMakeFiles/test_spdm_responder.dir/test_spdm_responder.c.gcda
Processing /home/key/spdm-lab/work/spdm-emu-pqc/libspdm/build_cov/unit_test/test_spdm_responder/CMakeFiles/test_spdm_responder.dir/encap_key_update.c.gcda
Processing /home/key/spdm-lab/work/spdm-emu-pqc/libspdm/build_cov/unit_test/test_spdm_responder/CMakeFiles/test_spdm_responder.dir/encap_send_event.c.gcda
Processing /home/key/spdm-lab/work/spdm-emu-pqc/libspdm/build_cov/unit_test/test_spdm_responder/CMakeFiles/test_spdm_responder.dir/subscribe_event_types_ack.c.gcda
Processing /home/key/spdm-lab/work/spdm-emu-pqc/libspdm/build_cov/unit_test/test_spdm_responder/CMakeFiles/test_spdm_responder.dir/digests.c.gcda
Processing /home/key/spdm-lab/work/spdm-emu-pqc/libspdm/build_cov/unit_test/test_spdm_responder/CMakeFiles/test_spdm_responder.dir/encap_challenge.c.gcda
Processing /home/key/spdm-lab/work/spdm-emu-pqc/libspdm/build_cov/unit_test/test_spdm_responder/CMakeFiles/test_spdm_responder.dir/__/spdm_unit_test_common/support.c.gcda
Processing /home/key/spdm-lab/work/spdm-emu-pqc/libspdm/build_cov/unit_test/test_spdm_responder/CMakeFiles/test_spdm_responder.dir/__/spdm_unit_test_common/event_support.c.gcda
Processing /home/key/spdm-lab/work/spdm-emu-pqc/libspdm/build_cov/unit_test/test_spdm_responder/CMakeFiles/test_spdm_responder.dir/__/spdm_unit_test_common/common.c.gcda
Processing /home/key/spdm-lab/work/spdm-emu-pqc/libspdm/build_cov/unit_test/test_spdm_responder/CMakeFiles/test_spdm_responder.dir/psk_finish_rsp.c.gcda
Processing /home/key/spdm-lab/work/spdm-emu-pqc/libspdm/build_cov/unit_test/test_spdm_responder/CMakeFiles/test_spdm_responder.dir/set_key_pair_info_ack.c.gcda
Processing /home/key/spdm-lab/work/spdm-emu-pqc/libspdm/build_cov/unit_test/test_spdm_responder/CMakeFiles/test_spdm_responder.dir/version.c.gcda
Processing /home/key/spdm-lab/work/spdm-emu-pqc/libspdm/build_cov/unit_test/test_spdm_responder/CMakeFiles/test_spdm_responder.dir/endpoint_info.c.gcda
Processing /home/key/spdm-lab/work/spdm-emu-pqc/libspdm/build_cov/unit_test/test_spdm_responder/CMakeFiles/test_spdm_responder.dir/event_ack.c.gcda
Processing /home/key/spdm-lab/work/spdm-emu-pqc/libspdm/build_cov/unit_test/test_spdm_responder/CMakeFiles/test_spdm_responder.dir/finish_rsp.c.gcda
Processing /home/key/spdm-lab/work/spdm-emu-pqc/libspdm/build_cov/unit_test/test_spdm_responder/CMakeFiles/test_spdm_responder.dir/key_update_ack.c.gcda
Processing /home/key/spdm-lab/work/spdm-emu-pqc/libspdm/build_cov/unit_test/test_spdm_responder/CMakeFiles/test_spdm_responder.dir/encapsulated_request.c.gcda
Processing /home/key/spdm-lab/work/spdm-emu-pqc/libspdm/build_cov/unit_test/test_spdm_responder/CMakeFiles/test_spdm_responder.dir/csr.c.gcda
Processing /home/key/spdm-lab/work/spdm-emu-pqc/libspdm/build_cov/unit_test/test_spdm_responder/CMakeFiles/test_spdm_responder.dir/key_pair_info.c.gcda
Processing /home/key/spdm-lab/work/spdm-emu-pqc/libspdm/build_cov/unit_test/test_spdm_responder/CMakeFiles/test_spdm_responder.dir/respond_if_ready.c.gcda
Processing /home/key/spdm-lab/work/spdm-emu-pqc/libspdm/build_cov/unit_test/test_spdm_responder/CMakeFiles/test_spdm_responder.dir/vendor_defined_response.c.gcda
Processing /home/key/spdm-lab/work/spdm-emu-pqc/libspdm/build_cov/unit_test/test_spdm_responder/CMakeFiles/test_spdm_responder.dir/encap_get_endpoint_info.c.gcda
Processing /home/key/spdm-lab/work/spdm-emu-pqc/libspdm/build_cov/unit_test/test_spdm_responder/CMakeFiles/test_spdm_responder.dir/challenge_auth.c.gcda
Processing /home/key/spdm-lab/work/spdm-emu-pqc/libspdm/build_cov/unit_test/test_spdm_responder/CMakeFiles/test_spdm_responder.dir/end_session_ack.c.gcda
Processing /home/key/spdm-lab/work/spdm-emu-pqc/libspdm/build_cov/unit_test/test_spdm_responder/CMakeFiles/test_spdm_responder.dir/chunk_send_ack.c.gcda
Processing /home/key/spdm-lab/work/spdm-emu-pqc/libspdm/build_cov/unit_test/test_spdm_responder/CMakeFiles/test_spdm_responder.dir/measurements.c.gcda
Processing /home/key/spdm-lab/work/spdm-emu-pqc/libspdm/build_cov/unit_test/test_spdm_responder/CMakeFiles/test_spdm_responder.dir/chunk_response.c.gcda
Processing /home/key/spdm-lab/work/spdm-emu-pqc/libspdm/build_cov/unit_test/test_spdm_responder/CMakeFiles/test_spdm_responder.dir/set_certificate_rsp.c.gcda
Processing /home/key/spdm-lab/work/spdm-emu-pqc/libspdm/build_cov/unit_test/test_spdm_responder/CMakeFiles/test_spdm_responder.dir/certificate.c.gcda
Processing /home/key/spdm-lab/work/spdm-emu-pqc/libspdm/build_cov/unit_test/test_spdm_responder/CMakeFiles/test_spdm_responder.dir/psk_exchange_rsp.c.gcda
Processing /home/key/spdm-lab/work/spdm-emu-pqc/libspdm/build_cov/unit_test/test_spdm_responder/CMakeFiles/test_spdm_responder.dir/receive_send.c.gcda
Processing /home/key/spdm-lab/work/spdm-emu-pqc/libspdm/build_cov/unit_test/test_spdm_responder/CMakeFiles/test_spdm_responder.dir/capabilities.c.gcda
Processing /home/key/spdm-lab/work/spdm-emu-pqc/libspdm/build_cov/unit_test/test_spdm_responder/CMakeFiles/test_spdm_responder.dir/encap_get_certificate.c.gcda
Processing /home/key/spdm-lab/work/spdm-emu-pqc/libspdm/build_cov/os_stub/platform_lib/CMakeFiles/platform_lib.dir/time_unix.c.gcda
Processing /home/key/spdm-lab/work/spdm-emu-pqc/libspdm/build_cov/os_stub/platform_lib/CMakeFiles/platform_lib.dir/watchdog.c.gcda
Processing /home/key/spdm-lab/work/spdm-emu-pqc/libspdm/build_cov/os_stub/cryptlib_openssl/CMakeFiles/cryptlib_openssl.dir/pk/mldsa_basic.c.gcda
Processing /home/key/spdm-lab/work/spdm-emu-pqc/libspdm/build_cov/os_stub/cryptlib_openssl/CMakeFiles/cryptlib_openssl.dir/pk/ec.c.gcda
Processing /home/key/spdm-lab/work/spdm-emu-pqc/libspdm/build_cov/os_stub/cryptlib_openssl/CMakeFiles/cryptlib_openssl.dir/pk/sm2.c.gcda
Processing /home/key/spdm-lab/work/spdm-emu-pqc/libspdm/build_cov/os_stub/cryptlib_openssl/CMakeFiles/cryptlib_openssl.dir/pk/rsa_ext.c.gcda
Processing /home/key/spdm-lab/work/spdm-emu-pqc/libspdm/build_cov/os_stub/cryptlib_openssl/CMakeFiles/cryptlib_openssl.dir/pk/x509.c.gcda
Processing /home/key/spdm-lab/work/spdm-emu-pqc/libspdm/build_cov/os_stub/cryptlib_openssl/CMakeFiles/cryptlib_openssl.dir/pk/ecd.c.gcda
Processing /home/key/spdm-lab/work/spdm-emu-pqc/libspdm/build_cov/os_stub/cryptlib_openssl/CMakeFiles/cryptlib_openssl.dir/pk/slhdsa_basic.c.gcda
Processing /home/key/spdm-lab/work/spdm-emu-pqc/libspdm/build_cov/os_stub/cryptlib_openssl/CMakeFiles/cryptlib_openssl.dir/pk/mlkem.c.gcda
Processing /home/key/spdm-lab/work/spdm-emu-pqc/libspdm/build_cov/os_stub/cryptlib_openssl/CMakeFiles/cryptlib_openssl.dir/pk/slhdsa_ext.c.gcda
Processing /home/key/spdm-lab/work/spdm-emu-pqc/libspdm/build_cov/os_stub/cryptlib_openssl/CMakeFiles/cryptlib_openssl.dir/pk/x509_pqc.c.gcda
Processing /home/key/spdm-lab/work/spdm-emu-pqc/libspdm/build_cov/os_stub/cryptlib_openssl/CMakeFiles/cryptlib_openssl.dir/pk/rsa_basic.c.gcda
Processing /home/key/spdm-lab/work/spdm-emu-pqc/libspdm/build_cov/os_stub/cryptlib_openssl/CMakeFiles/cryptlib_openssl.dir/pk/dh.c.gcda
Processing /home/key/spdm-lab/work/spdm-emu-pqc/libspdm/build_cov/os_stub/cryptlib_openssl/CMakeFiles/cryptlib_openssl.dir/pk/mldsa_ext.c.gcda
Processing /home/key/spdm-lab/work/spdm-emu-pqc/libspdm/build_cov/os_stub/cryptlib_openssl/CMakeFiles/cryptlib_openssl.dir/der/der_pqc.c.gcda
Processing /home/key/spdm-lab/work/spdm-emu-pqc/libspdm/build_cov/os_stub/cryptlib_openssl/CMakeFiles/cryptlib_openssl.dir/der/der.c.gcda
Processing /home/key/spdm-lab/work/spdm-emu-pqc/libspdm/build_cov/os_stub/cryptlib_openssl/CMakeFiles/cryptlib_openssl.dir/hash/sha.c.gcda
Processing /home/key/spdm-lab/work/spdm-emu-pqc/libspdm/build_cov/os_stub/cryptlib_openssl/CMakeFiles/cryptlib_openssl.dir/hash/sha3.c.gcda
Processing /home/key/spdm-lab/work/spdm-emu-pqc/libspdm/build_cov/os_stub/cryptlib_openssl/CMakeFiles/cryptlib_openssl.dir/hash/sm3.c.gcda
Processing /home/key/spdm-lab/work/spdm-emu-pqc/libspdm/build_cov/os_stub/cryptlib_openssl/CMakeFiles/cryptlib_openssl.dir/pem/pem_pqc.c.gcda
Processing /home/key/spdm-lab/work/spdm-emu-pqc/libspdm/build_cov/os_stub/cryptlib_openssl/CMakeFiles/cryptlib_openssl.dir/pem/pem.c.gcda
Processing /home/key/spdm-lab/work/spdm-emu-pqc/libspdm/build_cov/os_stub/cryptlib_openssl/CMakeFiles/cryptlib_openssl.dir/kdf/hkdf_sha.c.gcda
Processing /home/key/spdm-lab/work/spdm-emu-pqc/libspdm/build_cov/os_stub/cryptlib_openssl/CMakeFiles/cryptlib_openssl.dir/kdf/hkdf_sha3.c.gcda
Processing /home/key/spdm-lab/work/spdm-emu-pqc/libspdm/build_cov/os_stub/cryptlib_openssl/CMakeFiles/cryptlib_openssl.dir/kdf/hkdf_sm3.c.gcda
Processing /home/key/spdm-lab/work/spdm-emu-pqc/libspdm/build_cov/os_stub/cryptlib_openssl/CMakeFiles/cryptlib_openssl.dir/cipher/aead_chacha20_poly1305.c.gcda
Processing /home/key/spdm-lab/work/spdm-emu-pqc/libspdm/build_cov/os_stub/cryptlib_openssl/CMakeFiles/cryptlib_openssl.dir/cipher/aead_aes_gcm.c.gcda
Processing /home/key/spdm-lab/work/spdm-emu-pqc/libspdm/build_cov/os_stub/cryptlib_openssl/CMakeFiles/cryptlib_openssl.dir/rand/rand.c.gcda
Processing /home/key/spdm-lab/work/spdm-emu-pqc/libspdm/build_cov/os_stub/cryptlib_openssl/CMakeFiles/cryptlib_openssl.dir/hmac/hmac_sha.c.gcda
Processing /home/key/spdm-lab/work/spdm-emu-pqc/libspdm/build_cov/os_stub/cryptlib_openssl/CMakeFiles/cryptlib_openssl.dir/hmac/hmac_sha3.c.gcda
Processing /home/key/spdm-lab/work/spdm-emu-pqc/libspdm/build_cov/os_stub/cryptlib_openssl/CMakeFiles/cryptlib_openssl.dir/hmac/hmac_sm3.c.gcda
Processing /home/key/spdm-lab/work/spdm-emu-pqc/libspdm/build_cov/os_stub/malloclib/CMakeFiles/malloclib.dir/malloclib.c.gcda
Processing /home/key/spdm-lab/work/spdm-emu-pqc/libspdm/build_cov/os_stub/memlib/CMakeFiles/memlib.dir/copy_mem.c.gcda
Processing /home/key/spdm-lab/work/spdm-emu-pqc/libspdm/build_cov/os_stub/memlib/CMakeFiles/memlib.dir/compare_mem.c.gcda
Processing /home/key/spdm-lab/work/spdm-emu-pqc/libspdm/build_cov/os_stub/memlib/CMakeFiles/memlib.dir/zero_mem.c.gcda
Processing /home/key/spdm-lab/work/spdm-emu-pqc/libspdm/build_cov/os_stub/memlib/CMakeFiles/memlib.dir/set_mem.c.gcda
Processing /home/key/spdm-lab/work/spdm-emu-pqc/libspdm/build_cov/os_stub/debuglib/CMakeFiles/debuglib.dir/debuglib.c.gcda
Processing /home/key/spdm-lab/work/spdm-emu-pqc/libspdm/build_cov/os_stub/spdm_cert_verify_callback_sample/CMakeFiles/spdm_cert_verify_callback_sample.dir/spdm_cert_verify_callback.c.gcda
Processing /home/key/spdm-lab/work/spdm-emu-pqc/libspdm/build_cov/os_stub/spdm_device_secret_lib_sample/CMakeFiles/spdm_device_secret_lib_sample.dir/key_ex.c.gcda
Processing /home/key/spdm-lab/work/spdm-emu-pqc/libspdm/build_cov/os_stub/spdm_device_secret_lib_sample/CMakeFiles/spdm_device_secret_lib_sample.dir/read_priv_key_pem_pqc.c.gcda
Processing /home/key/spdm-lab/work/spdm-emu-pqc/libspdm/build_cov/os_stub/spdm_device_secret_lib_sample/CMakeFiles/spdm_device_secret_lib_sample.dir/set_cert.c.gcda
Processing /home/key/spdm-lab/work/spdm-emu-pqc/libspdm/build_cov/os_stub/spdm_device_secret_lib_sample/CMakeFiles/spdm_device_secret_lib_sample.dir/read_pub_cert.c.gcda
Processing /home/key/spdm-lab/work/spdm-emu-pqc/libspdm/build_cov/os_stub/spdm_device_secret_lib_sample/CMakeFiles/spdm_device_secret_lib_sample.dir/read_priv_key_raw_data_pqc.c.gcda
Processing /home/key/spdm-lab/work/spdm-emu-pqc/libspdm/build_cov/os_stub/spdm_device_secret_lib_sample/CMakeFiles/spdm_device_secret_lib_sample.dir/psk.c.gcda
Processing /home/key/spdm-lab/work/spdm-emu-pqc/libspdm/build_cov/os_stub/spdm_device_secret_lib_sample/CMakeFiles/spdm_device_secret_lib_sample.dir/event.c.gcda
Processing /home/key/spdm-lab/work/spdm-emu-pqc/libspdm/build_cov/os_stub/spdm_device_secret_lib_sample/CMakeFiles/spdm_device_secret_lib_sample.dir/sign.c.gcda
Processing /home/key/spdm-lab/work/spdm-emu-pqc/libspdm/build_cov/os_stub/spdm_device_secret_lib_sample/CMakeFiles/spdm_device_secret_lib_sample.dir/endpointinfo.c.gcda
Processing /home/key/spdm-lab/work/spdm-emu-pqc/libspdm/build_cov/os_stub/spdm_device_secret_lib_sample/CMakeFiles/spdm_device_secret_lib_sample.dir/csr.c.gcda
Processing /home/key/spdm-lab/work/spdm-emu-pqc/libspdm/build_cov/os_stub/spdm_device_secret_lib_sample/CMakeFiles/spdm_device_secret_lib_sample.dir/read_pub_key_der.c.gcda
Processing /home/key/spdm-lab/work/spdm-emu-pqc/libspdm/build_cov/os_stub/spdm_device_secret_lib_sample/CMakeFiles/spdm_device_secret_lib_sample.dir/read_special_cert.c.gcda
Processing /home/key/spdm-lab/work/spdm-emu-pqc/libspdm/build_cov/os_stub/spdm_device_secret_lib_sample/CMakeFiles/spdm_device_secret_lib_sample.dir/measurement_source.c.gcda
Processing /home/key/spdm-lab/work/spdm-emu-pqc/libspdm/build_cov/os_stub/spdm_device_secret_lib_sample/CMakeFiles/spdm_device_secret_lib_sample.dir/key_pair.c.gcda
Processing /home/key/spdm-lab/work/spdm-emu-pqc/libspdm/build_cov/os_stub/spdm_device_secret_lib_sample/CMakeFiles/spdm_device_secret_lib_sample.dir/read_pub_cert_pqc.c.gcda
Processing /home/key/spdm-lab/work/spdm-emu-pqc/libspdm/build_cov/os_stub/spdm_device_secret_lib_sample/CMakeFiles/spdm_device_secret_lib_sample.dir/read_priv_key_pem.c.gcda
Processing /home/key/spdm-lab/work/spdm-emu-pqc/libspdm/build_cov/os_stub/spdm_device_secret_lib_sample/CMakeFiles/spdm_device_secret_lib_sample.dir/meas.c.gcda
Processing /home/key/spdm-lab/work/spdm-emu-pqc/libspdm/build_cov/os_stub/spdm_device_secret_lib_sample/CMakeFiles/spdm_device_secret_lib_sample.dir/chal.c.gcda
Processing /home/key/spdm-lab/work/spdm-emu-pqc/libspdm/build_cov/os_stub/spdm_device_secret_lib_sample/CMakeFiles/spdm_device_secret_lib_sample.dir/read_priv_key_raw_data.c.gcda
Processing /home/key/spdm-lab/work/spdm-emu-pqc/libspdm/build_cov/os_stub/platform_lib_null/CMakeFiles/platform_lib_null.dir/watchdog.c.gcda
Processing /home/key/spdm-lab/work/spdm-emu-pqc/libspdm/build_cov/os_stub/spdm_crypt_ext_lib/CMakeFiles/spdm_crypt_ext_lib.dir/spdm_crypt_ext.c.gcda
Processing /home/key/spdm-lab/work/spdm-emu-pqc/libspdm/build_cov/os_stub/spdm_crypt_ext_lib/CMakeFiles/spdm_crypt_ext_lib.dir/spdm_crypt_ext_pqc.c.gcda
Finished .info-file creation
