Excluding /home/key/spdm-lab/work/spdm-emu-pqc/libspdm/build_cov/os_stub/openssllib/openssl-install/include/openssl/x509.h
Excluding /home/key/spdm-lab/work/spdm-emu-pqc/libspdm/os_stub/cryptlib_openssl/cipher/aead_aes_gcm.c
Excluding /home/key/spdm-lab/work/spdm-emu-pqc/libspdm/os_stub/cryptlib_openssl/cipher/aead_chacha20_poly1305.c
Excluding /home/key/spdm-lab/work/spdm-emu-pqc/libspdm/os_stub/cryptlib_openssl/der/der.c
Excluding /home/key/spdm-lab/work/spdm-emu-pqc/libspdm/os_stub/cryptlib_openssl/der/der_pqc.c
Excluding /home/key/spdm-lab/work/spdm-emu-pqc/libspdm/os_stub/cryptlib_openssl/hash/sha.c
Excluding /home/key/spdm-lab/work/spdm-emu-pqc/libspdm/os_stub/cryptlib_openssl/hash/sha3.c
Excluding /home/key/spdm-lab/work/spdm-emu-pqc/libspdm/os_stub/cryptlib_openssl/hash/sm3.c
Excluding /home/key/spdm-lab/work/spdm-emu-pqc/libspdm/os_stub/cryptlib_openssl/hmac/hmac_sha.c
Excluding /home/key/spdm-lab/work/spdm-emu-pqc/libspdm/os_stub/cryptlib_openssl/hmac/hmac_sha3.c
Excluding /home/key/spdm-lab/work/spdm-emu-pqc/libspdm/os_stub/cryptlib_openssl/hmac/hmac_sm3.c
Excluding /home/key/spdm-lab/work/spdm-emu-pqc/libspdm/os_stub/cryptlib_openssl/kdf/hkdf_sha.c
Excluding /home/key/spdm-lab/work/spdm-emu-pqc/libspdm/os_stub/cryptlib_openssl/kdf/hkdf_sha3.c
Excluding /home/key/spdm-lab/work/spdm-emu-pqc/libspdm/os_stub/cryptlib_openssl/kdf/hkdf_sm3.c
Excluding /home/key/spdm-lab/work/spdm-emu-pqc/libspdm/os_stub/cryptlib_openssl/pem/pem.c
Excluding /home/key/spdm-lab/work/spdm-emu-pqc/libspdm/os_stub/cryptlib_openssl/pem/pem_pqc.c
Excluding /home/key/spdm-lab/work/spdm-emu-pqc/libspdm/os_stub/cryptlib_openssl/pk/dh.c
Excluding /home/key/spdm-lab/work/spdm-emu-pqc/libspdm/os_stub/cryptlib_openssl/pk/ec.c
Excluding /home/key/spdm-lab/work/spdm-emu-pqc/libspdm/os_stub/cryptlib_openssl/pk/ecd.c
Excluding /home/key/spdm-lab/work/spdm-emu-pqc/libspdm/os_stub/cryptlib_openssl/pk/mldsa_basic.c
Excluding /home/key/spdm-lab/work/spdm-emu-pqc/libspdm/os_stub/cryptlib_openssl/pk/mldsa_ext.c
Excluding /home/key/spdm-lab/work/spdm-emu-pqc/libspdm/os_stub/cryptlib_openssl/pk/mlkem.c
Excluding /home/key/spdm-lab/work/spdm-emu-pqc/libspdm/os_stub/cryptlib_openssl/pk/rsa_basic.c
Excluding /home/key/spdm-lab/work/spdm-emu-pqc/libspdm/os_stub/cryptlib_openssl/pk/rsa_ext.c
Excluding /home/key/spdm-lab/work/spdm-emu-pqc/libspdm/os_stub/cryptlib_openssl/pk/slhdsa_basic.c
Excluding /home/key/spdm-lab/work/spdm-emu-pqc/libspdm/os_stub/cryptlib_openssl/pk/slhdsa_ext.c
Excluding /home/key/spdm-lab/work/spdm-emu-pqc/libspdm/os_stub/cryptlib_openssl/pk/sm2.c
Excluding /home/key/spdm-lab/work/spdm-emu-pqc/libspdm/os_stub/cryptlib_openssl/pk/x509.c
Excluding /home/key/spdm-lab/work/spdm-emu-pqc/libspdm/os_stub/cryptlib_openssl/pk/x509_pqc.c
Excluding /home/key/spdm-lab/work/spdm-emu-pqc/libspdm/os_stub/cryptlib_openssl/rand/rand.c
Excluding /home/key/spdm-lab/work/spdm-emu-pqc/libspdm/os_stub/debuglib/debuglib.c
Excluding /home/key/spdm-lab/work/spdm-emu-pqc/libspdm/os_stub/malloclib/malloclib.c
Excluding /home/key/spdm-lab/work/spdm-emu-pqc/libspdm/os_stub/memlib/compare_mem.c
Excluding /home/key/spdm-lab/work/spdm-emu-pqc/libspdm/os_stub/memlib/copy_mem.c
Excluding /home/key/spdm-lab/work/spdm-emu-pqc/libspdm/os_stub/memlib/set_mem.c
Excluding /home/key/spdm-lab/work/spdm-emu-pqc/libspdm/os_stub/memlib/zero_mem.c
Excluding /home/key/spdm-lab/work/spdm-emu-pqc/libspdm/os_stub/platform_lib/time_unix.c
Excluding /home/key/spdm-lab/work/spdm-emu-pqc/libspdm/os_stub/platform_lib/watchdog.c
Excluding /home/key/spdm-lab/work/spdm-emu-pqc/libspdm/os_stub/platform_lib_null/watchdog.c
Excluding /home/key/spdm-lab/work/spdm-emu-pqc/libspdm/os_stub/spdm_cert_verify_callback_sample/spdm_cert_verify_callback.c
Excluding /home/key/spdm-lab/work/spdm-emu-pqc/libspdm/os_stub/spdm_crypt_ext_lib/spdm_crypt_ext.c
Excluding /home/key/spdm-lab/work/spdm-emu-pqc/libspdm/os_stub/spdm_crypt_ext_lib/spdm_crypt_ext_pqc.c
Excluding /home/key/spdm-lab/work/spdm-emu-pqc/libspdm/os_stub/spdm_device_secret_lib_sample/chal.c
Excluding /home/key/spdm-lab/work/spdm-emu-pqc/libspdm/os_stub/spdm_device_secret_lib_sample/csr.c
Excluding /home/key/spdm-lab/work/spdm-emu-pqc/libspdm/os_stub/spdm_device_secret_lib_sample/endpointinfo.c
Excluding /home/key/spdm-lab/work/spdm-emu-pqc/libspdm/os_stub/spdm_device_secret_lib_sample/event.c
Excluding /home/key/spdm-lab/work/spdm-emu-pqc/libspdm/os_stub/spdm_device_secret_lib_sample/key_ex.c
Excluding /home/key/spdm-lab/work/spdm-emu-pqc/libspdm/os_stub/spdm_device_secret_lib_sample/key_pair.c
Excluding /home/key/spdm-lab/work/spdm-emu-pqc/libspdm/os_stub/spdm_device_secret_lib_sample/meas.c
Excluding /home/key/spdm-lab/work/spdm-emu-pqc/libspdm/os_stub/spdm_device_secret_lib_sample/measurement_source.c
Excluding /home/key/spdm-lab/work/spdm-emu-pqc/libspdm/os_stub/spdm_device_secret_lib_sample/psk.c
Excluding /home/key/spdm-lab/work/spdm-emu-pqc/libspdm/os_stub/spdm_device_secret_lib_sample/read_priv_key_pem.c
Excluding /home/key/spdm-lab/work/spdm-emu-pqc/libspdm/os_stub/spdm_device_secret_lib_sample/read_priv_key_pem_pqc.c
Excluding /home/key/spdm-lab/work/spdm-emu-pqc/libspdm/os_stub/spdm_device_secret_lib_sample/read_priv_key_raw_data.c
Excluding /home/key/spdm-lab/work/spdm-emu-pqc/libspdm/os_stub/spdm_device_secret_lib_sample/read_priv_key_raw_data_pqc.c
Excluding /home/key/spdm-lab/work/spdm-emu-pqc/libspdm/os_stub/spdm_device_secret_lib_sample/read_pub_cert.c
Excluding /home/key/spdm-lab/work/spdm-emu-pqc/libspdm/os_stub/spdm_device_secret_lib_sample/read_pub_cert_pqc.c
Excluding /home/key/spdm-lab/work/spdm-emu-pqc/libspdm/os_stub/spdm_device_secret_lib_sample/read_pub_key_der.c
Excluding /home/key/spdm-lab/work/spdm-emu-pqc/libspdm/os_stub/spdm_device_secret_lib_sample/read_special_cert.c
Excluding /home/key/spdm-lab/work/spdm-emu-pqc/libspdm/os_stub/spdm_device_secret_lib_sample/set_cert.c
Excluding /home/key/spdm-lab/work/spdm-emu-pqc/libspdm/os_stub/spdm_device_secret_lib_sample/sign.c
Excluding /home/key/spdm-lab/work/spdm-emu-pqc/libspdm/unit_test/cmockalib/cmocka/src/cmocka.c
Excluding /home/key/spdm-lab/work/spdm-emu-pqc/libspdm/unit_test/spdm_transport_test_lib/common.c
Excluding /home/key/spdm-lab/work/spdm-emu-pqc/libspdm/unit_test/spdm_transport_test_lib/test.c
Excluding /home/key/spdm-lab/work/spdm-emu-pqc/libspdm/unit_test/spdm_unit_test_common/common.c
Excluding /home/key/spdm-lab/work/spdm-emu-pqc/libspdm/unit_test/spdm_unit_test_common/event_support.c
Excluding /home/key/spdm-lab/work/spdm-emu-pqc/libspdm/unit_test/spdm_unit_test_common/support.c
Excluding /home/key/spdm-lab/work/spdm-emu-pqc/libspdm/unit_test/test_crypt/aead_verify.c
Excluding /home/key/spdm-lab/work/spdm-emu-pqc/libspdm/unit_test/test_crypt/dh_verify.c
Excluding /home/key/spdm-lab/work/spdm-emu-pqc/libspdm/unit_test/test_crypt/ec_verify.c
Excluding /home/key/spdm-lab/work/spdm-emu-pqc/libspdm/unit_test/test_crypt/ec_verify2.c
Excluding /home/key/spdm-lab/work/spdm-emu-pqc/libspdm/unit_test/test_crypt/ecd_verify.c
Excluding /home/key/spdm-lab/work/spdm-emu-pqc/libspdm/unit_test/test_crypt/ecd_verify2.c
Excluding /home/key/spdm-lab/work/spdm-emu-pqc/libspdm/unit_test/test_crypt/hash_verify.c
Excluding /home/key/spdm-lab/work/spdm-emu-pqc/libspdm/unit_test/test_crypt/hkdf_verify.c
Excluding /home/key/spdm-lab/work/spdm-emu-pqc/libspdm/unit_test/test_crypt/hmac_verify.c
Excluding /home/key/spdm-lab/work/spdm-emu-pqc/libspdm/unit_test/test_crypt/mldsa_verify.c
Excluding /home/key/spdm-lab/work/spdm-emu-pqc/libspdm/unit_test/test_crypt/mldsa_verify2.c
Excluding /home/key/spdm-lab/work/spdm-emu-pqc/libspdm/unit_test/test_crypt/mlkem_verify.c
Excluding /home/key/spdm-lab/work/spdm-emu-pqc/libspdm/unit_test/test_crypt/os_support.c
Excluding /home/key/spdm-lab/work/spdm-emu-pqc/libspdm/unit_test/test_crypt/rand_verify.c
Excluding /home/key/spdm-lab/work/spdm-emu-pqc/libspdm/unit_test/test_crypt/rsa_verify.c
Excluding /home/key/spdm-lab/work/spdm-emu-pqc/libspdm/unit_test/test_crypt/rsa_verify2.c
Excluding /home/key/spdm-lab/work/spdm-emu-pqc/libspdm/unit_test/test_crypt/slhdsa_verify.c
Excluding /home/key/spdm-lab/work/spdm-emu-pqc/libspdm/unit_test/test_crypt/slhdsa_verify2.c
Excluding /home/key/spdm-lab/work/spdm-emu-pqc/libspdm/unit_test/test_crypt/sm2_verify.c
Excluding /home/key/spdm-lab/work/spdm-emu-pqc/libspdm/unit_test/test_crypt/sm2_verify2.c
Excluding /home/key/spdm-lab/work/spdm-emu-pqc/libspdm/unit_test/test_crypt/test_crypt.c
Excluding /home/key/spdm-lab/work/spdm-emu-pqc/libspdm/unit_test/test_crypt/x509_verify.c
Excluding /home/key/spdm-lab/work/spdm-emu-pqc/libspdm/unit_test/test_spdm_common/context_data.c
Excluding /home/key/spdm-lab/work/spdm-emu-pqc/libspdm/unit_test/test_spdm_common/support.c
Excluding /home/key/spdm-lab/work/spdm-emu-pqc/libspdm/unit_test/test_spdm_common/test_spdm_common.c
Excluding /home/key/spdm-lab/work/spdm-emu-pqc/libspdm/unit_test/test_spdm_crypt/test_spdm_crypt.c
Excluding /home/key/spdm-lab/work/spdm-emu-pqc/libspdm/unit_test/test_spdm_fips/test_spdm_fips.c
Excluding /home/key/spdm-lab/work/spdm-emu-pqc/libspdm/unit_test/test_spdm_requester/challenge.c
Excluding /home/key/spdm-lab/work/spdm-emu-pqc/libspdm/unit_test/test_spdm_requester/chunk_get.c
Excluding /home/key/spdm-lab/work/spdm-emu-pqc/libspdm/unit_test/test_spdm_requester/chunk_send.c
Excluding /home/key/spdm-lab/work/spdm-emu-pqc/libspdm/unit_test/test_spdm_requester/encap_certificate.c
Excluding /home/key/spdm-lab/work/spdm-emu-pqc/libspdm/unit_test/test_spdm_requester/encap_challenge_auth.c
Excluding /home/key/spdm-lab/work/spdm-emu-pqc/libspdm/unit_test/test_spdm_requester/encap_digests.c
Excluding /home/key/spdm-lab/work/spdm-emu-pqc/libspdm/unit_test/test_spdm_requester/encap_endpoint_info.c
Excluding /home/key/spdm-lab/work/spdm-emu-pqc/libspdm/unit_test/test_spdm_requester/encap_event_ack.c
Excluding /home/key/spdm-lab/work/spdm-emu-pqc/libspdm/unit_test/test_spdm_requester/encap_key_update_ack.c
Excluding /home/key/spdm-lab/work/spdm-emu-pqc/libspdm/unit_test/test_spdm_requester/encap_subscribe_event_types_ack.c
Excluding /home/key/spdm-lab/work/spdm-emu-pqc/libspdm/unit_test/test_spdm_requester/encap_supported_event_types.c
Excluding /home/key/spdm-lab/work/spdm-emu-pqc/libspdm/unit_test/test_spdm_requester/end_session.c
Excluding /home/key/spdm-lab/work/spdm-emu-pqc/libspdm/unit_test/test_spdm_requester/error_test/encap_endpoint_info_err.c
Excluding /home/key/spdm-lab/work/spdm-emu-pqc/libspdm/unit_test/test_spdm_requester/error_test/encap_event_ack_err.c
Excluding /home/key/spdm-lab/work/spdm-emu-pqc/libspdm/unit_test/test_spdm_requester/error_test/encap_subscribe_event_types_ack_err.c
Excluding /home/key/spdm-lab/work/spdm-emu-pqc/libspdm/unit_test/test_spdm_requester/error_test/encap_supported_event_types_err.c
Excluding /home/key/spdm-lab/work/spdm-emu-pqc/libspdm/unit_test/test_spdm_requester/error_test/get_capabilities_err.c
Excluding /home/key/spdm-lab/work/spdm-emu-pqc/libspdm/unit_test/test_spdm_requester/error_test/get_digests_err.c
Excluding /home/key/spdm-lab/work/spdm-emu-pqc/libspdm/unit_test/test_spdm_requester/error_test/get_endpoint_info_err.c
Excluding /home/key/spdm-lab/work/spdm-emu-pqc/libspdm/unit_test/test_spdm_requester/error_test/get_key_pair_info_err.c
Excluding /home/key/spdm-lab/work/spdm-emu-pqc/libspdm/unit_test/test_spdm_requester/error_test/get_measurements_err.c
Excluding /home/key/spdm-lab/work/spdm-emu-pqc/libspdm/unit_test/test_spdm_requester/error_test/get_supported_event_types_err.c
Excluding /home/key/spdm-lab/work/spdm-emu-pqc/libspdm/unit_test/test_spdm_requester/error_test/get_version_err.c
Excluding /home/key/spdm-lab/work/spdm-emu-pqc/libspdm/unit_test/test_spdm_requester/error_test/key_exchange_err.c
Excluding /home/key/spdm-lab/work/spdm-emu-pqc/libspdm/unit_test/test_spdm_requester/error_test/negotiate_algorithms_err.c
Excluding /home/key/spdm-lab/work/spdm-emu-pqc/libspdm/unit_test/test_spdm_requester/error_test/send_event_err.c
Excluding /home/key/spdm-lab/work/spdm-emu-pqc/libspdm/unit_test/test_spdm_requester/error_test/set_key_pair_info_err.c
Excluding /home/key/spdm-lab/work/spdm-emu-pqc/libspdm/unit_test/test_spdm_requester/error_test/subscribe_event_types_err.c
Excluding /home/key/spdm-lab/work/spdm-emu-pqc/libspdm/unit_test/test_spdm_requester/error_test/vendor_defined_request_err.c
Excluding /home/key/spdm-lab/work/spdm-emu-pqc/libspdm/unit_test/test_spdm_requester/finish.c
Excluding /home/key/spdm-lab/work/spdm-emu-pqc/libspdm/unit_test/test_spdm_requester/get_capabilities.c
Excluding /home/key/spdm-lab/work/spdm-emu-pqc/libspdm/unit_test/test_spdm_requester/get_certificate.c
Excluding /home/key/spdm-lab/work/spdm-emu-pqc/libspdm/unit_test/test_spdm_requester/get_csr.c
Excluding /home/key/spdm-lab/work/spdm-emu-pqc/libspdm/unit_test/test_spdm_requester/get_digests.c
Excluding /home/key/spdm-lab/work/spdm-emu-pqc/libspdm/unit_test/test_spdm_requester/get_encapsulated_request.c
Excluding /home/key/spdm-lab/work/spdm-emu-pqc/libspdm/unit_test/test_spdm_requester/get_endpoint_info.c
Excluding /home/key/spdm-lab/work/spdm-emu-pqc/libspdm/unit_test/test_spdm_requester/get_key_pair_info.c
Excluding /home/key/spdm-lab/work/spdm-emu-pqc/libspdm/unit_test/test_spdm_requester/get_measurement_extension_log.c
Excluding /home/key/spdm-lab/work/spdm-emu-pqc/libspdm/unit_test/test_spdm_requester/get_measurements.c
Excluding /home/key/spdm-lab/work/spdm-emu-pqc/libspdm/unit_test/test_spdm_requester/get_supported_event_types.c
Excluding /home/key/spdm-lab/work/spdm-emu-pqc/libspdm/unit_test/test_spdm_requester/get_version.c
Excluding /home/key/spdm-lab/work/spdm-emu-pqc/libspdm/unit_test/test_spdm_requester/heartbeat.c
Excluding /home/key/spdm-lab/work/spdm-emu-pqc/libspdm/unit_test/test_spdm_requester/key_exchange.c
Excluding /home/key/spdm-lab/work/spdm-emu-pqc/libspdm/unit_test/test_spdm_requester/key_update.c
Excluding /home/key/spdm-lab/work/spdm-emu-pqc/libspdm/unit_test/test_spdm_requester/negotiate_algorithms.c
Excluding /home/key/spdm-lab/work/spdm-emu-pqc/libspdm/unit_test/test_spdm_requester/psk_exchange.c
Excluding /home/key/spdm-lab/work/spdm-emu-pqc/libspdm/unit_test/test_spdm_requester/psk_finish.c
Excluding /home/key/spdm-lab/work/spdm-emu-pqc/libspdm/unit_test/test_spdm_requester/send_event.c
Excluding /home/key/spdm-lab/work/spdm-emu-pqc/libspdm/unit_test/test_spdm_requester/set_certificate.c
Excluding /home/key/spdm-lab/work/spdm-emu-pqc/libspdm/unit_test/test_spdm_requester/set_key_pair_info.c
Excluding /home/key/spdm-lab/work/spdm-emu-pqc/libspdm/unit_test/test_spdm_requester/subscribe_event_types.c
Excluding /home/key/spdm-lab/work/spdm-emu-pqc/libspdm/unit_test/test_spdm_requester/test_spdm_requester.c
Excluding /home/key/spdm-lab/work/spdm-emu-pqc/libspdm/unit_test/test_spdm_requester/vendor_defined_request.c
Excluding /home/key/spdm-lab/work/spdm-emu-pqc/libspdm/unit_test/test_spdm_responder/algorithms.c
Excluding /home/key/spdm-lab/work/spdm-emu-pqc/libspdm/unit_test/test_spdm_responder/capabilities.c
Excluding /home/key/spdm-lab/work/spdm-emu-pqc/libspdm/unit_test/test_spdm_responder/certificate.c
Excluding /home/key/spdm-lab/work/spdm-emu-pqc/libspdm/unit_test/test_spdm_responder/challenge_auth.c
Excluding /home/key/spdm-lab/work/spdm-emu-pqc/libspdm/unit_test/test_spdm_responder/chunk_response.c
Excluding /home/key/spdm-lab/work/spdm-emu-pqc/libspdm/unit_test/test_spdm_responder/chunk_send_ack.c
Excluding /home/key/spdm-lab/work/spdm-emu-pqc/libspdm/unit_test/test_spdm_responder/csr.c
Excluding /home/key/spdm-lab/work/spdm-emu-pqc/libspdm/unit_test/test_spdm_responder/digests.c
Excluding /home/key/spdm-lab/work/spdm-emu-pqc/libspdm/unit_test/test_spdm_responder/encap_challenge.c
Excluding /home/key/spdm-lab/work/spdm-emu-pqc/libspdm/unit_test/test_spdm_responder/encap_get_certificate.c
Excluding /home/key/spdm-lab/work/spdm-emu-pqc/libspdm/unit_test/test_spdm_responder/encap_get_digests.c
Excluding /home/key/spdm-lab/work/spdm-emu-pqc/libspdm/unit_test/test_spdm_responder/encap_get_endpoint_info.c
Excluding /home/key/spdm-lab/work/spdm-emu-pqc/libspdm/unit_test/test_spdm_responder/encap_key_update.c
Excluding /home/key/spdm-lab/work/spdm-emu-pqc/libspdm/unit_test/test_spdm_responder/encap_send_event.c
Excluding /home/key/spdm-lab/work/spdm-emu-pqc/libspdm/unit_test/test_spdm_responder/encapsulated_request.c
Excluding /home/keylcov: WARNING: ('unused') 'exclude' pattern '*/openssl/*' is unused.
lcov: WARNING: ('unused') 'exclude' pattern '*/mbedtls/*' is unused.
	(use "lcov --ignore-errors unused,unused ..." to suppress this warning)
lcov: WARNING: ('unused') 'exclude' pattern '/usr/*' is unused.
	(use "lcov --ignore-errors unused,unused ..." to suppress this warning)
/spdm-lab/work/spdm-emu-pqc/libspdm/unit_test/test_spdm_responder/end_session_ack.c
Excluding /home/key/spdm-lab/work/spdm-emu-pqc/libspdm/unit_test/test_spdm_responder/endpoint_info.c
Excluding /home/key/spdm-lab/work/spdm-emu-pqc/libspdm/unit_test/test_spdm_responder/error_test/encap_get_endpoint_info_err.c
Excluding /home/key/spdm-lab/work/spdm-emu-pqc/libspdm/unit_test/test_spdm_responder/error_test/encap_send_event_err.c
Excluding /home/key/spdm-lab/work/spdm-emu-pqc/libspdm/unit_test/test_spdm_responder/error_test/endpoint_info_err.c
Excluding /home/key/spdm-lab/work/spdm-emu-pqc/libspdm/unit_test/test_spdm_responder/error_test/event_ack_err.c
Excluding /home/key/spdm-lab/work/spdm-emu-pqc/libspdm/unit_test/test_spdm_responder/error_test/key_pair_info_err.c
Excluding /home/key/spdm-lab/work/spdm-emu-pqc/libspdm/unit_test/test_spdm_responder/error_test/measurement_extension_log_err.c
Excluding /home/key/spdm-lab/work/spdm-emu-pqc/libspdm/unit_test/test_spdm_responder/error_test/set_key_pair_info_ack_err.c
Excluding /home/key/spdm-lab/work/spdm-emu-pqc/libspdm/unit_test/test_spdm_responder/error_test/subscribe_event_types_ack_err.c
Excluding /home/key/spdm-lab/work/spdm-emu-pqc/libspdm/unit_test/test_spdm_responder/error_test/supported_event_types_err.c
Excluding /home/key/spdm-lab/work/spdm-emu-pqc/libspdm/unit_test/test_spdm_responder/error_test/vendor_defined_response_err.c
Excluding /home/key/spdm-lab/work/spdm-emu-pqc/libspdm/unit_test/test_spdm_responder/event_ack.c
Excluding /home/key/spdm-lab/work/spdm-emu-pqc/libspdm/unit_test/test_spdm_responder/finish_rsp.c
Excluding /home/key/spdm-lab/work/spdm-emu-pqc/libspdm/unit_test/test_spdm_responder/heartbeat_ack.c
Excluding /home/key/spdm-lab/work/spdm-emu-pqc/libspdm/unit_test/test_spdm_responder/key_exchange_rsp.c
Excluding /home/key/spdm-lab/work/spdm-emu-pqc/libspdm/unit_test/test_spdm_responder/key_pair_info.c
Excluding /home/key/spdm-lab/work/spdm-emu-pqc/libspdm/unit_test/test_spdm_responder/key_update_ack.c
Excluding /home/key/spdm-lab/work/spdm-emu-pqc/libspdm/unit_test/test_spdm_responder/measurement_extension_log.c
Excluding /home/key/spdm-lab/work/spdm-emu-pqc/libspdm/unit_test/test_spdm_responder/measurements.c
Excluding /home/key/spdm-lab/work/spdm-emu-pqc/libspdm/unit_test/test_spdm_responder/psk_exchange_rsp.c
Excluding /home/key/spdm-lab/work/spdm-emu-pqc/libspdm/unit_test/test_spdm_responder/psk_finish_rsp.c
Excluding /home/key/spdm-lab/work/spdm-emu-pqc/libspdm/unit_test/test_spdm_responder/receive_send.c
Excluding /home/key/spdm-lab/work/spdm-emu-pqc/libspdm/unit_test/test_spdm_responder/respond_if_ready.c
Excluding /home/key/spdm-lab/work/spdm-emu-pqc/libspdm/unit_test/test_spdm_responder/set_certificate_rsp.c
Excluding /home/key/spdm-lab/work/spdm-emu-pqc/libspdm/unit_test/test_spdm_responder/set_key_pair_info_ack.c
Excluding /home/key/spdm-lab/work/spdm-emu-pqc/libspdm/unit_test/test_spdm_responder/subscribe_event_types_ack.c
Excluding /home/key/spdm-lab/work/spdm-emu-pqc/libspdm/unit_test/test_spdm_responder/supported_event_types.c
Excluding /home/key/spdm-lab/work/spdm-emu-pqc/libspdm/unit_test/test_spdm_responder/test_spdm_responder.c
Excluding /home/key/spdm-lab/work/spdm-emu-pqc/libspdm/unit_test/test_spdm_responder/vendor_defined_response.c
Excluding /home/key/spdm-lab/work/spdm-emu-pqc/libspdm/unit_test/test_spdm_responder/version.c
Excluding /home/key/spdm-lab/work/spdm-emu-pqc/libspdm/unit_test/test_spdm_sample/test_spdm_sample.c
Excluding /home/key/spdm-lab/work/spdm-emu-pqc/libspdm/unit_test/test_spdm_secured_message/encode_decode.c
Excluding /home/key/spdm-lab/work/spdm-emu-pqc/libspdm/unit_test/test_spdm_secured_message/test_spdm_secured_message.c
Removed 196 files
Writing data to /mnt/c/Users/Key20/Desktop/mctp-spdm-pqc/bench/data/w10-coverage-20260919T192627Z/coverage.info
Summary coverage rate:
  lines......: 69.7% (11834 of 16980 lines)
  functions..: 79.9% (421 of 527 functions)
  branches...: no data found
