[    0.000000] Linux version 6.12.110 (key@K) (gcc (Ubuntu 13.3.0-6ubuntu2~24.04.1) 13.3.0, GNU ld (GNU Binutils for Ubuntu) 2.42) #1 SMP PREEMPT_DYNAMIC Fri Sep 18 02:55:06 CST 2026
[    0.000000] Command line: root=/dev/root rootfstype=9p rootflags=trans=virtio,version=9p2000.L,cache=loose,msize=262144 ro console=ttyS0 panic=5 init=/home/key/spdm-lab/w9/run/init.sh
[    0.000000] BIOS-provided physical RAM map:
[    0.000000] BIOS-e820: [mem 0x0000000000000000-0x000000000009fbff] usable
[    0.000000] BIOS-e820: [mem 0x000000000009fc00-0x000000000009ffff] reserved
[    0.000000] BIOS-e820: [mem 0x00000000000f0000-0x00000000000fffff] reserved
[    0.000000] BIOS-e820: [mem 0x0000000000100000-0x000000007ffdffff] usable
[    0.000000] BIOS-e820: [mem 0x000000007ffe0000-0x000000007fffffff] reserved
[    0.000000] BIOS-e820: [mem 0x00000000feffc000-0x00000000feffffff] reserved
[    0.000000] BIOS-e820: [mem 0x00000000fffc0000-0x00000000ffffffff] reserved
[    0.000000] NX (Execute Disable) protection: active
[    0.000000] APIC: Static calls initialized
[    0.000000] SMBIOS 3.0.0 present.
[    0.000000] DMI: QEMU Ubuntu 24.04 PC v2 (i440FX + PIIX, arch_caps fix, 1996), BIOS 1.16.3-debian-1.16.3-2 04/01/2014
[    0.000000] DMI: Memory slots populated: 1/1
[    0.000000] Hypervisor detected: KVM
[    0.000000] last_pfn = 0x7ffe0 max_arch_pfn = 0x400000000
[    0.000000] kvm-clock: Using msrs 4b564d01 and 4b564d00
[    0.000001] kvm-clock: using sched offset of 223941000 cycles
[    0.000002] clocksource: kvm-clock: mask: 0xffffffffffffffff max_cycles: 0x1cd42e4dffb, max_idle_ns: 881590591483 ns
[    0.000005] tsc: Detected 2419.200 MHz processor
[    0.000318] last_pfn = 0x7ffe0 max_arch_pfn = 0x400000000
[    0.000422] MTRR map: 4 entries (3 fixed + 1 variable; max 19), built from 8 variable MTRRs
[    0.000427] x86/PAT: Configuration [0-7]: WB  WC  UC- UC  WB  WP  UC- WT  
[    0.006514] found SMP MP-table at [mem 0x000f5470-0x000f547f]
[    0.006530] Using GB pages for direct mapping
[    0.006617] ACPI: Early table checksum verification disabled
[    0.006620] ACPI: RSDP 0x00000000000F5280 000014 (v00 BOCHS )
[    0.006653] ACPI: RSDT 0x000000007FFE1C8A 000034 (v01 BOCHS  BXPC     00000001 BXPC 00000001)
[    0.006657] ACPI: FACP 0x000000007FFE1B36 000074 (v01 BOCHS  BXPC     00000001 BXPC 00000001)
[    0.006662] ACPI: DSDT 0x000000007FFE0040 001AF6 (v01 BOCHS  BXPC     00000001 BXPC 00000001)
[    0.006664] ACPI: FACS 0x000000007FFE0000 000040
[    0.006666] ACPI: APIC 0x000000007FFE1BAA 000080 (v03 BOCHS  BXPC     00000001 BXPC 00000001)
[    0.006668] ACPI: HPET 0x000000007FFE1C2A 000038 (v01 BOCHS  BXPC     00000001 BXPC 00000001)
[    0.006671] ACPI: WAET 0x000000007FFE1C62 000028 (v01 BOCHS  BXPC     00000001 BXPC 00000001)
[    0.006672] ACPI: Reserving FACP table memory at [mem 0x7ffe1b36-0x7ffe1ba9]
[    0.006673] ACPI: Reserving DSDT table memory at [mem 0x7ffe0040-0x7ffe1b35]
[    0.006674] ACPI: Reserving FACS table memory at [mem 0x7ffe0000-0x7ffe003f]
[    0.006675] ACPI: Reserving APIC table memory at [mem 0x7ffe1baa-0x7ffe1c29]
[    0.006675] ACPI: Reserving HPET table memory at [mem 0x7ffe1c2a-0x7ffe1c61]
[    0.006676] ACPI: Reserving WAET table memory at [mem 0x7ffe1c62-0x7ffe1c89]
[    0.007383] No NUMA configuration found
[    0.007384] Faking a node at [mem 0x0000000000000000-0x000000007ffdffff]
[    0.007386] NODE_DATA(0) allocated [mem 0x7ffdc940-0x7ffdffff]
[    0.007397] Zone ranges:
[    0.007397]   DMA      [mem 0x0000000000001000-0x0000000000ffffff]
[    0.007399]   DMA32    [mem 0x0000000001000000-0x000000007ffdffff]
[    0.007400]   Normal   empty
[    0.007400] Movable zone start for each node
[    0.007401] Early memory node ranges
[    0.007401]   node   0: [mem 0x0000000000001000-0x000000000009efff]
[    0.007402]   node   0: [mem 0x0000000000100000-0x000000007ffdffff]
[    0.007403] Initmem setup node 0 [mem 0x0000000000001000-0x000000007ffdffff]
[    0.008362] On node 0, zone DMA: 1 pages in unavailable ranges
[    0.008373] On node 0, zone DMA: 97 pages in unavailable ranges
[    0.022611] On node 0, zone DMA32: 32 pages in unavailable ranges
[    0.023584] ACPI: PM-Timer IO Port: 0x608
[    0.023601] ACPI: LAPIC_NMI (acpi_id[0xff] dfl dfl lint[0x1])
[    0.023665] IOAPIC[0]: apic_id 0, version 17, address 0xfec00000, GSI 0-23
[    0.023668] ACPI: INT_SRC_OVR (bus 0 bus_irq 0 global_irq 2 dfl dfl)
[    0.023669] ACPI: INT_SRC_OVR (bus 0 bus_irq 5 global_irq 5 high level)
[    0.023670] ACPI: INT_SRC_OVR (bus 0 bus_irq 9 global_irq 9 high level)
[    0.023671] ACPI: INT_SRC_OVR (bus 0 bus_irq 10 global_irq 10 high level)
[    0.023671] ACPI: INT_SRC_OVR (bus 0 bus_irq 11 global_irq 11 high level)
[    0.023676] ACPI: Using ACPI (MADT) for SMP configuration information
[    0.023690] ACPI: HPET id: 0x8086a201 base: 0xfed00000
[    0.023694] TSC deadline timer available
[    0.023697] CPU topo: Max. logical packages:   1
[    0.023698] CPU topo: Max. logical dies:       1
[    0.023698] CPU topo: Max. dies per package:   1
[    0.023702] CPU topo: Max. threads per core:   1
[    0.023703] CPU topo: Num. cores per package:     2
[    0.023703] CPU topo: Num. threads per package:   2
[    0.023703] CPU topo: Allowing 2 present CPUs plus 0 hotplug CPUs
[    0.023726] kvm-guest: APIC: eoi() replaced with kvm_guest_apic_eoi_write()
[    0.023763] kvm-guest: KVM setup pv remote TLB flush
[    0.023774] kvm-guest: setup PV sched yield
[    0.023779] PM: hibernation: Registered nosave memory: [mem 0x00000000-0x00000fff]
[    0.023780] PM: hibernation: Registered nosave memory: [mem 0x0009f000-0x000fffff]
[    0.023781] [mem 0x80000000-0xfeffbfff] available for PCI devices
[    0.023783] Booting paravirtualized kernel on KVM
[    0.023784] clocksource: refined-jiffies: mask: 0xffffffff max_cycles: 0xffffffff, max_idle_ns: 1910969940391419 ns
[    0.029261] setup_percpu: NR_CPUS:64 nr_cpumask_bits:2 nr_cpu_ids:2 nr_node_ids:1
[    0.030505] percpu: Embedded 56 pages/cpu s192216 r8192 d28968 u1048576
[    0.030579] Kernel command line: root=/dev/root rootfstype=9p rootflags=trans=virtio,version=9p2000.L,cache=loose,msize=262144 ro console=ttyS0 panic=5 init=/home/key/spdm-lab/w9/run/init.sh
[    0.030614] random: crng init done
[    0.031587] Dentry cache hash table entries: 262144 (order: 9, 2097152 bytes, linear)
[    0.031716] Inode-cache hash table entries: 131072 (order: 8, 1048576 bytes, linear)
[    0.031823] Fallback order for Node 0: 0 
[    0.031830] Built 1 zonelists, mobility grouping on.  Total pages: 524158
[    0.031831] Policy zone: DMA32
[    0.031833] mem auto-init: stack:all(zero), heap alloc:off, heap free:off
[    0.037259] SLUB: HWalign=64, Order=0-3, MinObjects=0, CPUs=2, Nodes=1
[    0.038692] Dynamic Preempt: voluntary
[    0.039705] rcu: Preemptible hierarchical RCU implementation.
[    0.039707] rcu: 	RCU event tracing is enabled.
[    0.039707] rcu: 	RCU restricting CPUs from NR_CPUS=64 to nr_cpu_ids=2.
[    0.039709] 	Trampoline variant of Tasks RCU enabled.
[    0.039710] 	Tracing variant of Tasks RCU enabled.
[    0.039710] rcu: RCU calculated value of scheduler-enlistment delay is 100 jiffies.
[    0.039711] rcu: Adjusting geometry for rcu_fanout_leaf=16, nr_cpu_ids=2
[    0.039716] RCU Tasks: Setting shift to 1 and lim to 1 rcu_task_cb_adjust=1 rcu_task_cpu_ids=2.
[    0.039717] RCU Tasks Trace: Setting shift to 1 and lim to 1 rcu_task_cb_adjust=1 rcu_task_cpu_ids=2.
[    0.041992] NR_IRQS: 4352, nr_irqs: 440, preallocated irqs: 16
[    0.042250] rcu: srcu_init: Setting srcu_struct sizes based on contention.
[    0.042261] clocksource: jiffies: mask: 0xffffffff max_cycles: 0xffffffff, max_idle_ns: 1911260446275000 ns
[    0.042448] Console: colour *CGA 80x25
[    0.042511] printk: legacy console [ttyS0] enabled
[    0.212461] ACPI: Core revision 20240827
[    0.214232] clocksource: hpet: mask: 0xffffffff max_cycles: 0xffffffff, max_idle_ns: 19112604467 ns
[    0.217675] APIC: Switch to symmetric I/O mode setup
[    0.219229] kvm-guest: APIC: send_IPI_mask() replaced with kvm_send_ipi_mask()
[    0.221585] kvm-guest: APIC: send_IPI_mask_allbutself() replaced with kvm_send_ipi_mask_allbutself()
[    0.224435] kvm-guest: setup PV IPIs
[    0.228975] ..TIMER: vector=0x30 apic1=0 pin1=2 apic2=-1 pin2=-1
[    0.230542] clocksource: tsc-early: mask: 0xffffffffffffffff max_cycles: 0x22df1149949, max_idle_ns: 440795312789 ns
[    0.234152] Calibrating delay loop (skipped) preset value.. 4838.40 BogoMIPS (lpj=2419200)
[    0.236791] x86/cpu: User Mode Instruction Prevention (UMIP) activated
[    0.237532] Last level iTLB entries: 4KB 0, 2MB 0, 4MB 0
[    0.238153] Last level dTLB entries: 4KB 0, 2MB 0, 4MB 0, 1GB 0
[    0.239171] Spectre V1 : Mitigation: usercopy/swapgs barriers and __user pointer sanitization
[    0.240168] Spectre V2 : Spectre BHI mitigation: SW BHB clearing on syscall and VM exit
[    0.241150] Spectre V2 : Mitigation: Enhanced / Automatic IBRS
[    0.242148] Spectre V2 : Spectre v2 / PBRSB-eIBRS: Retire a single CALL on VMEXIT
[    0.243148] RETBleed: Mitigation: Enhanced IBRS
[    0.244151] Spectre V2 : mitigation: Enabling conditional Indirect Branch Prediction Barrier
[    0.245148] Speculative Store Bypass: Mitigation: Speculative Store Bypass disabled via prctl
[    0.246153] GDS: Unknown: Dependent on hypervisor status
[    0.247150] active return thunk: its_return_thunk
[    0.248147] ITS: Mitigation: Aligned branch/return thunks
[    0.249226] x86/fpu: Supporting XSAVE feature 0x001: 'x87 floating point registers'
[    0.250153] x86/fpu: Supporting XSAVE feature 0x002: 'SSE registers'
[    0.251151] x86/fpu: Supporting XSAVE feature 0x004: 'AVX registers'
[    0.252152] x86/fpu: Supporting XSAVE feature 0x020: 'AVX-512 opmask'
[    0.253148] x86/fpu: Supporting XSAVE feature 0x040: 'AVX-512 Hi256'
[    0.254151] x86/fpu: Supporting XSAVE feature 0x080: 'AVX-512 ZMM_Hi256'
[    0.255151] x86/fpu: xstate_offset[2]:  576, xstate_sizes[2]:  256
[    0.256152] x86/fpu: xstate_offset[5]:  832, xstate_sizes[5]:   64
[    0.257151] x86/fpu: xstate_offset[6]:  896, xstate_sizes[6]:  512
[    0.258150] x86/fpu: xstate_offset[7]: 1408, xstate_sizes[7]: 1024
[    0.259154] x86/fpu: Enabled xstate features 0xe7, context size is 2432 bytes, using 'compacted' format.
[    0.308915] Freeing SMP alternatives memory: 52K
[    0.309155] pid_max: default: 32768 minimum: 301
[    0.310167] LSM: initializing lsm=capability,selinux
[    0.311182] SELinux:  Initializing.
[    0.313396] Mount-cache hash table entries: 4096 (order: 3, 32768 bytes, linear)
[    0.314155] Mountpoint-cache hash table entries: 4096 (order: 3, 32768 bytes, linear)
[    0.315438] smpboot: CPU0: 11th Gen Intel(R) Core(TM) i5-1135G7 @ 2.40GHz (family: 0x6, model: 0x8c, stepping: 0x1)
[    0.317154] Performance Events: Icelake events, full-width counters, Intel PMU driver.
[    0.318183] ... version:                2
[    0.319143] ... bit width:              48
[    0.319158] ... generic registers:      8
[    0.320128] ... value mask:             0000ffffffffffff
[    0.320160] ... max period:             00007fffffffffff
[    0.321153] ... fixed-purpose events:   3
[    0.322071] ... event mask:             00000007000000ff
[    0.322324] signal: max sigframe size: 3632
[    0.323211] rcu: Hierarchical SRCU implementation.
[    0.324154] rcu: 	Max phase no-delay instances is 400.
[    0.325187] Timer migration: 1 hierarchy levels; 8 children per group; 1 crossnode level
[    0.328020] smp: Bringing up secondary CPUs ...
[    0.328286] smpboot: x86: Booting SMP configuration:
[    0.329164] .... node  #0, CPUs:      #1
[    0.331421] smp: Brought up 1 node, 2 CPUs
[    0.333161] smpboot: Total of 2 processors activated (9676.80 BogoMIPS)
[    0.334742] Memory: 2017012K/2096632K available (18432K kernel code, 2872K rwdata, 7152K rodata, 2820K init, 880K bss, 75920K reserved, 0K cma-reserved)
[    0.336160] devtmpfs: initialized
[    0.337257] futex hash table entries: 512 (order: 3, 32768 bytes, linear)
[    0.338395] PM: RTC time: 19:17:33, date: 2026-09-17
[    0.339351] NET: Registered PF_NETLINK/PF_ROUTE protocol family
[    0.340301] audit: initializing netlink subsys (disabled)
[    0.341309] thermal_sys: Registered thermal governor 'step_wise'
[    0.341312] thermal_sys: Registered thermal governor 'user_space'
[    0.342180] audit: type=2000 audit(1789672653.602:1): state=initialized audit_enabled=0 res=1
[    0.345273] cpuidle: using governor menu
[    0.347028] PCI: Using configuration type 1 for base access
[    0.347337] kprobes: kprobe jump-optimization is enabled. All kprobes are optimized if possible.
[    0.351630] HugeTLB: registered 2.00 MiB page size, pre-allocated 0 pages
[    0.352163] HugeTLB: 28 KiB vmemmap can be freed for a 2.00 MiB page
[    0.355381] ACPI: Added _OSI(Module Device)
[    0.356145] ACPI: Added _OSI(Processor Device)
[    0.358176] ACPI: Added _OSI(Processor Aggregator Device)
[    0.359433] ACPI: 1 ACPI AML tables successfully acquired and loaded
[    0.363328] ACPI: Interpreter enabled
[    0.364165] ACPI: PM: (supports S0 S3 S4 S5)
[    0.365135] ACPI: Using IOAPIC for interrupt routing
[    0.366169] PCI: Using host bridge windows from ACPI; if necessary, use "pci=nocrs" and report a bug
[    0.368162] PCI: Using E820 reservations for host bridge windows
[    0.370337] ACPI: Enabled 2 GPEs in block 00 to 0F
[    0.374235] ACPI: PCI Root Bridge [PCI0] (domain 0000 [bus 00-ff])
[    0.376173] acpi PNP0A03:00: _OSC: OS supports [ASPM ClockPM Segments MSI HPX-Type3]
[    0.378171] acpi PNP0A03:00: _OSC: not requesting OS control; OS requires [ExtendedConfig ASPM ClockPM MSI]
[    0.382205] acpi PNP0A03:00: fail to add MMCONFIG information, can't access extended configuration space under this bridge
[    0.386305] PCI host bridge to bus 0000:00
[    0.388173] pci_bus 0000:00: root bus resource [io  0x0000-0x0cf7 window]
[    0.390171] pci_bus 0000:00: root bus resource [io  0x0d00-0xffff window]
[    0.392161] pci_bus 0000:00: root bus resource [mem 0x000a0000-0x000bffff window]
[    0.395164] pci_bus 0000:00: root bus resource [mem 0x80000000-0xfebfffff window]
[    0.398163] pci_bus 0000:00: root bus resource [mem 0x100000000-0x17fffffff window]
[    0.401163] pci_bus 0000:00: root bus resource [bus 00-ff]
[    0.403284] pci 0000:00:00.0: [8086:1237] type 00 class 0x060000 conventional PCI endpoint
[    0.406124] pci 0000:00:01.0: [8086:7000] type 00 class 0x060100 conventional PCI endpoint
[    0.409538] pci 0000:00:01.1: [8086:7010] type 00 class 0x010180 conventional PCI endpoint
[    0.414165] pci 0000:00:01.1: BAR 4 [io  0xc060-0xc06f]
[    0.416010] pci 0000:00:01.1: BAR 0 [io  0x01f0-0x01f7]: legacy IDE quirk
[    0.418156] pci 0000:00:01.1: BAR 1 [io  0x03f6]: legacy IDE quirk
[    0.419153] pci 0000:00:01.1: BAR 2 [io  0x0170-0x0177]: legacy IDE quirk
[    0.422165] pci 0000:00:01.1: BAR 3 [io  0x0376]: legacy IDE quirk
[    0.424644] pci 0000:00:01.3: [8086:7113] type 00 class 0x068000 conventional PCI endpoint
[    0.428729] pci 0000:00:01.3: quirk: [io  0x0600-0x063f] claimed by PIIX4 ACPI
[    0.431179] pci 0000:00:01.3: quirk: [io  0x0700-0x070f] claimed by PIIX4 SMB
[    0.434108] pci 0000:00:02.0: [1af4:1009] type 00 class 0x000200 conventional PCI endpoint
[    0.438159] pci 0000:00:02.0: BAR 0 [io  0xc000-0xc03f]
[    0.441160] pci 0000:00:02.0: BAR 1 [mem 0xfebfe000-0xfebfefff]
[    0.446817] pci 0000:00:02.0: BAR 4 [mem 0xfebf4000-0xfebf7fff 64bit pref]
[    0.451754] pci 0000:00:03.0: [1af4:1009] type 00 class 0x000200 conventional PCI endpoint
[    0.455161] pci 0000:00:03.0: BAR 0 [io  0xc040-0xc05f]
[    0.457744] pci 0000:00:03.0: BAR 1 [mem 0xfebff000-0xfebfffff]
[    0.462956] pci 0000:00:03.0: BAR 4 [mem 0xfebf8000-0xfebfbfff 64bit pref]
[    0.472318] ACPI: PCI: Interrupt link LNKA configured for IRQ 10
[    0.473341] ACPI: PCI: Interrupt link LNKB configured for IRQ 10
[    0.475384] ACPI: PCI: Interrupt link LNKC configured for IRQ 11
[    0.477417] ACPI: PCI: Interrupt link LNKD configured for IRQ 11
[    0.479302] ACPI: PCI: Interrupt link LNKS configured for IRQ 9
[    0.483206] iommu: Default domain type: Translated
[    0.485167] iommu: DMA domain TLB invalidation policy: lazy mode
[    0.487244] SCSI subsystem initialized
[    0.488257] ACPI: bus type USB registered
[    0.489175] usbcore: registered new interface driver usbfs
[    0.490160] usbcore: registered new interface driver hub
[    0.491170] usbcore: registered new device driver usb
[    0.493180] pps_core: LinuxPPS API ver. 1 registered
[    0.495172] pps_core: Software ver. 5.3.6 - Copyright 2005-2007 Rodolfo Giometti <giometti@linux.it>
[    0.497225] PTP clock support registered
[    0.498373] Advanced Linux Sound Architecture Driver Initialized.
[    0.500539] NetLabel: Initializing
[    0.501157] NetLabel:  domain hash size = 128
[    0.502157] NetLabel:  protocols = UNLABELED CIPSOv4 CALIPSO
[    0.503176] NetLabel:  unlabeled traffic allowed by default
[    0.505257] mctp: management component transport protocol core
[    0.506158] NET: Registered PF_MCTP protocol family
[    0.508164] PCI: Using ACPI for IRQ routing
[    0.509477] vgaarb: loaded
[    0.510214] hpet0: at MMIO 0xfed00000, IRQs 2, 8, 0
[    0.511155] hpet0: 3 comparators, 64-bit 100.000000 MHz counter
[    0.514306] clocksource: Switched to clocksource kvm-clock
[    0.515696] VFS: Disk quotas dquot_6.6.0
[    0.516635] VFS: Dquot-cache hash table entries: 512 (order 0, 4096 bytes)
[    0.518673] pnp: PnP ACPI init
[    0.519680] pnp: PnP ACPI: found 5 devices
[    0.530108] clocksource: acpi_pm: mask: 0xffffff max_cycles: 0xffffff, max_idle_ns: 2085701024 ns
[    0.532203] NET: Registered PF_INET protocol family
[    0.534226] IP idents hash table entries: 32768 (order: 6, 262144 bytes, linear)
[    0.536337] tcp_listen_portaddr_hash hash table entries: 1024 (order: 2, 16384 bytes, linear)
[    0.538315] Table-perturb hash table entries: 65536 (order: 6, 262144 bytes, linear)
[    0.540207] TCP established hash table entries: 16384 (order: 5, 131072 bytes, linear)
[    0.542185] TCP bind hash table entries: 16384 (order: 7, 524288 bytes, linear)
[    0.544790] TCP: Hash tables configured (established 16384 bind 16384)
[    0.546313] UDP hash table entries: 1024 (order: 3, 32768 bytes, linear)
[    0.547836] UDP-Lite hash table entries: 1024 (order: 3, 32768 bytes, linear)
[    0.549465] NET: Registered PF_UNIX/PF_LOCAL protocol family
[    0.551109] RPC: Registered named UNIX socket transport module.
[    0.552521] RPC: Registered udp transport module.
[    0.553593] RPC: Registered tcp transport module.
[    0.554654] RPC: Registered tcp-with-tls transport module.
[    0.555905] RPC: Registered tcp NFSv4.1 backchannel transport module.
[    0.557955] pci_bus 0000:00: resource 4 [io  0x0000-0x0cf7 window]
[    0.559626] pci_bus 0000:00: resource 5 [io  0x0d00-0xffff window]
[    0.560997] pci_bus 0000:00: resource 6 [mem 0x000a0000-0x000bffff window]
[    0.562556] pci_bus 0000:00: resource 7 [mem 0x80000000-0xfebfffff window]
[    0.564079] pci_bus 0000:00: resource 8 [mem 0x100000000-0x17fffffff window]
[    0.565697] pci 0000:00:01.0: PIIX3: Enabling Passive Release
[    0.567008] pci 0000:00:00.0: Limiting direct PCI/PCI transfers
[    0.568450] PCI: CLS 0 bytes, default 64
[    0.569587] RAPL PMU: API unit is 2^-32 Joules, 0 fixed counters, 10737418240 ms ovfl timer
[    0.571502] clocksource: tsc: mask: 0xffffffffffffffff max_cycles: 0x22df1149949, max_idle_ns: 440795312789 ns
[    0.574458] Initialise system trusted keyrings
[    0.575693] workingset: timestamp_bits=56 max_order=19 bucket_order=0
[    0.577476] NFS: Registering the id_resolver key type
[    0.578717] Key type id_resolver registered
[    0.579676] Key type id_legacy registered
[    0.580782] 9p: Installing v9fs 9p2000 file system support
[    0.589828] Key type asymmetric registered
[    0.590820] Asymmetric key parser 'x509' registered
[    0.591940] Block layer SCSI generic (bsg) driver version 0.4 loaded (major 251)
[    0.594956] io scheduler mq-deadline registered
[    0.596083] io scheduler kyber registered
[    0.598276] input: Power Button as /devices/LNXSYSTM:00/LNXPWRBN:00/input/input0
[    0.600252] ACPI: button: Power Button [PWRF]
[    0.609828] ACPI: \_SB_.LNKB: Enabled at IRQ 10
[    0.621221] ACPI: \_SB_.LNKC: Enabled at IRQ 11
[    0.624372] Serial: 8250/16550 driver, 4 ports, IRQ sharing enabled
[    0.626135] 00:03: ttyS0 at I/O 0x3f8 (irq = 4, base_baud = 115200) is a 16550A
[    0.629227] Non-volatile memory driver v1.3
[    0.630235] Linux agpgart interface v0.103
[    0.631274] ACPI: bus type drm_connector registered
[    0.634767] loop: module loaded
[    0.637104] scsi host0: ata_piix
[    0.638305] scsi host1: ata_piix
[    0.639165] ata1: PATA max MWDMA2 cmd 0x1f0 ctl 0x3f6 bmdma 0xc060 irq 14 lpm-pol 0
[    0.640908] ata2: PATA max MWDMA2 cmd 0x170 ctl 0x376 bmdma 0xc068 irq 15 lpm-pol 0
[    0.643378] e100: Intel(R) PRO/100 Network Driver
[    0.645095] e100: Copyright(c) 1999-2006 Intel Corporation
[    0.646423] e1000: Intel(R) PRO/1000 Network Driver
[    0.647767] e1000: Copyright (c) 1999-2006 Intel Corporation.
[    0.649448] e1000e: Intel(R) PRO/1000 Network Driver
[    0.650609] e1000e: Copyright(c) 1999 - 2015 Intel Corporation.
[    0.651951] sky2: driver version 1.30
[    0.653142] usbcore: registered new interface driver usblp
[    0.654545] usbcore: registered new interface driver usb-storage
[    0.655978] i8042: PNP: PS/2 Controller [PNP0303:KBD,PNP0f13:MOU] at 0x60,0x64 irq 1,12
[    0.659724] serio: i8042 KBD port at 0x60,0x64 irq 1
[    0.661550] serio: i8042 AUX port at 0x60,0x64 irq 12
[    0.666558] input: AT Translated Set 2 keyboard as /devices/platform/i8042/serio0/input/input1
[    0.669702] rtc_cmos 00:04: RTC can wake from S4
[    0.673302] rtc_cmos 00:04: registered as rtc0
[    0.675125] rtc_cmos 00:04: alarms up to one day, y3k, 242 bytes nvram, hpet irqs
[    0.677619] device-mapper: ioctl: 4.48.0-ioctl (2023-03-01) initialised: dm-devel@lists.linux.dev
[    0.680773] intel_pstate: CPU model not supported
[    0.682498] hid: raw HID events driver (C) Jiri Kosina
[    0.684167] usbcore: registered new interface driver usbhid
[    0.685690] usbhid: USB HID core driver
[    0.688647] Initializing XFRM netlink socket
[    0.690061] NET: Registered PF_INET6 protocol family
[    0.692332] Segment Routing with IPv6
[    0.693939] In-situ OAM (IOAM) with IPv6
[    0.695396] sit: IPv6, IPv4 and MPLS over IPv4 tunneling driver
[    0.697454] NET: Registered PF_PACKET protocol family
[    0.699417] 9pnet: Installing 9P2000 support
[    0.708222] Key type dns_resolver registered
[    0.711563] IPI shorthand broadcast: enabled
[    0.716747] sched_clock: Marking stable (530440653, 185885109)->(794281016, -77955254)
[    0.720954] registered taskstats version 1
[    0.722769] Loading compiled-in X.509 certificates
[    0.726517] Demotion targets for Node 0: null
[    0.727870] PM:   Magic number: 10:33:294
[    0.729121] ata_device dev2.0: hash matches
[    0.730833]  dev2.0: hash matches
[    0.732054] misc hpet: hash matches
[    0.733148] tty tty27: hash matches
[    0.734460] printk: legacy console [netcon0] enabled
[    0.736454] netconsole: network logging started
[    0.738340] cfg80211: Loading compiled-in X.509 certificates for regulatory database
[    0.740878] kworker/u8:3 (62) used greatest stack depth: 14408 bytes left
[    0.743579] Loaded X.509 cert 'sforshee: 00b28ddf47aef9cea7'
[    0.746117] Loaded X.509 cert 'wens: 61c038651aabdcf94bd0ac7ff06c7248db18c600'
[    0.749062] platform regulatory.0: Direct firmware load for regulatory.db failed with error -2
[    0.749976] ALSA device list:
[    0.752386] cfg80211: failed to load regulatory.db
[    0.755561]   No soundcards found.
[    1.129745] input: ImExPS/2 Generic Explorer Mouse as /devices/platform/i8042/serio1/input/input3
[    1.131354] md: Waiting for all devices to be available before autodetect
[    1.132329] md: If you don't use raid, use raid=noautodetect
[    1.133101] md: Autodetecting RAID arrays.
[    1.133621] md: autorun ...
[    1.134000] md: ... autorun DONE.
[    1.135678] VFS: Mounted root (9p filesystem) readonly on device 0:19.
[    1.137654] devtmpfs: mounted
[    1.138666] Freeing unused kernel image (initmem) memory: 2820K
[    1.139453] Write protecting the kernel read-only data: 26624k
[    1.140690] Freeing unused kernel image (rodata/data gap) memory: 1040K
[    1.149393] x86/mm: Checked W+X mappings: passed, no W+X pages found.
[    1.150312] Run /home/key/spdm-lab/w9/run/init.sh as init process
[    1.198278] mount (65) used greatest stack depth: 13400 bytes left
guest_init: Linux 6.12.110 x86_64
guest_init: AF_MCTP is checked below
[    1.327278] head (90) used greatest stack depth: 12992 bytes left
[    1.517276] ip (97) used greatest stack depth: 12920 bytes left
[    1.533191] ip (98) used greatest stack depth: 12872 bytes left
[    1.556148] sort (108) used greatest stack depth: 12600 bytes left
guest_init: payload exited 0
### namespace B
dev lo index 1 address 00:00:00:00:00:00 net 1 mtu 65536 up
dev mctpserial1 index 4 address none net 1 mtu 68 up
eid 9 net 1 dev mctpserial1
eid min 8 max 8 net 1 dev mctpserial1 mtu 0
eid min 9 max 9 net 1 dev mctpserial1 mtu 0
### sysfs mtu
A mctpserial0 mtu 68
B mctpserial1 mtu 68

======== calibration replay
# length  acked  predicted_packets
       1      1                  1
      63     63                  1
      64     64                  2
      65     65                  2
     127    127                  2
     128    128                  3
     177    177                  3
    1024   1024                 17
    4352   4352                 69
   16853  16853                264

======== arm A0  (--meas_op ALL --asym ECDSA_P384 --dhe SECP_384_R1 --pqc_asym NONE --kem NONE)
requester exited 0
requester bridge: 11 SPDM exchanges, 2 control exchanges
responder bridge: 11 SPDM exchanges, 2 control exchanges

======== arm P2  (--meas_op ALL --asym NONE --dhe NONE --pqc_asym ML_DSA_65 --kem ML_KEM_768 --pqc_first TRUE)
requester exited 0
requester bridge: 23 SPDM exchanges, 2 control exchanges
responder bridge: 23 SPDM exchanges, 2 control exchanges

======== interface counters at the end
A tx_packets 402
A rx_packets 1048
B tx_packets 1048
B rx_packets 402
A rx_errors  0
A tx_dropped 0
guest_init: powering off (status 0)
[    9.938684] ACPI: PM: Preparing to enter system sleep state S5
[    9.939709] reboot: Power down
