[    0.000000] Linux version 6.12.110 (key@K) (gcc (Ubuntu 13.3.0-6ubuntu2~24.04.1) 13.3.0, GNU ld (GNU Binutils for Ubuntu) 2.42) #1 SMP PREEMPT_DYNAMIC Fri Sep 18 02:55:06 CST 2026
[    0.000000] Command line: root=/dev/root rootfstype=9p rootflags=trans=virtio,version=9p2000.L,cache=loose,msize=262144 ro console=ttyS0 panic=5 init=/home/key/spdm-lab/w9/run/init.sh
[    0.000000] BIOS-provided physical RAM map:
[    0.000000] BIOS-e820: [mem 0x0000000000000000-0x000000000009fbff] usable
[    0.000000] BIOS-e820: [mem 0x000000000009fc00-0x000000000009ffff] reserved
[    0.000000] BIOS-e820: [mem 0x00000000000f0000-0x00000000000fffff] reserved
[    0.000000] BIOS-e820: [mem 0x0000000000100000-0x000000007ffdffff] usable
[    0.000000] BIOS-e820: [mem 0x000000007ffe0000-0x000000007fffffff] reserved
[    0.000000] BIOS-e820: [mem 0x00000000feffc000-0x00000000feffffff] reserved
[    0.000000] BIOS-e820: [mem 0x00000000fffc0000-0x00000000ffffffff] reserved
[    0.000000] NX (Execute Disable) protection: active
[    0.000000] APIC: Static calls initialized
[    0.000000] SMBIOS 3.0.0 present.
[    0.000000] DMI: QEMU Ubuntu 24.04 PC v2 (i440FX + PIIX, arch_caps fix, 1996), BIOS 1.16.3-debian-1.16.3-2 04/01/2014
[    0.000000] DMI: Memory slots populated: 1/1
[    0.000000] Hypervisor detected: KVM
[    0.000000] last_pfn = 0x7ffe0 max_arch_pfn = 0x400000000
[    0.000000] kvm-clock: Using msrs 4b564d01 and 4b564d00
[    0.000001] kvm-clock: using sched offset of 220451075 cycles
[    0.000002] clocksource: kvm-clock: mask: 0xffffffffffffffff max_cycles: 0x1cd42e4dffb, max_idle_ns: 881590591483 ns
[    0.000004] tsc: Detected 2419.200 MHz processor
[    0.000280] last_pfn = 0x7ffe0 max_arch_pfn = 0x400000000
[    0.000375] MTRR map: 4 entries (3 fixed + 1 variable; max 19), built from 8 variable MTRRs
[    0.000379] x86/PAT: Configuration [0-7]: WB  WC  UC- UC  WB  WP  UC- WT  
[    0.005758] found SMP MP-table at [mem 0x000f5470-0x000f547f]
[    0.005770] Using GB pages for direct mapping
[    0.005829] ACPI: Early table checksum verification disabled
[    0.005832] ACPI: RSDP 0x00000000000F5280 000014 (v00 BOCHS )
[    0.005855] ACPI: RSDT 0x000000007FFE1C8A 000034 (v01 BOCHS  BXPC     00000001 BXPC 00000001)
[    0.005859] ACPI: FACP 0x000000007FFE1B36 000074 (v01 BOCHS  BXPC     00000001 BXPC 00000001)
[    0.005863] ACPI: DSDT 0x000000007FFE0040 001AF6 (v01 BOCHS  BXPC     00000001 BXPC 00000001)
[    0.005865] ACPI: FACS 0x000000007FFE0000 000040
[    0.005867] ACPI: APIC 0x000000007FFE1BAA 000080 (v03 BOCHS  BXPC     00000001 BXPC 00000001)
[    0.005869] ACPI: HPET 0x000000007FFE1C2A 000038 (v01 BOCHS  BXPC     00000001 BXPC 00000001)
[    0.005871] ACPI: WAET 0x000000007FFE1C62 000028 (v01 BOCHS  BXPC     00000001 BXPC 00000001)
[    0.005873] ACPI: Reserving FACP table memory at [mem 0x7ffe1b36-0x7ffe1ba9]
[    0.005874] ACPI: Reserving DSDT table memory at [mem 0x7ffe0040-0x7ffe1b35]
[    0.005874] ACPI: Reserving FACS table memory at [mem 0x7ffe0000-0x7ffe003f]
[    0.005875] ACPI: Reserving APIC table memory at [mem 0x7ffe1baa-0x7ffe1c29]
[    0.005875] ACPI: Reserving HPET table memory at [mem 0x7ffe1c2a-0x7ffe1c61]
[    0.005875] ACPI: Reserving WAET table memory at [mem 0x7ffe1c62-0x7ffe1c89]
[    0.006506] No NUMA configuration found
[    0.006507] Faking a node at [mem 0x0000000000000000-0x000000007ffdffff]
[    0.006509] NODE_DATA(0) allocated [mem 0x7ffdc940-0x7ffdffff]
[    0.006519] Zone ranges:
[    0.006519]   DMA      [mem 0x0000000000001000-0x0000000000ffffff]
[    0.006520]   DMA32    [mem 0x0000000001000000-0x000000007ffdffff]
[    0.006521]   Normal   empty
[    0.006522] Movable zone start for each node
[    0.006522] Early memory node ranges
[    0.006523]   node   0: [mem 0x0000000000001000-0x000000000009efff]
[    0.006523]   node   0: [mem 0x0000000000100000-0x000000007ffdffff]
[    0.006524] Initmem setup node 0 [mem 0x0000000000001000-0x000000007ffdffff]
[    0.007387] On node 0, zone DMA: 1 pages in unavailable ranges
[    0.007396] On node 0, zone DMA: 97 pages in unavailable ranges
[    0.020653] On node 0, zone DMA32: 32 pages in unavailable ranges
[    0.021562] ACPI: PM-Timer IO Port: 0x608
[    0.021577] ACPI: LAPIC_NMI (acpi_id[0xff] dfl dfl lint[0x1])
[    0.021638] IOAPIC[0]: apic_id 0, version 17, address 0xfec00000, GSI 0-23
[    0.021640] ACPI: INT_SRC_OVR (bus 0 bus_irq 0 global_irq 2 dfl dfl)
[    0.021641] ACPI: INT_SRC_OVR (bus 0 bus_irq 5 global_irq 5 high level)
[    0.021642] ACPI: INT_SRC_OVR (bus 0 bus_irq 9 global_irq 9 high level)
[    0.021643] ACPI: INT_SRC_OVR (bus 0 bus_irq 10 global_irq 10 high level)
[    0.021643] ACPI: INT_SRC_OVR (bus 0 bus_irq 11 global_irq 11 high level)
[    0.021646] ACPI: Using ACPI (MADT) for SMP configuration information
[    0.021647] ACPI: HPET id: 0x8086a201 base: 0xfed00000
[    0.021651] TSC deadline timer available
[    0.021654] CPU topo: Max. logical packages:   1
[    0.021655] CPU topo: Max. logical dies:       1
[    0.021655] CPU topo: Max. dies per package:   1
[    0.021657] CPU topo: Max. threads per core:   1
[    0.021658] CPU topo: Num. cores per package:     2
[    0.021658] CPU topo: Num. threads per package:   2
[    0.021658] CPU topo: Allowing 2 present CPUs plus 0 hotplug CPUs
[    0.021679] kvm-guest: APIC: eoi() replaced with kvm_guest_apic_eoi_write()
[    0.021711] kvm-guest: KVM setup pv remote TLB flush
[    0.021721] kvm-guest: setup PV sched yield
[    0.021726] PM: hibernation: Registered nosave memory: [mem 0x00000000-0x00000fff]
[    0.021727] PM: hibernation: Registered nosave memory: [mem 0x0009f000-0x000fffff]
[    0.021728] [mem 0x80000000-0xfeffbfff] available for PCI devices
[    0.021729] Booting paravirtualized kernel on KVM
[    0.021731] clocksource: refined-jiffies: mask: 0xffffffff max_cycles: 0xffffffff, max_idle_ns: 1910969940391419 ns
[    0.026428] setup_percpu: NR_CPUS:64 nr_cpumask_bits:2 nr_cpu_ids:2 nr_node_ids:1
[    0.027507] percpu: Embedded 56 pages/cpu s192216 r8192 d28968 u1048576
[    0.027568] Kernel command line: root=/dev/root rootfstype=9p rootflags=trans=virtio,version=9p2000.L,cache=loose,msize=262144 ro console=ttyS0 panic=5 init=/home/key/spdm-lab/w9/run/init.sh
[    0.027601] random: crng init done
[    0.028420] Dentry cache hash table entries: 262144 (order: 9, 2097152 bytes, linear)
[    0.028543] Inode-cache hash table entries: 131072 (order: 8, 1048576 bytes, linear)
[    0.028612] Fallback order for Node 0: 0 
[    0.028614] Built 1 zonelists, mobility grouping on.  Total pages: 524158
[    0.028615] Policy zone: DMA32
[    0.028616] mem auto-init: stack:all(zero), heap alloc:off, heap free:off
[    0.033480] SLUB: HWalign=64, Order=0-3, MinObjects=0, CPUs=2, Nodes=1
[    0.034494] Dynamic Preempt: voluntary
[    0.035403] rcu: Preemptible hierarchical RCU implementation.
[    0.035405] rcu: 	RCU event tracing is enabled.
[    0.035405] rcu: 	RCU restricting CPUs from NR_CPUS=64 to nr_cpu_ids=2.
[    0.035407] 	Trampoline variant of Tasks RCU enabled.
[    0.035408] 	Tracing variant of Tasks RCU enabled.
[    0.035408] rcu: RCU calculated value of scheduler-enlistment delay is 100 jiffies.
[    0.035409] rcu: Adjusting geometry for rcu_fanout_leaf=16, nr_cpu_ids=2
[    0.035414] RCU Tasks: Setting shift to 1 and lim to 1 rcu_task_cb_adjust=1 rcu_task_cpu_ids=2.
[    0.035415] RCU Tasks Trace: Setting shift to 1 and lim to 1 rcu_task_cb_adjust=1 rcu_task_cpu_ids=2.
[    0.038482] NR_IRQS: 4352, nr_irqs: 440, preallocated irqs: 16
[    0.038763] rcu: srcu_init: Setting srcu_struct sizes based on contention.
[    0.038774] clocksource: jiffies: mask: 0xffffffff max_cycles: 0xffffffff, max_idle_ns: 1911260446275000 ns
[    0.038973] Console: colour *CGA 80x25
[    0.039042] printk: legacy console [ttyS0] enabled
[    0.180364] ACPI: Core revision 20240827
[    0.181349] clocksource: hpet: mask: 0xffffffff max_cycles: 0xffffffff, max_idle_ns: 19112604467 ns
[    0.183233] APIC: Switch to symmetric I/O mode setup
[    0.184253] kvm-guest: APIC: send_IPI_mask() replaced with kvm_send_ipi_mask()
[    0.185645] kvm-guest: APIC: send_IPI_mask_allbutself() replaced with kvm_send_ipi_mask_allbutself()
[    0.187442] kvm-guest: setup PV IPIs
[    0.190203] ..TIMER: vector=0x30 apic1=0 pin1=2 apic2=-1 pin2=-1
[    0.191486] clocksource: tsc-early: mask: 0xffffffffffffffff max_cycles: 0x22df1149949, max_idle_ns: 440795312789 ns
[    0.193599] Calibrating delay loop (skipped) preset value.. 4838.40 BogoMIPS (lpj=2419200)
[    0.196064] x86/cpu: User Mode Instruction Prevention (UMIP) activated
[    0.197635] Last level iTLB entries: 4KB 0, 2MB 0, 4MB 0
[    0.198598] Last level dTLB entries: 4KB 0, 2MB 0, 4MB 0, 1GB 0
[    0.199612] Spectre V1 : Mitigation: usercopy/swapgs barriers and __user pointer sanitization
[    0.200606] Spectre V2 : Spectre BHI mitigation: SW BHB clearing on syscall and VM exit
[    0.201598] Spectre V2 : Mitigation: Enhanced / Automatic IBRS
[    0.202598] Spectre V2 : Spectre v2 / PBRSB-eIBRS: Retire a single CALL on VMEXIT
[    0.203598] RETBleed: Mitigation: Enhanced IBRS
[    0.204600] Spectre V2 : mitigation: Enabling conditional Indirect Branch Prediction Barrier
[    0.205598] Speculative Store Bypass: Mitigation: Speculative Store Bypass disabled via prctl
[    0.206599] GDS: Unknown: Dependent on hypervisor status
[    0.207599] active return thunk: its_return_thunk
[    0.208600] ITS: Mitigation: Aligned branch/return thunks
[    0.209679] x86/fpu: Supporting XSAVE feature 0x001: 'x87 floating point registers'
[    0.210598] x86/fpu: Supporting XSAVE feature 0x002: 'SSE registers'
[    0.211598] x86/fpu: Supporting XSAVE feature 0x004: 'AVX registers'
[    0.212598] x86/fpu: Supporting XSAVE feature 0x020: 'AVX-512 opmask'
[    0.213597] x86/fpu: Supporting XSAVE feature 0x040: 'AVX-512 Hi256'
[    0.214598] x86/fpu: Supporting XSAVE feature 0x080: 'AVX-512 ZMM_Hi256'
[    0.215597] x86/fpu: xstate_offset[2]:  576, xstate_sizes[2]:  256
[    0.216598] x86/fpu: xstate_offset[5]:  832, xstate_sizes[5]:   64
[    0.217598] x86/fpu: xstate_offset[6]:  896, xstate_sizes[6]:  512
[    0.218597] x86/fpu: xstate_offset[7]: 1408, xstate_sizes[7]: 1024
[    0.219598] x86/fpu: Enabled xstate features 0xe7, context size is 2432 bytes, using 'compacted' format.
[    0.257686] Freeing SMP alternatives memory: 52K
[    0.258600] pid_max: default: 32768 minimum: 301
[    0.259611] LSM: initializing lsm=capability,selinux
[    0.260614] SELinux:  Initializing.
[    0.261696] Mount-cache hash table entries: 4096 (order: 3, 32768 bytes, linear)
[    0.262615] Mountpoint-cache hash table entries: 4096 (order: 3, 32768 bytes, linear)
[    0.263880] smpboot: CPU0: 11th Gen Intel(R) Core(TM) i5-1135G7 @ 2.40GHz (family: 0x6, model: 0x8c, stepping: 0x1)
[    0.265496] Performance Events: Icelake events, full-width counters, Intel PMU driver.
[    0.266611] ... version:                2
[    0.267438] ... bit width:              48
[    0.267604] ... generic registers:      8
[    0.268604] ... value mask:             0000ffffffffffff
[    0.269602] ... max period:             00007fffffffffff
[    0.270602] ... fixed-purpose events:   3
[    0.271417] ... event mask:             00000007000000ff
[    0.271739] signal: max sigframe size: 3632
[    0.272623] rcu: Hierarchical SRCU implementation.
[    0.273602] rcu: 	Max phase no-delay instances is 400.
[    0.274625] Timer migration: 1 hierarchy levels; 8 children per group; 1 crossnode level
[    0.277474] smp: Bringing up secondary CPUs ...
[    0.277853] smpboot: x86: Booting SMP configuration:
[    0.278613] .... node  #0, CPUs:      #1
[    0.280743] smp: Brought up 1 node, 2 CPUs
[    0.282453] smpboot: Total of 2 processors activated (9676.80 BogoMIPS)
[    0.283276] Memory: 2017004K/2096632K available (18432K kernel code, 2872K rwdata, 7152K rodata, 2820K init, 880K bss, 75928K reserved, 0K cma-reserved)
[    0.284096] devtmpfs: initialized
[    0.284955] futex hash table entries: 512 (order: 3, 32768 bytes, linear)
[    0.286148] PM: RTC time: 19:42:12, date: 2026-09-17
[    0.286899] NET: Registered PF_NETLINK/PF_ROUTE protocol family
[    0.287698] audit: initializing netlink subsys (disabled)
[    0.288738] audit: type=2000 audit(1789674133.078:1): state=initialized audit_enabled=0 res=1
[    0.288738] thermal_sys: Registered thermal governor 'step_wise'
[    0.289596] thermal_sys: Registered thermal governor 'user_space'
[    0.290640] cpuidle: using governor menu
[    0.293062] PCI: Using configuration type 1 for base access
[    0.293662] kprobes: kprobe jump-optimization is enabled. All kprobes are optimized if possible.
[    0.296675] HugeTLB: registered 2.00 MiB page size, pre-allocated 0 pages
[    0.298603] HugeTLB: 28 KiB vmemmap can be freed for a 2.00 MiB page
[    0.299722] ACPI: Added _OSI(Module Device)
[    0.300605] ACPI: Added _OSI(Processor Device)
[    0.301591] ACPI: Added _OSI(Processor Aggregator Device)
[    0.303878] ACPI: 1 ACPI AML tables successfully acquired and loaded
[    0.309192] ACPI: Interpreter enabled
[    0.309615] ACPI: PM: (supports S0 S3 S4 S5)
[    0.310577] ACPI: Using IOAPIC for interrupt routing
[    0.311615] PCI: Using host bridge windows from ACPI; if necessary, use "pci=nocrs" and report a bug
[    0.313603] PCI: Using E820 reservations for host bridge windows
[    0.315692] ACPI: Enabled 2 GPEs in block 00 to 0F
[    0.318851] ACPI: PCI Root Bridge [PCI0] (domain 0000 [bus 00-ff])
[    0.320607] acpi PNP0A03:00: _OSC: OS supports [ASPM ClockPM Segments MSI HPX-Type3]
[    0.321603] acpi PNP0A03:00: _OSC: not requesting OS control; OS requires [ExtendedConfig ASPM ClockPM MSI]
[    0.324608] acpi PNP0A03:00: fail to add MMCONFIG information, can't access extended configuration space under this bridge
[    0.326673] PCI host bridge to bus 0000:00
[    0.327605] pci_bus 0000:00: root bus resource [io  0x0000-0x0cf7 window]
[    0.329606] pci_bus 0000:00: root bus resource [io  0x0d00-0xffff window]
[    0.331611] pci_bus 0000:00: root bus resource [mem 0x000a0000-0x000bffff window]
[    0.333606] pci_bus 0000:00: root bus resource [mem 0x80000000-0xfebfffff window]
[    0.335605] pci_bus 0000:00: root bus resource [mem 0x100000000-0x17fffffff window]
[    0.337608] pci_bus 0000:00: root bus resource [bus 00-ff]
[    0.339710] pci 0000:00:00.0: [8086:1237] type 00 class 0x060000 conventional PCI endpoint
[    0.343760] pci 0000:00:01.0: [8086:7000] type 00 class 0x060100 conventional PCI endpoint
[    0.347190] pci 0000:00:01.1: [8086:7010] type 00 class 0x010180 conventional PCI endpoint
[    0.351605] pci 0000:00:01.1: BAR 4 [io  0xc060-0xc06f]
[    0.353405] pci 0000:00:01.1: BAR 0 [io  0x01f0-0x01f7]: legacy IDE quirk
[    0.354603] pci 0000:00:01.1: BAR 1 [io  0x03f6]: legacy IDE quirk
[    0.355603] pci 0000:00:01.1: BAR 2 [io  0x0170-0x0177]: legacy IDE quirk
[    0.357605] pci 0000:00:01.1: BAR 3 [io  0x0376]: legacy IDE quirk
[    0.359911] pci 0000:00:01.3: [8086:7113] type 00 class 0x068000 conventional PCI endpoint
[    0.362584] pci 0000:00:01.3: quirk: [io  0x0600-0x063f] claimed by PIIX4 ACPI
[    0.363621] pci 0000:00:01.3: quirk: [io  0x0700-0x070f] claimed by PIIX4 SMB
[    0.366225] pci 0000:00:02.0: [1af4:1009] type 00 class 0x000200 conventional PCI endpoint
[    0.369522] pci 0000:00:02.0: BAR 0 [io  0xc000-0xc03f]
[    0.371494] pci 0000:00:02.0: BAR 1 [mem 0xfebfe000-0xfebfefff]
[    0.375019] pci 0000:00:02.0: BAR 4 [mem 0xfebf4000-0xfebf7fff 64bit pref]
[    0.379938] pci 0000:00:03.0: [1af4:1009] type 00 class 0x000200 conventional PCI endpoint
[    0.383266] pci 0000:00:03.0: BAR 0 [io  0xc040-0xc05f]
[    0.384196] pci 0000:00:03.0: BAR 1 [mem 0xfebff000-0xfebfffff]
[    0.387339] pci 0000:00:03.0: BAR 4 [mem 0xfebf8000-0xfebfbfff 64bit pref]
[    0.394436] ACPI: PCI: Interrupt link LNKA configured for IRQ 10
[    0.395717] ACPI: PCI: Interrupt link LNKB configured for IRQ 10
[    0.397705] ACPI: PCI: Interrupt link LNKC configured for IRQ 11
[    0.398713] ACPI: PCI: Interrupt link LNKD configured for IRQ 11
[    0.400658] ACPI: PCI: Interrupt link LNKS configured for IRQ 9
[    0.401821] iommu: Default domain type: Translated
[    0.402604] iommu: DMA domain TLB invalidation policy: lazy mode
[    0.404647] SCSI subsystem initialized
[    0.405679] ACPI: bus type USB registered
[    0.406617] usbcore: registered new interface driver usbfs
[    0.407608] usbcore: registered new interface driver hub
[    0.408617] usbcore: registered new device driver usb
[    0.409616] pps_core: LinuxPPS API ver. 1 registered
[    0.410602] pps_core: Software ver. 5.3.6 - Copyright 2005-2007 Rodolfo Giometti <giometti@linux.it>
[    0.412604] PTP clock support registered
[    0.413660] Advanced Linux Sound Architecture Driver Initialized.
[    0.415863] NetLabel: Initializing
[    0.416602] NetLabel:  domain hash size = 128
[    0.417603] NetLabel:  protocols = UNLABELED CIPSOv4 CALIPSO
[    0.418615] NetLabel:  unlabeled traffic allowed by default
[    0.420607] mctp: management component transport protocol core
[    0.421606] NET: Registered PF_MCTP protocol family
[    0.422611] PCI: Using ACPI for IRQ routing
[    0.423812] vgaarb: loaded
[    0.424279] hpet0: at MMIO 0xfed00000, IRQs 2, 8, 0
[    0.425604] hpet0: 3 comparators, 64-bit 100.000000 MHz counter
[    0.433672] clocksource: Switched to clocksource kvm-clock
[    0.434971] VFS: Disk quotas dquot_6.6.0
[    0.435895] VFS: Dquot-cache hash table entries: 512 (order 0, 4096 bytes)
[    0.437684] pnp: PnP ACPI init
[    0.438693] pnp: PnP ACPI: found 5 devices
[    0.448186] clocksource: acpi_pm: mask: 0xffffff max_cycles: 0xffffff, max_idle_ns: 2085701024 ns
[    0.450563] NET: Registered PF_INET protocol family
[    0.452604] IP idents hash table entries: 32768 (order: 6, 262144 bytes, linear)
[    0.454735] tcp_listen_portaddr_hash hash table entries: 1024 (order: 2, 16384 bytes, linear)
[    0.456645] Table-perturb hash table entries: 65536 (order: 6, 262144 bytes, linear)
[    0.458414] TCP established hash table entries: 16384 (order: 5, 131072 bytes, linear)
[    0.460265] TCP bind hash table entries: 16384 (order: 7, 524288 bytes, linear)
[    0.461964] TCP: Hash tables configured (established 16384 bind 16384)
[    0.463547] UDP hash table entries: 1024 (order: 3, 32768 bytes, linear)
[    0.465321] UDP-Lite hash table entries: 1024 (order: 3, 32768 bytes, linear)
[    0.466810] NET: Registered PF_UNIX/PF_LOCAL protocol family
[    0.468624] RPC: Registered named UNIX socket transport module.
[    0.470043] RPC: Registered udp transport module.
[    0.470994] RPC: Registered tcp transport module.
[    0.471951] RPC: Registered tcp-with-tls transport module.
[    0.473127] RPC: Registered tcp NFSv4.1 backchannel transport module.
[    0.474937] pci_bus 0000:00: resource 4 [io  0x0000-0x0cf7 window]
[    0.476192] pci_bus 0000:00: resource 5 [io  0x0d00-0xffff window]
[    0.477519] pci_bus 0000:00: resource 6 [mem 0x000a0000-0x000bffff window]
[    0.479022] pci_bus 0000:00: resource 7 [mem 0x80000000-0xfebfffff window]
[    0.480426] pci_bus 0000:00: resource 8 [mem 0x100000000-0x17fffffff window]
[    0.481894] pci 0000:00:01.0: PIIX3: Enabling Passive Release
[    0.483078] pci 0000:00:00.0: Limiting direct PCI/PCI transfers
[    0.484411] PCI: CLS 0 bytes, default 64
[    0.485793] RAPL PMU: API unit is 2^-32 Joules, 0 fixed counters, 10737418240 ms ovfl timer
[    0.488252] clocksource: tsc: mask: 0xffffffffffffffff max_cycles: 0x22df1149949, max_idle_ns: 440795312789 ns
[    0.492014] Initialise system trusted keyrings
[    0.493137] workingset: timestamp_bits=56 max_order=19 bucket_order=0
[    0.494839] NFS: Registering the id_resolver key type
[    0.495922] Key type id_resolver registered
[    0.496894] Key type id_legacy registered
[    0.497941] 9p: Installing v9fs 9p2000 file system support
[    0.506422] Key type asymmetric registered
[    0.507318] Asymmetric key parser 'x509' registered
[    0.508357] Block layer SCSI generic (bsg) driver version 0.4 loaded (major 251)
[    0.509935] io scheduler mq-deadline registered
[    0.510884] io scheduler kyber registered
[    0.512138] input: Power Button as /devices/LNXSYSTM:00/LNXPWRBN:00/input/input0
[    0.513766] ACPI: button: Power Button [PWRF]
[    0.522437] ACPI: \_SB_.LNKB: Enabled at IRQ 10
[    0.532194] ACPI: \_SB_.LNKC: Enabled at IRQ 11
[    0.534944] Serial: 8250/16550 driver, 4 ports, IRQ sharing enabled
[    0.536452] 00:03: ttyS0 at I/O 0x3f8 (irq = 4, base_baud = 115200) is a 16550A
[    0.538875] Non-volatile memory driver v1.3
[    0.539722] Linux agpgart interface v0.103
[    0.540782] ACPI: bus type drm_connector registered
[    0.544037] loop: module loaded
[    0.546294] scsi host0: ata_piix
[    0.547260] scsi host1: ata_piix
[    0.548013] ata1: PATA max MWDMA2 cmd 0x1f0 ctl 0x3f6 bmdma 0xc060 irq 14 lpm-pol 0
[    0.549698] ata2: PATA max MWDMA2 cmd 0x170 ctl 0x376 bmdma 0xc068 irq 15 lpm-pol 0
[    0.551794] e100: Intel(R) PRO/100 Network Driver
[    0.552851] e100: Copyright(c) 1999-2006 Intel Corporation
[    0.554016] e1000: Intel(R) PRO/1000 Network Driver
[    0.555067] e1000: Copyright (c) 1999-2006 Intel Corporation.
[    0.557001] e1000e: Intel(R) PRO/1000 Network Driver
[    0.558288] e1000e: Copyright(c) 1999 - 2015 Intel Corporation.
[    0.559510] sky2: driver version 1.30
[    0.560528] usbcore: registered new interface driver usblp
[    0.561904] usbcore: registered new interface driver usb-storage
[    0.563165] i8042: PNP: PS/2 Controller [PNP0303:KBD,PNP0f13:MOU] at 0x60,0x64 irq 1,12
[    0.565993] serio: i8042 KBD port at 0x60,0x64 irq 1
[    0.567022] serio: i8042 AUX port at 0x60,0x64 irq 12
[    0.568444] rtc_cmos 00:04: RTC can wake from S4
[    0.570883] rtc_cmos 00:04: registered as rtc0
[    0.570885] input: AT Translated Set 2 keyboard as /devices/platform/i8042/serio0/input/input1
[    0.572075] rtc_cmos 00:04: alarms up to one day, y3k, 242 bytes nvram, hpet irqs
[    0.575851] device-mapper: ioctl: 4.48.0-ioctl (2023-03-01) initialised: dm-devel@lists.linux.dev
[    0.578029] intel_pstate: CPU model not supported
[    0.579136] hid: raw HID events driver (C) Jiri Kosina
[    0.580743] usbcore: registered new interface driver usbhid
[    0.582419] usbhid: USB HID core driver
[    0.585918] Initializing XFRM netlink socket
[    0.587008] NET: Registered PF_INET6 protocol family
[    0.588720] Segment Routing with IPv6
[    0.589578] In-situ OAM (IOAM) with IPv6
[    0.590549] sit: IPv6, IPv4 and MPLS over IPv4 tunneling driver
[    0.592040] NET: Registered PF_PACKET protocol family
[    0.593248] 9pnet: Installing 9P2000 support
[    0.596927] Key type dns_resolver registered
[    0.598190] IPI shorthand broadcast: enabled
[    0.600788] sched_clock: Marking stable (449011948, 150822295)->(645213766, -45379523)
[    0.602896] registered taskstats version 1
[    0.603845] Loading compiled-in X.509 certificates
[    0.605863] Demotion targets for Node 0: null
[    0.607033] PM:   Magic number: 10:995:748
[    0.608091] alarmtimer alarmtimer.0.auto: hash matches
[    0.609346] printk: legacy console [netcon0] enabled
[    0.610635] netconsole: network logging started
[    0.612239] cfg80211: Loading compiled-in X.509 certificates for regulatory database
[    0.614928] kworker/u8:3 (62) used greatest stack depth: 14408 bytes left
[    0.617523] Loaded X.509 cert 'sforshee: 00b28ddf47aef9cea7'
[    0.618947] Loaded X.509 cert 'wens: 61c038651aabdcf94bd0ac7ff06c7248db18c600'
[    0.620626] platform regulatory.0: Direct firmware load for regulatory.db failed with error -2
[    0.621965] ALSA device list:
[    0.622532] cfg80211: failed to load regulatory.db
[    0.623324]   No soundcards found.
[    1.001575] input: ImExPS/2 Generic Explorer Mouse as /devices/platform/i8042/serio1/input/input3
[    1.003080] md: Waiting for all devices to be available before autodetect
[    1.004020] md: If you don't use raid, use raid=noautodetect
[    1.004718] md: Autodetecting RAID arrays.
[    1.005240] md: autorun ...
[    1.005598] md: ... autorun DONE.
[    1.007517] VFS: Mounted root (9p filesystem) readonly on device 0:19.
[    1.009612] devtmpfs: mounted
[    1.010465] Freeing unused kernel image (initmem) memory: 2820K
[    1.011228] Write protecting the kernel read-only data: 26624k
[    1.012491] Freeing unused kernel image (rodata/data gap) memory: 1040K
[    1.020965] x86/mm: Checked W+X mappings: passed, no W+X pages found.
[    1.021815] Run /home/key/spdm-lab/w9/run/init.sh as init process
[    1.070848] mount (65) used greatest stack depth: 13128 bytes left
guest_init: Linux 6.12.110 x86_64
guest_init: AF_MCTP is checked below
[    1.394771] ip (97) used greatest stack depth: 12872 bytes left
guest_init: payload exited 0
dev mctpserial1 index 3 address none net 1 mtu 68 up
eid 9 net 1 dev mctpserial1
eid min 8 max 8 net 1 dev mctpserial1 mtu 0
eid min 9 max 9 net 1 dev mctpserial1 mtu 0
### sysfs mtu
A mctpserial0 mtu 68
B mctpserial1 mtu 68

======== calibration replay
# length  acked  predicted_packets
       1      1                  1
      60     60                  1
      63     63                  1
      64     64                  2
      65     65                  2
     119    119                  2
     127    127                  2
     128    128                  3
     177    177                  3
    1024   1024                 17
    4352   4352                 69
   16853  16853                264

======== arm A0  (--meas_op ALL --asym ECDSA_P384 --dhe SECP_384_R1 --pqc_asym NONE --kem NONE)
requester exited 0
requester bridge: 11 SPDM exchanges, 2 control exchanges
responder bridge: 11 SPDM exchanges, 2 control exchanges

======== arm P2  (--meas_op ALL --asym NONE --dhe NONE --pqc_asym ML_DSA_65 --kem ML_KEM_768 --pqc_first TRUE)
requester exited 0
requester bridge: 23 SPDM exchanges, 2 control exchanges
responder bridge: 23 SPDM exchanges, 2 control exchanges

======== interface counters at the end
A tx_packets 405
A rx_packets 1050
B tx_packets 1050
B rx_packets 405
A rx_errors  0
A tx_dropped 0
guest_init: powering off (status 0)
[    8.786403] ACPI: PM: Preparing to enter system sleep state S5
[    8.787235] reboot: Power down
