[    0.000000] Linux version 6.12.110 (key@K) (gcc (Ubuntu 13.3.0-6ubuntu2~24.04.1) 13.3.0, GNU ld (GNU Binutils for Ubuntu) 2.42) #1 SMP PREEMPT_DYNAMIC Fri Sep 18 02:55:06 CST 2026
[    0.000000] Command line: root=/dev/root rootfstype=9p rootflags=trans=virtio,version=9p2000.L,cache=loose,msize=262144 ro console=ttyS0 panic=5 init=/home/key/spdm-lab/w9/run/init.sh
[    0.000000] BIOS-provided physical RAM map:
[    0.000000] BIOS-e820: [mem 0x0000000000000000-0x000000000009fbff] usable
[    0.000000] BIOS-e820: [mem 0x000000000009fc00-0x000000000009ffff] reserved
[    0.000000] BIOS-e820: [mem 0x00000000000f0000-0x00000000000fffff] reserved
[    0.000000] BIOS-e820: [mem 0x0000000000100000-0x000000007ffdffff] usable
[    0.000000] BIOS-e820: [mem 0x000000007ffe0000-0x000000007fffffff] reserved
[    0.000000] BIOS-e820: [mem 0x00000000feffc000-0x00000000feffffff] reserved
[    0.000000] BIOS-e820: [mem 0x00000000fffc0000-0x00000000ffffffff] reserved
[    0.000000] NX (Execute Disable) protection: active
[    0.000000] APIC: Static calls initialized
[    0.000000] SMBIOS 3.0.0 present.
[    0.000000] DMI: QEMU Ubuntu 24.04 PC v2 (i440FX + PIIX, arch_caps fix, 1996), BIOS 1.16.3-debian-1.16.3-2 04/01/2014
[    0.000000] DMI: Memory slots populated: 1/1
[    0.000000] Hypervisor detected: KVM
[    0.000000] last_pfn = 0x7ffe0 max_arch_pfn = 0x400000000
[    0.000000] kvm-clock: Using msrs 4b564d01 and 4b564d00
[    0.000002] kvm-clock: using sched offset of 594437074 cycles
[    0.000007] clocksource: kvm-clock: mask: 0xffffffffffffffff max_cycles: 0x1cd42e4dffb, max_idle_ns: 881590591483 ns
[    0.000011] tsc: Detected 2419.200 MHz processor
[    0.004737] last_pfn = 0x7ffe0 max_arch_pfn = 0x400000000
[    0.005167] MTRR map: 4 entries (3 fixed + 1 variable; max 19), built from 8 variable MTRRs
[    0.005187] x86/PAT: Configuration [0-7]: WB  WC  UC- UC  WB  WP  UC- WT  
[    0.024444] found SMP MP-table at [mem 0x000f5470-0x000f547f]
[    0.024527] Using GB pages for direct mapping
[    0.028835] ACPI: Early table checksum verification disabled
[    0.028844] ACPI: RSDP 0x00000000000F5280 000014 (v00 BOCHS )
[    0.028896] ACPI: RSDT 0x000000007FFE1C8A 000034 (v01 BOCHS  BXPC     00000001 BXPC 00000001)
[    0.028904] ACPI: FACP 0x000000007FFE1B36 000074 (v01 BOCHS  BXPC     00000001 BXPC 00000001)
[    0.028916] ACPI: DSDT 0x000000007FFE0040 001AF6 (v01 BOCHS  BXPC     00000001 BXPC 00000001)
[    0.028920] ACPI: FACS 0x000000007FFE0000 000040
[    0.028924] ACPI: APIC 0x000000007FFE1BAA 000080 (v03 BOCHS  BXPC     00000001 BXPC 00000001)
[    0.028928] ACPI: HPET 0x000000007FFE1C2A 000038 (v01 BOCHS  BXPC     00000001 BXPC 00000001)
[    0.028932] ACPI: WAET 0x000000007FFE1C62 000028 (v01 BOCHS  BXPC     00000001 BXPC 00000001)
[    0.028934] ACPI: Reserving FACP table memory at [mem 0x7ffe1b36-0x7ffe1ba9]
[    0.028937] ACPI: Reserving DSDT table memory at [mem 0x7ffe0040-0x7ffe1b35]
[    0.028938] ACPI: Reserving FACS table memory at [mem 0x7ffe0000-0x7ffe003f]
[    0.028939] ACPI: Reserving APIC table memory at [mem 0x7ffe1baa-0x7ffe1c29]
[    0.028940] ACPI: Reserving HPET table memory at [mem 0x7ffe1c2a-0x7ffe1c61]
[    0.028941] ACPI: Reserving WAET table memory at [mem 0x7ffe1c62-0x7ffe1c89]
[    0.030289] No NUMA configuration found
[    0.030292] Faking a node at [mem 0x0000000000000000-0x000000007ffdffff]
[    0.030298] NODE_DATA(0) allocated [mem 0x7ffdc940-0x7ffdffff]
[    0.030361] Zone ranges:
[    0.030389]   DMA      [mem 0x0000000000001000-0x0000000000ffffff]
[    0.030391]   DMA32    [mem 0x0000000001000000-0x000000007ffdffff]
[    0.030393]   Normal   empty
[    0.030394] Movable zone start for each node
[    0.030395] Early memory node ranges
[    0.030396]   node   0: [mem 0x0000000000001000-0x000000000009efff]
[    0.030398]   node   0: [mem 0x0000000000100000-0x000000007ffdffff]
[    0.030399] Initmem setup node 0 [mem 0x0000000000001000-0x000000007ffdffff]
[    0.030939] On node 0, zone DMA: 1 pages in unavailable ranges
[    0.030995] On node 0, zone DMA: 97 pages in unavailable ranges
[    0.074086] On node 0, zone DMA32: 32 pages in unavailable ranges
[    0.076085] ACPI: PM-Timer IO Port: 0x608
[    0.076113] ACPI: LAPIC_NMI (acpi_id[0xff] dfl dfl lint[0x1])
[    0.076268] IOAPIC[0]: apic_id 0, version 17, address 0xfec00000, GSI 0-23
[    0.076273] ACPI: INT_SRC_OVR (bus 0 bus_irq 0 global_irq 2 dfl dfl)
[    0.076276] ACPI: INT_SRC_OVR (bus 0 bus_irq 5 global_irq 5 high level)
[    0.076277] ACPI: INT_SRC_OVR (bus 0 bus_irq 9 global_irq 9 high level)
[    0.076279] ACPI: INT_SRC_OVR (bus 0 bus_irq 10 global_irq 10 high level)
[    0.076280] ACPI: INT_SRC_OVR (bus 0 bus_irq 11 global_irq 11 high level)
[    0.076285] ACPI: Using ACPI (MADT) for SMP configuration information
[    0.076287] ACPI: HPET id: 0x8086a201 base: 0xfed00000
[    0.076294] TSC deadline timer available
[    0.076300] CPU topo: Max. logical packages:   1
[    0.076301] CPU topo: Max. logical dies:       1
[    0.076302] CPU topo: Max. dies per package:   1
[    0.076308] CPU topo: Max. threads per core:   1
[    0.076310] CPU topo: Num. cores per package:     2
[    0.076310] CPU topo: Num. threads per package:   2
[    0.076311] CPU topo: Allowing 2 present CPUs plus 0 hotplug CPUs
[    0.076354] kvm-guest: APIC: eoi() replaced with kvm_guest_apic_eoi_write()
[    0.076407] kvm-guest: KVM setup pv remote TLB flush
[    0.076427] kvm-guest: setup PV sched yield
[    0.076436] PM: hibernation: Registered nosave memory: [mem 0x00000000-0x00000fff]
[    0.076438] PM: hibernation: Registered nosave memory: [mem 0x0009f000-0x000fffff]
[    0.076440] [mem 0x80000000-0xfeffbfff] available for PCI devices
[    0.076442] Booting paravirtualized kernel on KVM
[    0.076445] clocksource: refined-jiffies: mask: 0xffffffff max_cycles: 0xffffffff, max_idle_ns: 1910969940391419 ns
[    0.091916] setup_percpu: NR_CPUS:64 nr_cpumask_bits:2 nr_cpu_ids:2 nr_node_ids:1
[    0.097251] percpu: Embedded 56 pages/cpu s192216 r8192 d28968 u1048576
[    0.097387] Kernel command line: root=/dev/root rootfstype=9p rootflags=trans=virtio,version=9p2000.L,cache=loose,msize=262144 ro console=ttyS0 panic=5 init=/home/key/spdm-lab/w9/run/init.sh
[    0.097440] random: crng init done
[    0.098466] Dentry cache hash table entries: 262144 (order: 9, 2097152 bytes, linear)
[    0.098687] Inode-cache hash table entries: 131072 (order: 8, 1048576 bytes, linear)
[    0.098824] Fallback order for Node 0: 0 
[    0.098829] Built 1 zonelists, mobility grouping on.  Total pages: 524158
[    0.098831] Policy zone: DMA32
[    0.098834] mem auto-init: stack:all(zero), heap alloc:off, heap free:off
[    0.112964] SLUB: HWalign=64, Order=0-3, MinObjects=0, CPUs=2, Nodes=1
[    0.114604] Dynamic Preempt: voluntary
[    0.115657] rcu: Preemptible hierarchical RCU implementation.
[    0.115660] rcu: 	RCU event tracing is enabled.
[    0.115661] rcu: 	RCU restricting CPUs from NR_CPUS=64 to nr_cpu_ids=2.
[    0.115664] 	Trampoline variant of Tasks RCU enabled.
[    0.115665] 	Tracing variant of Tasks RCU enabled.
[    0.115665] rcu: RCU calculated value of scheduler-enlistment delay is 100 jiffies.
[    0.115667] rcu: Adjusting geometry for rcu_fanout_leaf=16, nr_cpu_ids=2
[    0.115676] RCU Tasks: Setting shift to 1 and lim to 1 rcu_task_cb_adjust=1 rcu_task_cpu_ids=2.
[    0.115679] RCU Tasks Trace: Setting shift to 1 and lim to 1 rcu_task_cb_adjust=1 rcu_task_cpu_ids=2.
[    0.128956] NR_IRQS: 4352, nr_irqs: 440, preallocated irqs: 16
[    0.129299] rcu: srcu_init: Setting srcu_struct sizes based on contention.
[    0.129319] clocksource: jiffies: mask: 0xffffffff max_cycles: 0xffffffff, max_idle_ns: 1911260446275000 ns
[    0.129687] Console: colour *CGA 80x25
[    0.129820] printk: legacy console [ttyS0] enabled
[    0.424340] ACPI: Core revision 20240827
[    0.426263] clocksource: hpet: mask: 0xffffffff max_cycles: 0xffffffff, max_idle_ns: 19112604467 ns
[    0.431054] APIC: Switch to symmetric I/O mode setup
[    0.433055] kvm-guest: APIC: send_IPI_mask() replaced with kvm_send_ipi_mask()
[    0.435633] kvm-guest: APIC: send_IPI_mask_allbutself() replaced with kvm_send_ipi_mask_allbutself()
[    0.438979] kvm-guest: setup PV IPIs
[    0.444331] ..TIMER: vector=0x30 apic1=0 pin1=2 apic2=-1 pin2=-1
[    0.446716] clocksource: tsc-early: mask: 0xffffffffffffffff max_cycles: 0x22df1149949, max_idle_ns: 440795312789 ns
[    0.450639] Calibrating delay loop (skipped) preset value.. 4838.40 BogoMIPS (lpj=2419200)
[    0.453119] x86/cpu: User Mode Instruction Prevention (UMIP) activated
[    0.454036] Last level iTLB entries: 4KB 0, 2MB 0, 4MB 0
[    0.454643] Last level dTLB entries: 4KB 0, 2MB 0, 4MB 0, 1GB 0
[    0.455674] Spectre V1 : Mitigation: usercopy/swapgs barriers and __user pointer sanitization
[    0.456659] Spectre V2 : Spectre BHI mitigation: SW BHB clearing on syscall and VM exit
[    0.457642] Spectre V2 : Mitigation: Enhanced / Automatic IBRS
[    0.458641] Spectre V2 : Spectre v2 / PBRSB-eIBRS: Retire a single CALL on VMEXIT
[    0.459644] RETBleed: Mitigation: Enhanced IBRS
[    0.460648] Spectre V2 : mitigation: Enabling conditional Indirect Branch Prediction Barrier
[    0.461644] Speculative Store Bypass: Mitigation: Speculative Store Bypass disabled via prctl
[    0.463641] GDS: Unknown: Dependent on hypervisor status
[    0.465638] active return thunk: its_return_thunk
[    0.466640] ITS: Mitigation: Aligned branch/return thunks
[    0.467763] x86/fpu: Supporting XSAVE feature 0x001: 'x87 floating point registers'
[    0.468641] x86/fpu: Supporting XSAVE feature 0x002: 'SSE registers'
[    0.469642] x86/fpu: Supporting XSAVE feature 0x004: 'AVX registers'
[    0.470642] x86/fpu: Supporting XSAVE feature 0x020: 'AVX-512 opmask'
[    0.471642] x86/fpu: Supporting XSAVE feature 0x040: 'AVX-512 Hi256'
[    0.472643] x86/fpu: Supporting XSAVE feature 0x080: 'AVX-512 ZMM_Hi256'
[    0.473644] x86/fpu: xstate_offset[2]:  576, xstate_sizes[2]:  256
[    0.474645] x86/fpu: xstate_offset[5]:  832, xstate_sizes[5]:   64
[    0.475644] x86/fpu: xstate_offset[6]:  896, xstate_sizes[6]:  512
[    0.476632] x86/fpu: xstate_offset[7]: 1408, xstate_sizes[7]: 1024
[    0.476644] x86/fpu: Enabled xstate features 0xe7, context size is 2432 bytes, using 'compacted' format.
[    0.550324] Freeing SMP alternatives memory: 52K
[    0.550644] pid_max: default: 32768 minimum: 301
[    0.552665] LSM: initializing lsm=capability,selinux
[    0.553670] SELinux:  Initializing.
[    0.555733] Mount-cache hash table entries: 4096 (order: 3, 32768 bytes, linear)
[    0.556649] Mountpoint-cache hash table entries: 4096 (order: 3, 32768 bytes, linear)
[    0.558167] smpboot: CPU0: 11th Gen Intel(R) Core(TM) i5-1135G7 @ 2.40GHz (family: 0x6, model: 0x8c, stepping: 0x1)
[    0.559841] Performance Events: Icelake events, full-width counters, Intel PMU driver.
[    0.560718] ... version:                2
[    0.561658] ... bit width:              48
[    0.562664] ... generic registers:      8
[    0.563657] ... value mask:             0000ffffffffffff
[    0.564667] ... max period:             00007fffffffffff
[    0.565661] ... fixed-purpose events:   3
[    0.566660] ... event mask:             00000007000000ff
[    0.567994] signal: max sigframe size: 3632
[    0.568777] rcu: Hierarchical SRCU implementation.
[    0.569665] rcu: 	Max phase no-delay instances is 400.
[    0.570783] Timer migration: 1 hierarchy levels; 8 children per group; 1 crossnode level
[    0.574345] smp: Bringing up secondary CPUs ...
[    0.574884] smpboot: x86: Booting SMP configuration:
[    0.575664] .... node  #0, CPUs:      #1
[    0.577843] smp: Brought up 1 node, 2 CPUs
[    0.579666] smpboot: Total of 2 processors activated (9676.80 BogoMIPS)
[    0.582502] Memory: 2017012K/2096632K available (18432K kernel code, 2872K rwdata, 7152K rodata, 2820K init, 880K bss, 75920K reserved, 0K cma-reserved)
[    0.584668] devtmpfs: initialized
[    0.586020] futex hash table entries: 512 (order: 3, 32768 bytes, linear)
[    0.589071] PM: RTC time: 19:40:08, date: 2026-09-17
[    0.598881] NET: Registered PF_NETLINK/PF_ROUTE protocol family
[    0.599796] audit: initializing netlink subsys (disabled)
[    0.603787] audit: type=2000 audit(1789674008.295:1): state=initialized audit_enabled=0 res=1
[    0.604662] thermal_sys: Registered thermal governor 'step_wise'
[    0.605730] thermal_sys: Registered thermal governor 'user_space'
[    0.607663] cpuidle: using governor menu
[    0.612052] PCI: Using configuration type 1 for base access
[    0.614717] kprobes: kprobe jump-optimization is enabled. All kprobes are optimized if possible.
[    0.616840] HugeTLB: registered 2.00 MiB page size, pre-allocated 0 pages
[    0.617632] HugeTLB: 28 KiB vmemmap can be freed for a 2.00 MiB page
[    0.617632] ACPI: Added _OSI(Module Device)
[    0.620679] ACPI: Added _OSI(Processor Device)
[    0.621632] ACPI: Added _OSI(Processor Aggregator Device)
[    0.622211] ACPI: 1 ACPI AML tables successfully acquired and loaded
[    0.630872] ACPI: Interpreter enabled
[    0.632677] ACPI: PM: (supports S0 S3 S4 S5)
[    0.637657] ACPI: Using IOAPIC for interrupt routing
[    0.639706] PCI: Using host bridge windows from ACPI; if necessary, use "pci=nocrs" and report a bug
[    0.647658] PCI: Using E820 reservations for host bridge windows
[    0.654823] ACPI: Enabled 2 GPEs in block 00 to 0F
[    0.664015] ACPI: PCI Root Bridge [PCI0] (domain 0000 [bus 00-ff])
[    0.670673] acpi PNP0A03:00: _OSC: OS supports [ASPM ClockPM Segments MSI HPX-Type3]
[    0.673660] acpi PNP0A03:00: _OSC: not requesting OS control; OS requires [ExtendedConfig ASPM ClockPM MSI]
[    0.686685] acpi PNP0A03:00: fail to add MMCONFIG information, can't access extended configuration space under this bridge
[    0.698814] PCI host bridge to bus 0000:00
[    0.700671] pci_bus 0000:00: root bus resource [io  0x0000-0x0cf7 window]
[    0.707661] pci_bus 0000:00: root bus resource [io  0x0d00-0xffff window]
[    0.714660] pci_bus 0000:00: root bus resource [mem 0x000a0000-0x000bffff window]
[    0.721660] pci_bus 0000:00: root bus resource [mem 0x80000000-0xfebfffff window]
[    0.724665] pci_bus 0000:00: root bus resource [mem 0x100000000-0x17fffffff window]
[    0.732661] pci_bus 0000:00: root bus resource [bus 00-ff]
[    0.738829] pci 0000:00:00.0: [8086:1237] type 00 class 0x060000 conventional PCI endpoint
[    0.744319] pci 0000:00:01.0: [8086:7000] type 00 class 0x060100 conventional PCI endpoint
[    0.753184] pci 0000:00:01.1: [8086:7010] type 00 class 0x010180 conventional PCI endpoint
[    0.760373] pci 0000:00:01.1: BAR 4 [io  0xc060-0xc06f]
[    0.765105] pci 0000:00:01.1: BAR 0 [io  0x01f0-0x01f7]: legacy IDE quirk
[    0.768659] pci 0000:00:01.1: BAR 1 [io  0x03f6]: legacy IDE quirk
[    0.771662] pci 0000:00:01.1: BAR 2 [io  0x0170-0x0177]: legacy IDE quirk
[    0.775655] pci 0000:00:01.1: BAR 3 [io  0x0376]: legacy IDE quirk
[    0.779397] pci 0000:00:01.3: [8086:7113] type 00 class 0x068000 conventional PCI endpoint
[    0.784564] pci 0000:00:01.3: quirk: [io  0x0600-0x063f] claimed by PIIX4 ACPI
[    0.785713] pci 0000:00:01.3: quirk: [io  0x0700-0x070f] claimed by PIIX4 SMB
[    0.791065] pci 0000:00:02.0: [1af4:1009] type 00 class 0x000200 conventional PCI endpoint
[    0.796500] pci 0000:00:02.0: BAR 0 [io  0xc000-0xc03f]
[    0.800417] pci 0000:00:02.0: BAR 1 [mem 0xfebfe000-0xfebfefff]
[    0.807426] pci 0000:00:02.0: BAR 4 [mem 0xfebf4000-0xfebf7fff 64bit pref]
[    0.815217] pci 0000:00:03.0: [1af4:1009] type 00 class 0x000200 conventional PCI endpoint
[    0.816662] pci 0000:00:03.0: BAR 0 [io  0xc040-0xc05f]
[    0.819657] pci 0000:00:03.0: BAR 1 [mem 0xfebff000-0xfebfffff]
[    0.826660] pci 0000:00:03.0: BAR 4 [mem 0xfebf8000-0xfebfbfff 64bit pref]
[    0.839559] ACPI: PCI: Interrupt link LNKA configured for IRQ 10
[    0.842936] ACPI: PCI: Interrupt link LNKB configured for IRQ 10
[    0.844931] ACPI: PCI: Interrupt link LNKC configured for IRQ 11
[    0.847937] ACPI: PCI: Interrupt link LNKD configured for IRQ 11
[    0.850839] ACPI: PCI: Interrupt link LNKS configured for IRQ 9
[    0.854186] iommu: Default domain type: Translated
[    0.856657] iommu: DMA domain TLB invalidation policy: lazy mode
[    0.858786] SCSI subsystem initialized
[    0.861671] ACPI: bus type USB registered
[    0.862712] usbcore: registered new interface driver usbfs
[    0.863673] usbcore: registered new interface driver hub
[    0.864706] usbcore: registered new device driver usb
[    0.865707] pps_core: LinuxPPS API ver. 1 registered
[    0.866663] pps_core: Software ver. 5.3.6 - Copyright 2005-2007 Rodolfo Giometti <giometti@linux.it>
[    0.867924] PTP clock support registered
[    0.869583] Advanced Linux Sound Architecture Driver Initialized.
[    0.873922] NetLabel: Initializing
[    0.874632] NetLabel:  domain hash size = 128
[    0.876651] NetLabel:  protocols = UNLABELED CIPSOv4 CALIPSO
[    0.882690] NetLabel:  unlabeled traffic allowed by default
[    0.888796] mctp: management component transport protocol core
[    0.891673] NET: Registered PF_MCTP protocol family
[    0.893687] PCI: Using ACPI for IRQ routing
[    0.904165] vgaarb: loaded
[    0.905763] hpet0: at MMIO 0xfed00000, IRQs 2, 8, 0
[    0.911660] hpet0: 3 comparators, 64-bit 100.000000 MHz counter
[    0.925668] clocksource: Switched to clocksource kvm-clock
[    0.928745] VFS: Disk quotas dquot_6.6.0
[    0.934817] VFS: Dquot-cache hash table entries: 512 (order 0, 4096 bytes)
[    0.942995] pnp: PnP ACPI init
[    0.944946] pnp: PnP ACPI: found 5 devices
[    1.012753] clocksource: acpi_pm: mask: 0xffffff max_cycles: 0xffffff, max_idle_ns: 2085701024 ns
[    1.025789] NET: Registered PF_INET protocol family
[    1.039176] IP idents hash table entries: 32768 (order: 6, 262144 bytes, linear)
[    1.046535] tcp_listen_portaddr_hash hash table entries: 1024 (order: 2, 16384 bytes, linear)
[    1.064051] Table-perturb hash table entries: 65536 (order: 6, 262144 bytes, linear)
[    1.074355] TCP established hash table entries: 16384 (order: 5, 131072 bytes, linear)
[    1.108610] TCP bind hash table entries: 16384 (order: 7, 524288 bytes, linear)
[    1.116111] TCP: Hash tables configured (established 16384 bind 16384)
[    1.123194] UDP hash table entries: 1024 (order: 3, 32768 bytes, linear)
[    1.130518] UDP-Lite hash table entries: 1024 (order: 3, 32768 bytes, linear)
[    1.137653] NET: Registered PF_UNIX/PF_LOCAL protocol family
[    1.145679] RPC: Registered named UNIX socket transport module.
[    1.148344] RPC: Registered udp transport module.
[    1.150401] RPC: Registered tcp transport module.
[    1.152433] RPC: Registered tcp-with-tls transport module.
[    1.159086] RPC: Registered tcp NFSv4.1 backchannel transport module.
[    1.173144] pci_bus 0000:00: resource 4 [io  0x0000-0x0cf7 window]
[    1.176018] pci_bus 0000:00: resource 5 [io  0x0d00-0xffff window]
[    1.179527] pci_bus 0000:00: resource 6 [mem 0x000a0000-0x000bffff window]
[    1.182662] pci_bus 0000:00: resource 7 [mem 0x80000000-0xfebfffff window]
[    1.185656] pci_bus 0000:00: resource 8 [mem 0x100000000-0x17fffffff window]
[    1.193128] pci 0000:00:01.0: PIIX3: Enabling Passive Release
[    1.199486] pci 0000:00:00.0: Limiting direct PCI/PCI transfers
[    1.202249] PCI: CLS 0 bytes, default 64
[    1.213287] RAPL PMU: API unit is 2^-32 Joules, 0 fixed counters, 10737418240 ms ovfl timer
[    1.247054] clocksource: tsc: mask: 0xffffffffffffffff max_cycles: 0x22df1149949, max_idle_ns: 440795312789 ns
[    1.274950] Initialise system trusted keyrings
[    1.281252] workingset: timestamp_bits=56 max_order=19 bucket_order=0
[    1.289868] NFS: Registering the id_resolver key type
[    1.291793] Key type id_resolver registered
[    1.297930] Key type id_legacy registered
[    1.299857] 9p: Installing v9fs 9p2000 file system support
[    1.380021] Key type asymmetric registered
[    1.382041] Asymmetric key parser 'x509' registered
[    1.393843] Block layer SCSI generic (bsg) driver version 0.4 loaded (major 251)
[    1.397074] io scheduler mq-deadline registered
[    1.398985] io scheduler kyber registered
[    1.427581] input: Power Button as /devices/LNXSYSTM:00/LNXPWRBN:00/input/input0
[    1.443247] ACPI: button: Power Button [PWRF]
[    1.522309] ACPI: \_SB_.LNKB: Enabled at IRQ 10
[    1.580580] ACPI: \_SB_.LNKC: Enabled at IRQ 11
[    1.610570] Serial: 8250/16550 driver, 4 ports, IRQ sharing enabled
[    1.615264] 00:03: ttyS0 at I/O 0x3f8 (irq = 4, base_baud = 115200) is a 16550A
[    1.626920] Non-volatile memory driver v1.3
[    1.638197] Linux agpgart interface v0.103
[    1.651961] ACPI: bus type drm_connector registered
[    1.680686] loop: module loaded
[    1.689732] scsi host0: ata_piix
[    1.693514] scsi host1: ata_piix
[    1.695122] ata1: PATA max MWDMA2 cmd 0x1f0 ctl 0x3f6 bmdma 0xc060 irq 14 lpm-pol 0
[    1.703132] ata2: PATA max MWDMA2 cmd 0x170 ctl 0x376 bmdma 0xc068 irq 15 lpm-pol 0
[    1.711081] e100: Intel(R) PRO/100 Network Driver
[    1.718047] e100: Copyright(c) 1999-2006 Intel Corporation
[    1.720539] e1000: Intel(R) PRO/1000 Network Driver
[    1.726997] e1000: Copyright (c) 1999-2006 Intel Corporation.
[    1.733597] e1000e: Intel(R) PRO/1000 Network Driver
[    1.735774] e1000e: Copyright(c) 1999 - 2015 Intel Corporation.
[    1.743843] sky2: driver version 1.30
[    1.749276] usbcore: registered new interface driver usblp
[    1.751808] usbcore: registered new interface driver usb-storage
[    1.759592] i8042: PNP: PS/2 Controller [PNP0303:KBD,PNP0f13:MOU] at 0x60,0x64 irq 1,12
[    1.770281] serio: i8042 KBD port at 0x60,0x64 irq 1
[    1.772593] serio: i8042 AUX port at 0x60,0x64 irq 12
[    1.787155] input: AT Translated Set 2 keyboard as /devices/platform/i8042/serio0/input/input1
[    1.797934] rtc_cmos 00:04: RTC can wake from S4
[    1.806815] rtc_cmos 00:04: registered as rtc0
[    1.813476] rtc_cmos 00:04: alarms up to one day, y3k, 242 bytes nvram, hpet irqs
[    1.816871] device-mapper: ioctl: 4.48.0-ioctl (2023-03-01) initialised: dm-devel@lists.linux.dev
[    1.829817] intel_pstate: CPU model not supported
[    1.832377] hid: raw HID events driver (C) Jiri Kosina
[    1.839084] usbcore: registered new interface driver usbhid
[    1.846434] usbhid: USB HID core driver
[    1.861437] Initializing XFRM netlink socket
[    1.863922] NET: Registered PF_INET6 protocol family
[    1.881883] Segment Routing with IPv6
[    1.883717] In-situ OAM (IOAM) with IPv6
[    1.891413] sit: IPv6, IPv4 and MPLS over IPv4 tunneling driver
[    1.893829] NET: Registered PF_PACKET protocol family
[    1.895838] 9pnet: Installing 9P2000 support
[    1.918169] Key type dns_resolver registered
[    1.921025] IPI shorthand broadcast: enabled
[    1.932583] sched_clock: Marking stable (1617054486, 315314449)->(2232018693, -299649758)
[    1.945848] registered taskstats version 1
[    1.950741] Loading compiled-in X.509 certificates
[    1.961771] Demotion targets for Node 0: null
[    1.964050] PM:   Magic number: 10:445:698
[    1.977778] printk: legacy console [netcon0] enabled
[    1.982116] netconsole: network logging started
[    1.984600] cfg80211: Loading compiled-in X.509 certificates for regulatory database
[    1.990578] kworker/u8:1 (61) used greatest stack depth: 14408 bytes left
[    1.993636] Loaded X.509 cert 'sforshee: 00b28ddf47aef9cea7'
[    2.008130] Loaded X.509 cert 'wens: 61c038651aabdcf94bd0ac7ff06c7248db18c600'
[    2.011168] platform regulatory.0: Direct firmware load for regulatory.db failed with error -2
[    2.020474] ALSA device list:
[    2.024472] cfg80211: failed to load regulatory.db
[    2.034582]   No soundcards found.
[    2.455008] input: ImExPS/2 Generic Explorer Mouse as /devices/platform/i8042/serio1/input/input3
[    2.461208] md: Waiting for all devices to be available before autodetect
[    2.463158] md: If you don't use raid, use raid=noautodetect
[    2.464867] md: Autodetecting RAID arrays.
[    2.470214] md: autorun ...
[    2.471019] md: ... autorun DONE.
[    2.485872] VFS: Mounted root (9p filesystem) readonly on device 0:19.
[    2.502417] devtmpfs: mounted
[    2.504001] Freeing unused kernel image (initmem) memory: 2820K
[    2.505851] Write protecting the kernel read-only data: 26624k
[    2.517790] Freeing unused kernel image (rodata/data gap) memory: 1040K
[    2.558099] x86/mm: Checked W+X mappings: passed, no W+X pages found.
[    2.559760] Run /home/key/spdm-lab/w9/run/init.sh as init process
[    2.874560] mount (64) used greatest stack depth: 13400 bytes left
[    2.942937] mount (65) used greatest stack depth: 13304 bytes left
guest_init: Linux 6.12.110 x86_64
guest_init: AF_MCTP is checked below
[    3.710116] ip (92) used greatest stack depth: 12872 bytes left
[   11.138029] hrtimer: interrupt took 12264547 ns
guest_init: payload exited 0
dev mctpserial1 index 4 address none net 1 mtu 68 up
eid 9 net 1 dev mctpserial1
eid min 8 max 8 net 1 dev mctpserial1 mtu 0
eid min 9 max 9 net 1 dev mctpserial1 mtu 0
### sysfs mtu
A mctpserial0 mtu 68
B mctpserial1 mtu 68

======== calibration replay
# length  acked  predicted_packets
       1      1                  1
      60     60                  1
      63     63                  1
      64     64                  2
      65     65                  2
     119    119                  2
     127    127                  2
     128    128                  3
     177    177                  3
    1024   1024                 17
    4352   4352                 69
   16853  16853                264

======== arm A0  (--meas_op ALL --asym ECDSA_P384 --dhe SECP_384_R1 --pqc_asym NONE --kem NONE)
requester exited 0
requester bridge: 11 SPDM exchanges, 2 control exchanges
responder bridge: 11 SPDM exchanges, 2 control exchanges

======== arm P2  (--meas_op ALL --asym NONE --dhe NONE --pqc_asym ML_DSA_65 --kem ML_KEM_768 --pqc_first TRUE)
requester exited 0
requester bridge: 23 SPDM exchanges, 2 control exchanges
responder bridge: 23 SPDM exchanges, 2 control exchanges

======== interface counters at the end
A tx_packets 405
A rx_packets 1050
B tx_packets 1050
B rx_packets 405
A rx_errors  0
A tx_dropped 0
guest_init: powering off (status 0)
[   19.007165] ACPI: PM: Preparing to enter system sleep state S5
[   19.009751] reboot: Power down
