[    0.000000] Linux version 6.12.110 (key@K) (gcc (Ubuntu 13.3.0-6ubuntu2~24.04.1) 13.3.0, GNU ld (GNU Binutils for Ubuntu) 2.42) #1 SMP PREEMPT_DYNAMIC Fri Sep 18 02:55:06 CST 2026
[    0.000000] Command line: root=/dev/root rootfstype=9p rootflags=trans=virtio,version=9p2000.L,cache=loose,msize=262144 ro console=ttyS0 panic=5 init=/home/key/spdm-lab/w9/run/init.sh
[    0.000000] BIOS-provided physical RAM map:
[    0.000000] BIOS-e820: [mem 0x0000000000000000-0x000000000009fbff] usable
[    0.000000] BIOS-e820: [mem 0x000000000009fc00-0x000000000009ffff] reserved
[    0.000000] BIOS-e820: [mem 0x00000000000f0000-0x00000000000fffff] reserved
[    0.000000] BIOS-e820: [mem 0x0000000000100000-0x000000007ffdffff] usable
[    0.000000] BIOS-e820: [mem 0x000000007ffe0000-0x000000007fffffff] reserved
[    0.000000] BIOS-e820: [mem 0x00000000feffc000-0x00000000feffffff] reserved
[    0.000000] BIOS-e820: [mem 0x00000000fffc0000-0x00000000ffffffff] reserved
[    0.000000] NX (Execute Disable) protection: active
[    0.000000] APIC: Static calls initialized
[    0.000000] SMBIOS 3.0.0 present.
[    0.000000] DMI: QEMU Ubuntu 24.04 PC v2 (i440FX + PIIX, arch_caps fix, 1996), BIOS 1.16.3-debian-1.16.3-2 04/01/2014
[    0.000000] DMI: Memory slots populated: 1/1
[    0.000000] Hypervisor detected: KVM
[    0.000000] last_pfn = 0x7ffe0 max_arch_pfn = 0x400000000
[    0.000000] kvm-clock: Using msrs 4b564d01 and 4b564d00
[    0.000002] kvm-clock: using sched offset of 733768611 cycles
[    0.000007] clocksource: kvm-clock: mask: 0xffffffffffffffff max_cycles: 0x1cd42e4dffb, max_idle_ns: 881590591483 ns
[    0.000011] tsc: Detected 2419.200 MHz processor
[    0.000885] last_pfn = 0x7ffe0 max_arch_pfn = 0x400000000
[    0.001137] MTRR map: 4 entries (3 fixed + 1 variable; max 19), built from 8 variable MTRRs
[    0.001185] x86/PAT: Configuration [0-7]: WB  WC  UC- UC  WB  WP  UC- WT  
[    0.013275] found SMP MP-table at [mem 0x000f5470-0x000f547f]
[    0.013314] Using GB pages for direct mapping
[    0.013592] ACPI: Early table checksum verification disabled
[    0.013599] ACPI: RSDP 0x00000000000F5280 000014 (v00 BOCHS )
[    0.013684] ACPI: RSDT 0x000000007FFE1C8A 000034 (v01 BOCHS  BXPC     00000001 BXPC 00000001)
[    0.013695] ACPI: FACP 0x000000007FFE1B36 000074 (v01 BOCHS  BXPC     00000001 BXPC 00000001)
[    0.013704] ACPI: DSDT 0x000000007FFE0040 001AF6 (v01 BOCHS  BXPC     00000001 BXPC 00000001)
[    0.013709] ACPI: FACS 0x000000007FFE0000 000040
[    0.013714] ACPI: APIC 0x000000007FFE1BAA 000080 (v03 BOCHS  BXPC     00000001 BXPC 00000001)
[    0.013720] ACPI: HPET 0x000000007FFE1C2A 000038 (v01 BOCHS  BXPC     00000001 BXPC 00000001)
[    0.013726] ACPI: WAET 0x000000007FFE1C62 000028 (v01 BOCHS  BXPC     00000001 BXPC 00000001)
[    0.013730] ACPI: Reserving FACP table memory at [mem 0x7ffe1b36-0x7ffe1ba9]
[    0.013733] ACPI: Reserving DSDT table memory at [mem 0x7ffe0040-0x7ffe1b35]
[    0.013734] ACPI: Reserving FACS table memory at [mem 0x7ffe0000-0x7ffe003f]
[    0.013736] ACPI: Reserving APIC table memory at [mem 0x7ffe1baa-0x7ffe1c29]
[    0.013737] ACPI: Reserving HPET table memory at [mem 0x7ffe1c2a-0x7ffe1c61]
[    0.013738] ACPI: Reserving WAET table memory at [mem 0x7ffe1c62-0x7ffe1c89]
[    0.015473] No NUMA configuration found
[    0.015478] Faking a node at [mem 0x0000000000000000-0x000000007ffdffff]
[    0.015487] NODE_DATA(0) allocated [mem 0x7ffdc940-0x7ffdffff]
[    0.015513] Zone ranges:
[    0.015514]   DMA      [mem 0x0000000000001000-0x0000000000ffffff]
[    0.015517]   DMA32    [mem 0x0000000001000000-0x000000007ffdffff]
[    0.015519]   Normal   empty
[    0.015521] Movable zone start for each node
[    0.015522] Early memory node ranges
[    0.015523]   node   0: [mem 0x0000000000001000-0x000000000009efff]
[    0.015525]   node   0: [mem 0x0000000000100000-0x000000007ffdffff]
[    0.015527] Initmem setup node 0 [mem 0x0000000000001000-0x000000007ffdffff]
[    0.018844] On node 0, zone DMA: 1 pages in unavailable ranges
[    0.018872] On node 0, zone DMA: 97 pages in unavailable ranges
[    0.061863] On node 0, zone DMA32: 32 pages in unavailable ranges
[    0.064347] ACPI: PM-Timer IO Port: 0x608
[    0.064382] ACPI: LAPIC_NMI (acpi_id[0xff] dfl dfl lint[0x1])
[    0.064535] IOAPIC[0]: apic_id 0, version 17, address 0xfec00000, GSI 0-23
[    0.064541] ACPI: INT_SRC_OVR (bus 0 bus_irq 0 global_irq 2 dfl dfl)
[    0.064544] ACPI: INT_SRC_OVR (bus 0 bus_irq 5 global_irq 5 high level)
[    0.064547] ACPI: INT_SRC_OVR (bus 0 bus_irq 9 global_irq 9 high level)
[    0.064548] ACPI: INT_SRC_OVR (bus 0 bus_irq 10 global_irq 10 high level)
[    0.064550] ACPI: INT_SRC_OVR (bus 0 bus_irq 11 global_irq 11 high level)
[    0.064557] ACPI: Using ACPI (MADT) for SMP configuration information
[    0.064559] ACPI: HPET id: 0x8086a201 base: 0xfed00000
[    0.064566] TSC deadline timer available
[    0.064574] CPU topo: Max. logical packages:   1
[    0.064576] CPU topo: Max. logical dies:       1
[    0.064577] CPU topo: Max. dies per package:   1
[    0.064584] CPU topo: Max. threads per core:   1
[    0.064585] CPU topo: Num. cores per package:     2
[    0.064586] CPU topo: Num. threads per package:   2
[    0.064587] CPU topo: Allowing 2 present CPUs plus 0 hotplug CPUs
[    0.064634] kvm-guest: APIC: eoi() replaced with kvm_guest_apic_eoi_write()
[    0.064718] kvm-guest: KVM setup pv remote TLB flush
[    0.064743] kvm-guest: setup PV sched yield
[    0.064754] PM: hibernation: Registered nosave memory: [mem 0x00000000-0x00000fff]
[    0.064757] PM: hibernation: Registered nosave memory: [mem 0x0009f000-0x000fffff]
[    0.064759] [mem 0x80000000-0xfeffbfff] available for PCI devices
[    0.064762] Booting paravirtualized kernel on KVM
[    0.064764] clocksource: refined-jiffies: mask: 0xffffffff max_cycles: 0xffffffff, max_idle_ns: 1910969940391419 ns
[    0.075113] setup_percpu: NR_CPUS:64 nr_cpumask_bits:2 nr_cpu_ids:2 nr_node_ids:1
[    0.077451] percpu: Embedded 56 pages/cpu s192216 r8192 d28968 u1048576
[    0.077583] Kernel command line: root=/dev/root rootfstype=9p rootflags=trans=virtio,version=9p2000.L,cache=loose,msize=262144 ro console=ttyS0 panic=5 init=/home/key/spdm-lab/w9/run/init.sh
[    0.077644] random: crng init done
[    0.079969] Dentry cache hash table entries: 262144 (order: 9, 2097152 bytes, linear)
[    0.080298] Inode-cache hash table entries: 131072 (order: 8, 1048576 bytes, linear)
[    0.080455] Fallback order for Node 0: 0 
[    0.080461] Built 1 zonelists, mobility grouping on.  Total pages: 524158
[    0.080463] Policy zone: DMA32
[    0.080465] mem auto-init: stack:all(zero), heap alloc:off, heap free:off
[    0.088704] SLUB: HWalign=64, Order=0-3, MinObjects=0, CPUs=2, Nodes=1
[    0.090883] Dynamic Preempt: voluntary
[    0.093799] rcu: Preemptible hierarchical RCU implementation.
[    0.093803] rcu: 	RCU event tracing is enabled.
[    0.093803] rcu: 	RCU restricting CPUs from NR_CPUS=64 to nr_cpu_ids=2.
[    0.093807] 	Trampoline variant of Tasks RCU enabled.
[    0.093808] 	Tracing variant of Tasks RCU enabled.
[    0.093809] rcu: RCU calculated value of scheduler-enlistment delay is 100 jiffies.
[    0.093811] rcu: Adjusting geometry for rcu_fanout_leaf=16, nr_cpu_ids=2
[    0.093822] RCU Tasks: Setting shift to 1 and lim to 1 rcu_task_cb_adjust=1 rcu_task_cpu_ids=2.
[    0.093826] RCU Tasks Trace: Setting shift to 1 and lim to 1 rcu_task_cb_adjust=1 rcu_task_cpu_ids=2.
[    0.100364] NR_IRQS: 4352, nr_irqs: 440, preallocated irqs: 16
[    0.100815] rcu: srcu_init: Setting srcu_struct sizes based on contention.
[    0.100848] clocksource: jiffies: mask: 0xffffffff max_cycles: 0xffffffff, max_idle_ns: 1911260446275000 ns
[    0.101342] Console: colour *CGA 80x25
[    0.101683] printk: legacy console [ttyS0] enabled
[    0.740067] ACPI: Core revision 20240827
[    0.744051] clocksource: hpet: mask: 0xffffffff max_cycles: 0xffffffff, max_idle_ns: 19112604467 ns
[    0.754964] APIC: Switch to symmetric I/O mode setup
[    0.757838] kvm-guest: APIC: send_IPI_mask() replaced with kvm_send_ipi_mask()
[    0.767039] kvm-guest: APIC: send_IPI_mask_allbutself() replaced with kvm_send_ipi_mask_allbutself()
[    0.776904] kvm-guest: setup PV IPIs
[    0.791809] ..TIMER: vector=0x30 apic1=0 pin1=2 apic2=-1 pin2=-1
[    0.795572] clocksource: tsc-early: mask: 0xffffffffffffffff max_cycles: 0x22df1149949, max_idle_ns: 440795312789 ns
[    0.810499] Calibrating delay loop (skipped) preset value.. 4838.40 BogoMIPS (lpj=2419200)
[    0.813531] x86/cpu: User Mode Instruction Prevention (UMIP) activated
[    0.815129] Last level iTLB entries: 4KB 0, 2MB 0, 4MB 0
[    0.816490] Last level dTLB entries: 4KB 0, 2MB 0, 4MB 0, 1GB 0
[    0.817547] Spectre V1 : Mitigation: usercopy/swapgs barriers and __user pointer sanitization
[    0.818523] Spectre V2 : Spectre BHI mitigation: SW BHB clearing on syscall and VM exit
[    0.819504] Spectre V2 : Mitigation: Enhanced / Automatic IBRS
[    0.820490] Spectre V2 : Spectre v2 / PBRSB-eIBRS: Retire a single CALL on VMEXIT
[    0.820506] RETBleed: Mitigation: Enhanced IBRS
[    0.821740] Spectre V2 : mitigation: Enabling conditional Indirect Branch Prediction Barrier
[    0.822553] Speculative Store Bypass: Mitigation: Speculative Store Bypass disabled via prctl
[    0.824513] GDS: Unknown: Dependent on hypervisor status
[    0.826517] active return thunk: its_return_thunk
[    0.827517] ITS: Mitigation: Aligned branch/return thunks
[    0.829644] x86/fpu: Supporting XSAVE feature 0x001: 'x87 floating point registers'
[    0.830505] x86/fpu: Supporting XSAVE feature 0x002: 'SSE registers'
[    0.831504] x86/fpu: Supporting XSAVE feature 0x004: 'AVX registers'
[    0.832507] x86/fpu: Supporting XSAVE feature 0x020: 'AVX-512 opmask'
[    0.833503] x86/fpu: Supporting XSAVE feature 0x040: 'AVX-512 Hi256'
[    0.834502] x86/fpu: Supporting XSAVE feature 0x080: 'AVX-512 ZMM_Hi256'
[    0.835503] x86/fpu: xstate_offset[2]:  576, xstate_sizes[2]:  256
[    0.838510] x86/fpu: xstate_offset[5]:  832, xstate_sizes[5]:   64
[    0.839504] x86/fpu: xstate_offset[6]:  896, xstate_sizes[6]:  512
[    0.840504] x86/fpu: xstate_offset[7]: 1408, xstate_sizes[7]: 1024
[    0.841502] x86/fpu: Enabled xstate features 0xe7, context size is 2432 bytes, using 'compacted' format.
[    0.910490] Freeing SMP alternatives memory: 52K
[    0.910508] pid_max: default: 32768 minimum: 301
[    0.911644] LSM: initializing lsm=capability,selinux
[    0.912490] SELinux:  Initializing.
[    0.912791] Mount-cache hash table entries: 4096 (order: 3, 32768 bytes, linear)
[    0.913510] Mountpoint-cache hash table entries: 4096 (order: 3, 32768 bytes, linear)
[    0.914490] smpboot: CPU0: 11th Gen Intel(R) Core(TM) i5-1135G7 @ 2.40GHz (family: 0x6, model: 0x8c, stepping: 0x1)
[    0.915813] Performance Events: Icelake events, full-width counters, Intel PMU driver.
[    0.916565] ... version:                2
[    0.917518] ... bit width:              48
[    0.918536] ... generic registers:      8
[    0.919543] ... value mask:             0000ffffffffffff
[    0.920528] ... max period:             00007fffffffffff
[    0.921528] ... fixed-purpose events:   3
[    0.922525] ... event mask:             00000007000000ff
[    0.924424] signal: max sigframe size: 3632
[    0.924669] rcu: Hierarchical SRCU implementation.
[    0.925526] rcu: 	Max phase no-delay instances is 400.
[    0.926636] Timer migration: 1 hierarchy levels; 8 children per group; 1 crossnode level
[    0.932006] smp: Bringing up secondary CPUs ...
[    0.932818] smpboot: x86: Booting SMP configuration:
[    0.933532] .... node  #0, CPUs:      #1
[    0.941870] smp: Brought up 1 node, 2 CPUs
[    0.943523] smpboot: Total of 2 processors activated (9676.80 BogoMIPS)
[    0.955215] Memory: 2017012K/2096632K available (18432K kernel code, 2872K rwdata, 7152K rodata, 2820K init, 880K bss, 75920K reserved, 0K cma-reserved)
[    0.958205] devtmpfs: initialized
[    0.958490] futex hash table entries: 512 (order: 3, 32768 bytes, linear)
[    0.960218] PM: RTC time: 19:38:12, date: 2026-09-17
[    0.964733] NET: Registered PF_NETLINK/PF_ROUTE protocol family
[    0.971684] audit: initializing netlink subsys (disabled)
[    0.976681] thermal_sys: Registered thermal governor 'step_wise'
[    0.976687] thermal_sys: Registered thermal governor 'user_space'
[    0.976532] audit: type=2000 audit(1789673891.194:1): state=initialized audit_enabled=0 res=1
[    0.989511] cpuidle: using governor menu
[    0.994564] PCI: Using configuration type 1 for base access
[    1.000582] kprobes: kprobe jump-optimization is enabled. All kprobes are optimized if possible.
[    1.026521] HugeTLB: registered 2.00 MiB page size, pre-allocated 0 pages
[    1.030518] HugeTLB: 28 KiB vmemmap can be freed for a 2.00 MiB page
[    1.039658] ACPI: Added _OSI(Module Device)
[    1.039658] ACPI: Added _OSI(Processor Device)
[    1.043531] ACPI: Added _OSI(Processor Aggregator Device)
[    1.048364] ACPI: 1 ACPI AML tables successfully acquired and loaded
[    1.074729] ACPI: Interpreter enabled
[    1.074729] ACPI: PM: (supports S0 S3 S4 S5)
[    1.074729] ACPI: Using IOAPIC for interrupt routing
[    1.078567] PCI: Using host bridge windows from ACPI; if necessary, use "pci=nocrs" and report a bug
[    1.085515] PCI: Using E820 reservations for host bridge windows
[    1.089741] ACPI: Enabled 2 GPEs in block 00 to 0F
[    1.098490] ACPI: PCI Root Bridge [PCI0] (domain 0000 [bus 00-ff])
[    1.101545] acpi PNP0A03:00: _OSC: OS supports [ASPM ClockPM Segments MSI HPX-Type3]
[    1.105530] acpi PNP0A03:00: _OSC: not requesting OS control; OS requires [ExtendedConfig ASPM ClockPM MSI]
[    1.110550] acpi PNP0A03:00: fail to add MMCONFIG information, can't access extended configuration space under this bridge
[    1.118733] PCI host bridge to bus 0000:00
[    1.118733] pci_bus 0000:00: root bus resource [io  0x0000-0x0cf7 window]
[    1.126521] pci_bus 0000:00: root bus resource [io  0x0d00-0xffff window]
[    1.130522] pci_bus 0000:00: root bus resource [mem 0x000a0000-0x000bffff window]
[    1.132533] pci_bus 0000:00: root bus resource [mem 0x80000000-0xfebfffff window]
[    1.136526] pci_bus 0000:00: root bus resource [mem 0x100000000-0x17fffffff window]
[    1.136530] pci_bus 0000:00: root bus resource [bus 00-ff]
[    1.140743] pci 0000:00:00.0: [8086:1237] type 00 class 0x060000 conventional PCI endpoint
[    1.148490] pci 0000:00:01.0: [8086:7000] type 00 class 0x060100 conventional PCI endpoint
[    1.167617] pci 0000:00:01.1: [8086:7010] type 00 class 0x010180 conventional PCI endpoint
[    1.186519] pci 0000:00:01.1: BAR 4 [io  0xc060-0xc06f]
[    1.191628] pci 0000:00:01.1: BAR 0 [io  0x01f0-0x01f7]: legacy IDE quirk
[    1.199522] pci 0000:00:01.1: BAR 1 [io  0x03f6]: legacy IDE quirk
[    1.203522] pci 0000:00:01.1: BAR 2 [io  0x0170-0x0177]: legacy IDE quirk
[    1.208524] pci 0000:00:01.1: BAR 3 [io  0x0376]: legacy IDE quirk
[    1.212905] pci 0000:00:01.3: [8086:7113] type 00 class 0x068000 conventional PCI endpoint
[    1.220333] pci 0000:00:01.3: quirk: [io  0x0600-0x063f] claimed by PIIX4 ACPI
[    1.227589] pci 0000:00:01.3: quirk: [io  0x0700-0x070f] claimed by PIIX4 SMB
[    1.239830] pci 0000:00:01.3: quirk_piix4_acpi+0x0/0x180 took 18554 usecs
[    1.242388] pci 0000:00:02.0: [1af4:1009] type 00 class 0x000200 conventional PCI endpoint
[    1.242490] pci 0000:00:02.0: BAR 0 [io  0xc000-0xc03f]
[    1.246538] pci 0000:00:02.0: BAR 1 [mem 0xfebfe000-0xfebfefff]
[    1.266653] pci 0000:00:02.0: BAR 4 [mem 0xfebf4000-0xfebf7fff 64bit pref]
[    1.275186] pci 0000:00:03.0: [1af4:1009] type 00 class 0x000200 conventional PCI endpoint
[    1.290448] pci 0000:00:03.0: BAR 0 [io  0xc040-0xc05f]
[    1.296466] pci 0000:00:03.0: BAR 1 [mem 0xfebff000-0xfebfffff]
[    1.317549] pci 0000:00:03.0: BAR 4 [mem 0xfebf8000-0xfebfbfff 64bit pref]
[    1.343020] ACPI: PCI: Interrupt link LNKA configured for IRQ 10
[    1.352159] ACPI: PCI: Interrupt link LNKB configured for IRQ 10
[    1.365941] ACPI: PCI: Interrupt link LNKC configured for IRQ 11
[    1.370862] ACPI: PCI: Interrupt link LNKD configured for IRQ 11
[    1.385780] ACPI: PCI: Interrupt link LNKS configured for IRQ 9
[    1.395940] iommu: Default domain type: Translated
[    1.400517] iommu: DMA domain TLB invalidation policy: lazy mode
[    1.411765] SCSI subsystem initialized
[    1.416172] ACPI: bus type USB registered
[    1.416658] usbcore: registered new interface driver usbfs
[    1.417702] usbcore: registered new interface driver hub
[    1.418615] usbcore: registered new device driver usb
[    1.419590] pps_core: LinuxPPS API ver. 1 registered
[    1.420658] pps_core: Software ver. 5.3.6 - Copyright 2005-2007 Rodolfo Giometti <giometti@linux.it>
[    1.421552] PTP clock support registered
[    1.424666] Advanced Linux Sound Architecture Driver Initialized.
[    1.426444] NetLabel: Initializing
[    1.426515] NetLabel:  domain hash size = 128
[    1.427512] NetLabel:  protocols = UNLABELED CIPSOv4 CALIPSO
[    1.428563] NetLabel:  unlabeled traffic allowed by default
[    1.430561] mctp: management component transport protocol core
[    1.431522] NET: Registered PF_MCTP protocol family
[    1.432530] PCI: Using ACPI for IRQ routing
[    1.434508] vgaarb: loaded
[    1.436153] hpet0: at MMIO 0xfed00000, IRQs 2, 8, 0
[    1.436517] hpet0: 3 comparators, 64-bit 100.000000 MHz counter
[    1.462646] clocksource: Switched to clocksource kvm-clock
[    1.477954] VFS: Disk quotas dquot_6.6.0
[    1.481835] VFS: Dquot-cache hash table entries: 512 (order 0, 4096 bytes)
[    1.506731] pnp: PnP ACPI init
[    1.509915] pnp: PnP ACPI: found 5 devices
[    1.527769] clocksource: acpi_pm: mask: 0xffffff max_cycles: 0xffffff, max_idle_ns: 2085701024 ns
[    1.534772] NET: Registered PF_INET protocol family
[    1.537875] IP idents hash table entries: 32768 (order: 6, 262144 bytes, linear)
[    1.548466] tcp_listen_portaddr_hash hash table entries: 1024 (order: 2, 16384 bytes, linear)
[    1.554460] Table-perturb hash table entries: 65536 (order: 6, 262144 bytes, linear)
[    1.559734] TCP established hash table entries: 16384 (order: 5, 131072 bytes, linear)
[    1.569390] TCP bind hash table entries: 16384 (order: 7, 524288 bytes, linear)
[    1.573897] TCP: Hash tables configured (established 16384 bind 16384)
[    1.577587] UDP hash table entries: 1024 (order: 3, 32768 bytes, linear)
[    1.588268] UDP-Lite hash table entries: 1024 (order: 3, 32768 bytes, linear)
[    1.592563] NET: Registered PF_UNIX/PF_LOCAL protocol family
[    1.634757] RPC: Registered named UNIX socket transport module.
[    1.641595] RPC: Registered udp transport module.
[    1.644433] RPC: Registered tcp transport module.
[    1.651061] RPC: Registered tcp-with-tls transport module.
[    1.654531] RPC: Registered tcp NFSv4.1 backchannel transport module.
[    1.675092] pci_bus 0000:00: resource 4 [io  0x0000-0x0cf7 window]
[    1.678742] pci_bus 0000:00: resource 5 [io  0x0d00-0xffff window]
[    1.684459] pci_bus 0000:00: resource 6 [mem 0x000a0000-0x000bffff window]
[    1.690830] pci_bus 0000:00: resource 7 [mem 0x80000000-0xfebfffff window]
[    1.695484] pci_bus 0000:00: resource 8 [mem 0x100000000-0x17fffffff window]
[    1.708372] pci 0000:00:01.0: PIIX3: Enabling Passive Release
[    1.711888] pci 0000:00:00.0: Limiting direct PCI/PCI transfers
[    1.715454] PCI: CLS 0 bytes, default 64
[    1.737572] RAPL PMU: API unit is 2^-32 Joules, 0 fixed counters, 10737418240 ms ovfl timer
[    1.750568] clocksource: tsc: mask: 0xffffffffffffffff max_cycles: 0x22df1149949, max_idle_ns: 440795312789 ns
[    1.775843] Initialise system trusted keyrings
[    1.778533] workingset: timestamp_bits=56 max_order=19 bucket_order=0
[    1.794623] NFS: Registering the id_resolver key type
[    1.797321] Key type id_resolver registered
[    1.799770] Key type id_legacy registered
[    1.801994] 9p: Installing v9fs 9p2000 file system support
[    1.828750] Key type asymmetric registered
[    1.831331] Asymmetric key parser 'x509' registered
[    1.834180] Block layer SCSI generic (bsg) driver version 0.4 loaded (major 251)
[    1.838717] io scheduler mq-deadline registered
[    1.841471] io scheduler kyber registered
[    1.844213] input: Power Button as /devices/LNXSYSTM:00/LNXPWRBN:00/input/input0
[    1.862640] ACPI: button: Power Button [PWRF]
[    1.906431] ACPI: \_SB_.LNKB: Enabled at IRQ 10
[    1.952730] ACPI: \_SB_.LNKC: Enabled at IRQ 11
[    1.960515] Serial: 8250/16550 driver, 4 ports, IRQ sharing enabled
[    1.971284] 00:03: ttyS0 at I/O 0x3f8 (irq = 4, base_baud = 115200) is a 16550A
[    1.976941] Non-volatile memory driver v1.3
[    1.981196] Linux agpgart interface v0.103
[    1.984209] ACPI: bus type drm_connector registered
[    1.994999] loop: module loaded
[    2.012806] scsi host0: ata_piix
[    2.034727] scsi host1: ata_piix
[    2.036911] ata1: PATA max MWDMA2 cmd 0x1f0 ctl 0x3f6 bmdma 0xc060 irq 14 lpm-pol 0
[    2.043303] ata2: PATA max MWDMA2 cmd 0x170 ctl 0x376 bmdma 0xc068 irq 15 lpm-pol 0
[    2.054979] e100: Intel(R) PRO/100 Network Driver
[    2.059427] e100: Copyright(c) 1999-2006 Intel Corporation
[    2.066567] e1000: Intel(R) PRO/1000 Network Driver
[    2.069754] e1000: Copyright (c) 1999-2006 Intel Corporation.
[    2.079246] e1000e: Intel(R) PRO/1000 Network Driver
[    2.082579] e1000e: Copyright(c) 1999 - 2015 Intel Corporation.
[    2.086430] sky2: driver version 1.30
[    2.090861] usbcore: registered new interface driver usblp
[    2.097273] usbcore: registered new interface driver usb-storage
[    2.101554] i8042: PNP: PS/2 Controller [PNP0303:KBD,PNP0f13:MOU] at 0x60,0x64 irq 1,12
[    2.115355] serio: i8042 KBD port at 0x60,0x64 irq 1
[    2.122448] serio: i8042 AUX port at 0x60,0x64 irq 12
[    2.142793] rtc_cmos 00:04: RTC can wake from S4
[    2.178908] rtc_cmos 00:04: registered as rtc0
[    2.185993] rtc_cmos 00:04: alarms up to one day, y3k, 242 bytes nvram, hpet irqs
[    2.194693] device-mapper: ioctl: 4.48.0-ioctl (2023-03-01) initialised: dm-devel@lists.linux.dev
[    2.201808] intel_pstate: CPU model not supported
[    2.216320] hid: raw HID events driver (C) Jiri Kosina
[    2.236020] usbcore: registered new interface driver usbhid
[    2.239354] usbhid: USB HID core driver
[    2.256736] input: AT Translated Set 2 keyboard as /devices/platform/i8042/serio0/input/input1
[    2.259262] Initializing XFRM netlink socket
[    2.264562] NET: Registered PF_INET6 protocol family
[    2.278764] Segment Routing with IPv6
[    2.281173] In-situ OAM (IOAM) with IPv6
[    2.287820] sit: IPv6, IPv4 and MPLS over IPv4 tunneling driver
[    2.295919] NET: Registered PF_PACKET protocol family
[    2.300599] 9pnet: Installing 9P2000 support
[    2.316172] Key type dns_resolver registered
[    2.323285] IPI shorthand broadcast: enabled
[    2.340825] sched_clock: Marking stable (1641058948, 699644452)->(3660942324, -1320238924)
[    2.347242] registered taskstats version 1
[    2.354562] Loading compiled-in X.509 certificates
[    2.364643] Demotion targets for Node 0: null
[    2.390581] PM:   Magic number: 10:892:647
[    2.393378] scsi_host host1: hash matches
[    2.395959] scsi host1: hash matches
[    2.399110] acpi LNXCPU:00: hash matches
[    2.401762] printk: legacy console [netcon0] enabled
[    2.405145] netconsole: network logging started
[    2.408244] cfg80211: Loading compiled-in X.509 certificates for regulatory database
[    2.422782] kworker/u8:1 (60) used greatest stack depth: 14408 bytes left
[    2.455006] Loaded X.509 cert 'sforshee: 00b28ddf47aef9cea7'
[    2.459292] Loaded X.509 cert 'wens: 61c038651aabdcf94bd0ac7ff06c7248db18c600'
[    2.464380] platform regulatory.0: Direct firmware load for regulatory.db failed with error -2
[    2.465834] ALSA device list:
[    2.476385]   No soundcards found.
[    2.478628] cfg80211: failed to load regulatory.db
[    2.722804] input: ImExPS/2 Generic Explorer Mouse as /devices/platform/i8042/serio1/input/input3
[    2.731056] md: Waiting for all devices to be available before autodetect
[    2.738560] md: If you don't use raid, use raid=noautodetect
[    2.741474] md: Autodetecting RAID arrays.
[    2.747356] md: autorun ...
[    2.748868] md: ... autorun DONE.
[    2.763853] VFS: Mounted root (9p filesystem) readonly on device 0:19.
[    2.775299] devtmpfs: mounted
[    2.777232] Freeing unused kernel image (initmem) memory: 2820K
[    2.783563] Write protecting the kernel read-only data: 26624k
[    2.790604] Freeing unused kernel image (rodata/data gap) memory: 1040K
[    2.836080] x86/mm: Checked W+X mappings: passed, no W+X pages found.
[    2.838810] Run /home/key/spdm-lab/w9/run/init.sh as init process
[    3.319354] hrtimer: interrupt took 4070479 ns
[    3.434873] mount (65) used greatest stack depth: 13400 bytes left
[    3.740969] ln (70) used greatest stack depth: 12680 bytes left
guest_init: Linux 6.12.110 x86_64
guest_init: AF_MCTP is checked below
guest_init: payload exited 0
dev mctpserial1 index 4 address none net 1 mtu 68 up
eid 9 net 1 dev mctpserial1
eid min 8 max 8 net 1 dev mctpserial1 mtu 0
eid min 9 max 9 net 1 dev mctpserial1 mtu 0
### sysfs mtu
A mctpserial0 mtu 68
B mctpserial1 mtu 68

======== calibration replay
# length  acked  predicted_packets
       1      1                  1
      60     60                  1
      63     63                  1
      64     64                  2
      65     65                  2
     119    119                  2
     127    127                  2
     128    128                  3
     177    177                  3
    1024   1024                 17
    4352   4352                 69
   16853  16853                264

======== arm A0  (--meas_op ALL --asym ECDSA_P384 --dhe SECP_384_R1 --pqc_asym NONE --kem NONE)
requester exited 0
requester bridge: 11 SPDM exchanges, 2 control exchanges
responder bridge: 11 SPDM exchanges, 2 control exchanges

======== arm P2  (--meas_op ALL --asym NONE --dhe NONE --pqc_asym ML_DSA_65 --kem ML_KEM_768 --pqc_first TRUE)
requester exited 0
requester bridge: 23 SPDM exchanges, 2 control exchanges
responder bridge: 23 SPDM exchanges, 2 control exchanges

======== interface counters at the end
A tx_packets 405
A rx_packets 1050
B tx_packets 1050
B rx_packets 405
A rx_errors  0
A tx_dropped 0
guest_init: powering off (status 0)
[   25.407529] ACPI: PM: Preparing to enter system sleep state S5
[   25.409611] reboot: Power down
