
======== kernel
Linux 6.12.110 x86_64

======== does this kernel have MCTP
dev lo index 1 address 00:00:00:00:00:00 net 1 mtu 65536 down

======== socat pty pair
/run/out/guest_cmd.sh: line 43: /dev/fd/63: No such file or directory
/run/out/guest_cmd.sh: line 43: /dev/fd/63: No such file or directory
/run/out/guest_cmd.sh: line 43: /dev/fd/63: No such file or directory
/run/out/guest_cmd.sh: line 43: /dev/fd/63: No such file or directory
/run/out/guest_cmd.sh: line 43: /dev/fd/63: No such file or directory
/run/out/guest_cmd.sh: line 43: /dev/fd/63: No such file or directory
/run/out/guest_cmd.sh: line 43: /dev/fd/63: No such file or directory
/run/out/guest_cmd.sh: line 43: /dev/fd/63: No such file or directory
/run/out/guest_cmd.sh: line 43: /dev/fd/63: No such file or directory
/run/out/guest_cmd.sh: line 43: /dev/fd/63: No such file or directory
/run/out/guest_cmd.sh: line 43: /dev/fd/63: No such file or directory
/run/out/guest_cmd.sh: line 43: /dev/fd/63: No such file or directory
/run/out/guest_cmd.sh: line 43: /dev/fd/63: No such file or directory
/run/out/guest_cmd.sh: line 43: /dev/fd/63: No such file or directory
/run/out/guest_cmd.sh: line 43: /dev/fd/63: No such file or directory
/run/out/guest_cmd.sh: line 43: /dev/fd/63: No such file or directory
/run/out/guest_cmd.sh: line 43: /dev/fd/63: No such file or directory
/run/out/guest_cmd.sh: line 43: /dev/fd/63: No such file or directory
/run/out/guest_cmd.sh: line 43: /dev/fd/63: No such file or directory
/run/out/guest_cmd.sh: line 43: /dev/fd/63: No such file or directory
/run/out/guest_cmd.sh: line 43: /dev/fd/63: No such file or directory
/run/out/guest_cmd.sh: line 43: /dev/fd/63: No such file or directory
/run/out/guest_cmd.sh: line 43: /dev/fd/63: No such file or directory
/run/out/guest_cmd.sh: line 43: /dev/fd/63: No such file or directory
/run/out/guest_cmd.sh: line 43: /dev/fd/63: No such file or directory
/run/out/guest_cmd.sh: line 43: /dev/fd/63: No such file or directory
/run/out/guest_cmd.sh: line 43: /dev/fd/63: No such file or directory
/run/out/guest_cmd.sh: line 43: /dev/fd/63: No such file or directory
/run/out/guest_cmd.sh: line 43: /dev/fd/63: No such file or directory
/run/out/guest_cmd.sh: line 43: /dev/fd/63: No such file or directory
/run/out/guest_cmd.sh: line 43: /dev/fd/63: No such file or directory
/run/out/guest_cmd.sh: line 43: /dev/fd/63: No such file or directory
/run/out/guest_cmd.sh: line 43: /dev/fd/63: No such file or directory
/run/out/guest_cmd.sh: line 43: /dev/fd/63: No such file or directory
/run/out/guest_cmd.sh: line 43: /dev/fd/63: No such file or directory
/run/out/guest_cmd.sh: line 43: /dev/fd/63: No such file or directory
/run/out/guest_cmd.sh: line 43: /dev/fd/63: No such file or directory
/run/out/guest_cmd.sh: line 43: /dev/fd/63: No such file or directory
/run/out/guest_cmd.sh: line 43: /dev/fd/63: No such file or directory
/run/out/guest_cmd.sh: line 43: /dev/fd/63: No such file or directory
/run/out/guest_cmd.sh: line 43: /dev/fd/63: No such file or directory
/run/out/guest_cmd.sh: line 43: /dev/fd/63: No such file or directory
/run/out/guest_cmd.sh: line 43: /dev/fd/63: No such file or directory
/run/out/guest_cmd.sh: line 43: /dev/fd/63: No such file or directory
/run/out/guest_cmd.sh: line 43: /dev/fd/63: No such file or directory
/run/out/guest_cmd.sh: line 43: /dev/fd/63: No such file or directory
/run/out/guest_cmd.sh: line 43: /dev/fd/63: No such file or directory
/run/out/guest_cmd.sh: line 43: /dev/fd/63: No such file or directory
/run/out/guest_cmd.sh: line 43: /dev/fd/63: No such file or directory
/run/out/guest_cmd.sh: line 43: /dev/fd/63: No such file or directory
/run/out/guest_cmd.sh: line 43: /dev/fd/63: No such file or directory
/run/out/guest_cmd.sh: line 43: /dev/fd/63: No such file or directory
/run/out/guest_cmd.sh: line 43: /dev/fd/63: No such file or directory
/run/out/guest_cmd.sh: line 43: /dev/fd/63: No such file or directory
/run/out/guest_cmd.sh: line 43: /dev/fd/63: No such file or directory
/run/out/guest_cmd.sh: line 43: /dev/fd/63: No such file or directory
/run/out/guest_cmd.sh: line 43: /dev/fd/63: No such file or directory
/run/out/guest_cmd.sh: line 43: /dev/fd/63: No such file or directory
/run/out/guest_cmd.sh: line 43: /dev/fd/63: No such file or directory
/run/out/guest_cmd.sh: line 43: /dev/fd/63: No such file or directory
FAIL: socat did not report two ptys
2026/09/18 03:11:49 socat[82] N PTY is /dev/pts/0
2026/09/18 03:11:49 socat[82] N PTY is /dev/pts/1
2026/09/18 03:11:49 socat[82] N starting data transfer loop with FDs [5,5] and [7,7]
